<html>
<body>
<pre>
<h1>µVision Build Log</h1>
<h2>Tool Versions:</h2>
IDE-Version: ¦ÌVision V5.25.3.0
Copyright (C) 2018 ARM Ltd and ARM Germany GmbH. All rights reserved.
License Information: QIU Randle_H, SUES, LIC=03C9U-SSP4G-63VMB-2PY3S-L02QY-12NVT
 
Tool Versions:
Toolchain:       MDK-ARM Plus  Version: 5.27.0.0
Toolchain Path:  C:\Keil_v5\ARM\ARMCC\Bin
C Compiler:      Armcc.exe V5.06 update 6 (build 750)
Assembler:       Armasm.exe V5.06 update 6 (build 750)
Linker/Locator:  ArmLink.exe V5.06 update 6 (build 750)
Library Manager: ArmAr.exe V5.06 update 6 (build 750)
Hex Converter:   FromElf.exe V5.06 update 6 (build 750)
CPU DLL:         SARMCM3.DLL V5.27.0.0
Dialog DLL:      DARMSTM.DLL V1.68.0.0
Target DLL:      STLink\ST-LINKIII-KEIL_SWO.dll V3.0.5.0
Dialog DLL:      TARMSTM.DLL V1.66.0.0
 
<h2>Project:</h2>
C:\Users\asus\Desktop\Glucoo\RUN_stm32f103c8t6\MDK\Project.uvprojx
Project File Date:  04/09/2021

<h2>Output:</h2>
*** Using Compiler 'V5.06 update 6 (build 750)', folder: 'C:\Keil_v5\ARM\ARMCC\Bin'
Build target 'Randle_H'
compiling RH_gui.c...
..\..\core\RH_gui.c(333): warning:  #177-D: variable "color_text"  was declared but never referenced
          __PixelUnit_t color_text = {.data = config->text_color};
..\..\core\RH_gui.c(298): warning:  #177-D: variable "info"  was declared but never referenced
      __GraphInfo_t info = {
..\..\core\RH_gui.c(421): warning:  #177-D: variable "color_text"  was declared but never referenced
          __PixelUnit_t color_text = {.data = config->text_color};
..\..\core\RH_gui.c(780): warning:  #177-D: variable "color_title"  was declared but never referenced
      const __PixelUnit_t color_title = {.data = (config->appearance==kGUI_Appearance_Dark)?( M_COLOR_WHITE    ):( M_COLOR_BLACK  )};
..\..\core\RH_gui.c(782): warning:  #177-D: variable "color_text"  was declared but never referenced
      const __PixelUnit_t color_text  = {.data = (config->appearance==kGUI_Appearance_Dark)?( M_COLOR_WHITE    ):( M_COLOR_BLACK  )};
..\..\core\RH_gui.c: 5 warnings, 0 errors
linking...
Program Size: Code=12140 RO-data=1792 RW-data=132 ZI-data=6660  
FromELF: creating hex file...
".\Obj\Project.axf" - 0 Error(s), 5 Warning(s).

<h2>Software Packages used:</h2>

Package Vendor: Keil
                http://www.keil.com/pack/Keil.STM32F1xx_DFP.2.3.0.pack
                Keil.STM32F1xx_DFP.2.3.0
                STMicroelectronics STM32F1 Series Device Support, Drivers and Examples

<h2>Collection of Component include folders:</h2>
  .\RTE\_Randle_H
  C:\Keil_v5\ARM\PACK\Keil\STM32F1xx_DFP\2.3.0\Device\Include

<h2>Collection of Component Files used:</h2>
Build Time Elapsed:  00:00:02
</pre>
</body>
</html>
