<html>
<body>
<pre>
<h1>µVision Build Log</h1>
<h2>Tool Versions:</h2>
IDE-Version: ¦ÌVision V5.25.3.0
Copyright (C) 2018 ARM Ltd and ARM Germany GmbH. All rights reserved.
License Information: QIU Randle_H, SUES, LIC=03C9U-SSP4G-63VMB-2PY3S-L02QY-12NVT
 
Tool Versions:
Toolchain:       MDK-ARM Plus  Version: 5.27.0.0
Toolchain Path:  C:\Keil_v5\ARM\ARMCC\Bin
C Compiler:      Armcc.exe V5.06 update 6 (build 750)
Assembler:       Armasm.exe V5.06 update 6 (build 750)
Linker/Locator:  ArmLink.exe V5.06 update 6 (build 750)
Library Manager: ArmAr.exe V5.06 update 6 (build 750)
Hex Converter:   FromElf.exe V5.06 update 6 (build 750)
CPU DLL:         SARMCM3.DLL V5.27.0.0
Dialog DLL:      DCM.DLL V1.17.2.0
Target DLL:      CMSIS_AGDI.dll V1.31.9.0
Dialog DLL:      TCM.DLL V1.36.1.0
 
<h2>Project:</h2>
C:\Users\asus\Desktop\Glucoo\RUN_nxpimxrt1052\MDK\YH-RT1052.uvprojx
Project File Date:  05/06/2021

<h2>Output:</h2>
*** Using Compiler 'V5.06 update 6 (build 750)', folder: 'C:\Keil_v5\ARM\ARMCC\Bin'
Build target 'sdram_txt_ram_debug'
compiling main.c...
..\..\core\BlackHouse\RH_math.h(21): warning:  #2687-D: declaration hides built-in function "__sqrt" 
  long         __sqrt            (long   x);
..\user\main.c: 1 warning, 0 errors
linking...
Program Size: Code=45544 RO-data=4396 RW-data=49556 ZI-data=770592  
".\sdram_txt_ram\Objects\YH-RT1052.axf" - 0 Error(s), 1 Warning(s).

<h2>Software Packages used:</h2>

Package Vendor: NXP
                http://mcuxpresso.nxp.com/cmsis_pack/repo/NXP.MIMXRT1052_DFP.11.0.1.pack
                NXP.MIMXRT1052_DFP.11.0.1
                Device Family Pack for MIMXRT1052

<h2>Collection of Component include folders:</h2>
  .\RTE\_sdram_txt_ram_debug
  C:\Keil_v5\ARM\PACK\NXP\MIMXRT1052_DFP\11.0.1

<h2>Collection of Component Files used:</h2>
Build Time Elapsed:  00:00:01
</pre>
</body>
</html>
