Component: ARM Compiler 5.06 update 6 (build 750) Tool: armlink [4d35ed]

==============================================================================

Section Cross References

    main.o(i.main) refers to delay.o(i.delay_init) for delay_init
    main.o(i.main) refers to ssd1306.o(i.SSD1306_Init) for SSD1306_Init
    main.o(i.main) refers to rh_gui_api.o(i.API_Init__STM32F103C8T6) for API_Init__STM32F103C8T6
    main.o(i.main) refers to delay.o(i.delay_ms) for delay_ms
    main.o(i.main) refers to ssd1306.o(i.SSD1306_Clean) for SSD1306_Clean
    main.o(i.main) refers to rh_gui.o(i.GUI_Init) for GUI_Init
    main.o(i.main) refers to rh_gui.o(i.GUI_rect_raw) for GUI_rect_raw
    main.o(i.main) refers to rh_gui.o(i.GUI_RefreashScreen) for GUI_RefreashScreen
    delay.o(i.delay_init) refers to misc.o(i.SysTick_CLKSourceConfig) for SysTick_CLKSourceConfig
    delay.o(i.delay_init) refers to delay.o(.data) for .data
    delay.o(i.delay_ms) refers to delay.o(.data) for .data
    delay.o(i.delay_us) refers to delay.o(.data) for .data
    stm32f10x_flash.o(i.FLASH_EnableWriteProtection) refers to stm32f10x_flash.o(i.FLASH_WaitForLastOperation) for FLASH_WaitForLastOperation
    stm32f10x_flash.o(i.FLASH_EraseAllBank1Pages) refers to stm32f10x_flash.o(i.FLASH_WaitForLastBank1Operation) for FLASH_WaitForLastBank1Operation
    stm32f10x_flash.o(i.FLASH_EraseAllPages) refers to stm32f10x_flash.o(i.FLASH_WaitForLastOperation) for FLASH_WaitForLastOperation
    stm32f10x_flash.o(i.FLASH_EraseOptionBytes) refers to stm32f10x_flash.o(i.FLASH_GetReadOutProtectionStatus) for FLASH_GetReadOutProtectionStatus
    stm32f10x_flash.o(i.FLASH_EraseOptionBytes) refers to stm32f10x_flash.o(i.FLASH_WaitForLastOperation) for FLASH_WaitForLastOperation
    stm32f10x_flash.o(i.FLASH_ErasePage) refers to stm32f10x_flash.o(i.FLASH_WaitForLastOperation) for FLASH_WaitForLastOperation
    stm32f10x_flash.o(i.FLASH_ProgramHalfWord) refers to stm32f10x_flash.o(i.FLASH_WaitForLastOperation) for FLASH_WaitForLastOperation
    stm32f10x_flash.o(i.FLASH_ProgramOptionByteData) refers to stm32f10x_flash.o(i.FLASH_WaitForLastOperation) for FLASH_WaitForLastOperation
    stm32f10x_flash.o(i.FLASH_ProgramWord) refers to stm32f10x_flash.o(i.FLASH_WaitForLastOperation) for FLASH_WaitForLastOperation
    stm32f10x_flash.o(i.FLASH_ReadOutProtection) refers to stm32f10x_flash.o(i.FLASH_WaitForLastOperation) for FLASH_WaitForLastOperation
    stm32f10x_flash.o(i.FLASH_UserOptionByteConfig) refers to stm32f10x_flash.o(i.FLASH_WaitForLastOperation) for FLASH_WaitForLastOperation
    stm32f10x_flash.o(i.FLASH_WaitForLastBank1Operation) refers to stm32f10x_flash.o(i.FLASH_GetBank1Status) for FLASH_GetBank1Status
    stm32f10x_flash.o(i.FLASH_WaitForLastOperation) refers to stm32f10x_flash.o(i.FLASH_GetBank1Status) for FLASH_GetBank1Status
    stm32f10x_gpio.o(i.GPIO_AFIODeInit) refers to stm32f10x_rcc.o(i.RCC_APB2PeriphResetCmd) for RCC_APB2PeriphResetCmd
    stm32f10x_gpio.o(i.GPIO_DeInit) refers to stm32f10x_rcc.o(i.RCC_APB2PeriphResetCmd) for RCC_APB2PeriphResetCmd
    stm32f10x_rcc.o(i.RCC_GetClocksFreq) refers to stm32f10x_rcc.o(.data) for .data
    stm32f10x_rcc.o(i.RCC_WaitForHSEStartUp) refers to stm32f10x_rcc.o(i.RCC_GetFlagStatus) for RCC_GetFlagStatus
    stm32f10x_adc.o(i.ADC_DeInit) refers to stm32f10x_rcc.o(i.RCC_APB2PeriphResetCmd) for RCC_APB2PeriphResetCmd
    stm32f10x_bkp.o(i.BKP_DeInit) refers to stm32f10x_rcc.o(i.RCC_BackupResetCmd) for RCC_BackupResetCmd
    stm32f10x_i2c.o(i.I2C_DeInit) refers to stm32f10x_rcc.o(i.RCC_APB1PeriphResetCmd) for RCC_APB1PeriphResetCmd
    stm32f10x_i2c.o(i.I2C_Init) refers to stm32f10x_rcc.o(i.RCC_GetClocksFreq) for RCC_GetClocksFreq
    stm32f10x_pwr.o(i.PWR_DeInit) refers to stm32f10x_rcc.o(i.RCC_APB1PeriphResetCmd) for RCC_APB1PeriphResetCmd
    stm32f10x_rtc.o(i.RTC_SetAlarm) refers to stm32f10x_rtc.o(i.RTC_EnterConfigMode) for RTC_EnterConfigMode
    stm32f10x_rtc.o(i.RTC_SetAlarm) refers to stm32f10x_rtc.o(i.RTC_ExitConfigMode) for RTC_ExitConfigMode
    stm32f10x_rtc.o(i.RTC_SetCounter) refers to stm32f10x_rtc.o(i.RTC_EnterConfigMode) for RTC_EnterConfigMode
    stm32f10x_rtc.o(i.RTC_SetCounter) refers to stm32f10x_rtc.o(i.RTC_ExitConfigMode) for RTC_ExitConfigMode
    stm32f10x_rtc.o(i.RTC_SetPrescaler) refers to stm32f10x_rtc.o(i.RTC_EnterConfigMode) for RTC_EnterConfigMode
    stm32f10x_rtc.o(i.RTC_SetPrescaler) refers to stm32f10x_rtc.o(i.RTC_ExitConfigMode) for RTC_ExitConfigMode
    stm32f10x_tim.o(i.TIM_DeInit) refers to stm32f10x_rcc.o(i.RCC_APB1PeriphResetCmd) for RCC_APB1PeriphResetCmd
    stm32f10x_tim.o(i.TIM_DeInit) refers to stm32f10x_rcc.o(i.RCC_APB2PeriphResetCmd) for RCC_APB2PeriphResetCmd
    stm32f10x_tim.o(i.TIM_ETRClockMode1Config) refers to stm32f10x_tim.o(i.TIM_ETRConfig) for TIM_ETRConfig
    stm32f10x_tim.o(i.TIM_ETRClockMode2Config) refers to stm32f10x_tim.o(i.TIM_ETRConfig) for TIM_ETRConfig
[...]
    ../clib/stdio.c                          0x00000000   Number         0  fopen.o ABSOLUTE
    ../clib/stdio.c                          0x00000000   Number         0  fclose_locked.o ABSOLUTE
    ../clib/stdio.c                          0x00000000   Number         0  fseek_locked.o ABSOLUTE
    ../clib/stdlib.c                         0x00000000   Number         0  abort.o ABSOLUTE
    ../clib/stdlib.c                         0x00000000   Number         0  exit.o ABSOLUTE
    ../clib/string.c                         0x00000000   Number         0  strcpy.o ABSOLUTE
    ../clib/string.c                         0x00000000   Number         0  strlen.o ABSOLUTE
    ../clib/string.c                         0x00000000   Number         0  strtok_int.o ABSOLUTE
    ../clib/string.c                         0x00000000   Number         0  strspn.o ABSOLUTE
    ../clib/string.c                         0x00000000   Number         0  strcspn.o ABSOLUTE
    ../clib/string.c                         0x00000000   Number         0  strtok.o ABSOLUTE
    ../clib/wchar.c                          0x00000000   Number         0  flsbuf_fwide.o ABSOLUTE
    ../clib/wchar.c                          0x00000000   Number         0  filbuf_fwide.o ABSOLUTE
    ../fplib/d2f.s                           0x00000000   Number         0  d2f.o ABSOLUTE
    ../fplib/daddsub.s                       0x00000000   Number         0  daddsub_clz.o ABSOLUTE
    ../fplib/dcheck1.s                       0x00000000   Number         0  dcheck1.o ABSOLUTE
    ../fplib/dcmpi.s                         0x00000000   Number         0  dcmpi.o ABSOLUTE
    ../fplib/ddiv.s                          0x00000000   Number         0  ddiv.o ABSOLUTE
    ../fplib/deqf.s                          0x00000000   Number         0  deqf.o ABSOLUTE
    ../fplib/dfix.s                          0x00000000   Number         0  dfix.o ABSOLUTE
    ../fplib/dflt.s                          0x00000000   Number         0  dflt_clz.o ABSOLUTE
    ../fplib/dleqf.s                         0x00000000   Number         0  dleqf.o ABSOLUTE
    ../fplib/dmul.s                          0x00000000   Number         0  dmul.o ABSOLUTE
    ../fplib/dnaninf.s                       0x00000000   Number         0  dnaninf.o ABSOLUTE
    ../fplib/drem.s                          0x00000000   Number         0  drem_clz.o ABSOLUTE
    ../fplib/dretinf.s                       0x00000000   Number         0  dretinf.o ABSOLUTE
    ../fplib/drleqf.s                        0x00000000   Number         0  drleqf.o ABSOLUTE
    ../fplib/drnd.s                          0x00000000   Number         0  drnd.o ABSOLUTE
    ../fplib/dsqrt.s                         0x00000000   Number         0  dsqrt_noumaal.o ABSOLUTE
    ../fplib/f2d.s                           0x00000000   Number         0  f2d.o ABSOLUTE
    ../fplib/faddsub.s                       0x00000000   Number         0  faddsub_clz.o ABSOLUTE
    ../fplib/fcheck1.s                       0x00000000   Number         0  fcheck1.o ABSOLUTE
    ../fplib/fcmpi.s                         0x00000000   Number         0  fcmpi.o ABSOLUTE
    ../fplib/fdiv.s                          0x00000000   Number         0  fdiv.o ABSOLUTE
    ../fplib/feqf.s                          0x00000000   Number         0  feqf.o ABSOLUTE
    ../fplib/ffix.s                          0x00000000   Number         0  ffix.o ABSOLUTE
    ../fplib/ffixu.s                         0x00000000   Number         0  ffixu.o ABSOLUTE
    ../fplib/fflt.s                          0x00000000   Number         0  fflt_clz.o ABSOLUTE
    ../fplib/fleqf.s                         0x00000000   Number         0  fleqf.o ABSOLUTE
    ../fplib/fmul.s                          0x00000000   Number         0  fmul.o ABSOLUTE
    ../fplib/fnaninf.s                       0x00000000   Number         0  fnaninf.o ABSOLUTE
    ../fplib/fpinit.s                        0x00000000   Number         0  fpinit.o ABSOLUTE
    ../fplib/fretinf.s                       0x00000000   Number         0  fretinf.o ABSOLUTE
    ../fplib/frleqf.s                        0x00000000   Number         0  frleqf.o ABSOLUTE
    ../fplib/frnd.s                          0x00000000   Number         0  frnd.o ABSOLUTE
    ../fplib/istatus.s                       0x00000000   Number         0  istatus.o ABSOLUTE
    ../fplib/printf1.s                       0x00000000   Number         0  printf1.o ABSOLUTE
    ../fplib/printf2.s                       0x00000000   Number         0  printf2.o ABSOLUTE
    ../fplib/printf2a.s                      0x00000000   Number         0  printf2a.o ABSOLUTE
    ../fplib/printf2b.s                      0x00000000   Number         0  printf2b.o ABSOLUTE
    ../fplib/retnan.s                        0x00000000   Number         0  retnan.o ABSOLUTE
    ../fplib/scalbn.s                        0x00000000   Number         0  scalbn.o ABSOLUTE
    ../fplib/scalbnf.s                       0x00000000   Number         0  scalbnf.o ABSOLUTE
    ../fplib/trapv.s                         0x00000000   Number         0  trapv.o ABSOLUTE
    ../fplib/usenofp.s                       0x00000000   Number         0  usenofp.o ABSOLUTE
    ../mathlib/acos.c                        0x00000000   Number         0  acos.o ABSOLUTE
    ../mathlib/acos.c                        0x00000000   Number         0  acos_x.o ABSOLUTE
    ../mathlib/ceil.c                        0x00000000   Number         0  ceil.o ABSOLUTE
    ../mathlib/complex/cexp.c                0x00000000   Number         0  cexp.o ABSOLUTE
    ../mathlib/complex/conj.c                0x00000000   Number         0  conj.o ABSOLUTE
    ../mathlib/cos.c                         0x00000000   Number         0  cos_x.o ABSOLUTE
    ../mathlib/cos.c                         0x00000000   Number         0  cos.o ABSOLUTE
    ../mathlib/cos_i.c                       0x00000000   Number         0  cos_i.o ABSOLUTE
    ../mathlib/dunder.c                      0x00000000   Number         0  dunder.o ABSOLUTE
    ../mathlib/exp.c                         0x00000000   Number         0  exp_x.o ABSOLUTE
    ../mathlib/exp.c                         0x00000000   Number         0  exp.o ABSOLUTE
    ../mathlib/floor.c                       0x00000000   Number         0  floor.o ABSOLUTE
    ../mathlib/fmod.c                        0x00000000   Number         0  fmod_x.o ABSOLUTE
    ../mathlib/fmod.c                        0x00000000   Number         0  fmod.o ABSOLUTE
    ../mathlib/fpclassify.c                  0x00000000   Number         0  fpclassify.o ABSOLUTE
    ../mathlib/poly.c                        0x00000000   Number         0  poly.o ABSOLUTE
    ../mathlib/pow.c                         0x00000000   Number         0  pow.o ABSOLUTE
    ../mathlib/pow.c                         0x00000000   Number         0  pow_x.o ABSOLUTE
    ../mathlib/qnan.c                        0x00000000   Number         0  qnan.o ABSOLUTE
    ../mathlib/round.c                       0x00000000   Number         0  lround.o ABSOLUTE
    ../mathlib/round.c                       0x00000000   Number         0  roundf.o ABSOLUTE
    ../mathlib/round.c                       0x00000000   Number         0  lround_x.o ABSOLUTE
    ../mathlib/rred.c                        0x00000000   Number         0  rred.o ABSOLUTE
    ../mathlib/sin.c                         0x00000000   Number         0  sin_x.o ABSOLUTE
    ../mathlib/sin.c                         0x00000000   Number         0  sin.o ABSOLUTE
    ../mathlib/sin_i.c                       0x00000000   Number         0  sin_i_x.o ABSOLUTE
    ../mathlib/sin_i.c                       0x00000000   Number         0  sin_i.o ABSOLUTE
    ../mathlib/sqrt.c                        0x00000000   Number         0  sqrt.o ABSOLUTE
    ../mathlib/sqrt.c                        0x00000000   Number         0  sqrt_x.o ABSOLUTE
    ..\BSP\ssd1306.c                         0x00000000   Number         0  ssd1306.o ABSOLUTE
    ..\Libraries\CMSIS\CM3\CoreSupport\core_cm3.c 0x00000000   Number         0  core_cm3.o ABSOLUTE
    ..\Libraries\CMSIS\CM3\DeviceSupport\startup\arm\startup_stm32f10x_hd.s 0x00000000   Number         0  startup_stm32f10x_hd.o ABSOLUTE
    ..\Libraries\Glucoo\BlackHouse\RH_data.c 0x00000000   Number         0  rh_data.o ABSOLUTE
    ..\Libraries\Glucoo\BlackHouse\RH_dsp.c  0x00000000   Number         0  rh_dsp.o ABSOLUTE
    ..\Libraries\Glucoo\BlackHouse\RH_graphic.c 0x00000000   Number         0  rh_graphic.o ABSOLUTE
    ..\Libraries\Glucoo\BlackHouse\RH_image.c 0x00000000   Number         0  rh_image.o ABSOLUTE
    ..\Libraries\Glucoo\BlackHouse\RH_lib.c  0x00000000   Number         0  rh_lib.o ABSOLUTE
    ..\Libraries\Glucoo\BlackHouse\RH_math.c 0x00000000   Number         0  rh_math.o ABSOLUTE
    ..\Libraries\Glucoo\BlackHouse\RH_time.c 0x00000000   Number         0  rh_time.o ABSOLUTE
    ..\Libraries\Glucoo\BlackHouse\RH_utility.c 0x00000000   Number         0  rh_utility.o ABSOLUTE
    ..\Libraries\Glucoo\Font\RH_font.c       0x00000000   Number         0  rh_font.o ABSOLUTE
    ..\Libraries\Glucoo\Font\RH_font_ArialRoundedBold.c 0x00000000   Number         0  rh_font_arialroundedbold.o ABSOLUTE
    ..\Libraries\Glucoo\RH_gui.c             0x00000000   Number         0  rh_gui.o ABSOLUTE
    ..\Libraries\Glucoo\RH_gui_api.c         0x00000000   Number         0  rh_gui_api.o ABSOLUTE
    ..\Libraries\STM32F10x_StdPeriph_Driver\src\misc.c 0x00000000   Number         0  misc.o ABSOLUTE
    ..\Libraries\STM32F10x_StdPeriph_Driver\src\stm32f10x_adc.c 0x00000000   Number         0  stm32f10x_adc.o ABSOLUTE
    ..\Libraries\STM32F10x_StdPeriph_Driver\src\stm32f10x_bkp.c 0x00000000   Number         0  stm32f10x_bkp.o ABSOLUTE
    ..\Libraries\STM32F10x_StdPeriph_Driver\src\stm32f10x_dma.c 0x00000000   Number         0  stm32f10x_dma.o ABSOLUTE
    ..\Libraries\STM32F10x_StdPeriph_Driver\src\stm32f10x_exti.c 0x00000000   Number         0  stm32f10x_exti.o ABSOLUTE
    ..\Libraries\STM32F10x_StdPeriph_Driver\src\stm32f10x_flash.c 0x00000000   Number         0  stm32f10x_flash.o ABSOLUTE
    ..\Libraries\STM32F10x_StdPeriph_Driver\src\stm32f10x_fsmc.c 0x00000000   Number         0  stm32f10x_fsmc.o ABSOLUTE
    ..\Libraries\STM32F10x_StdPeriph_Driver\src\stm32f10x_gpio.c 0x00000000   Number         0  stm32f10x_gpio.o ABSOLUTE
    ..\Libraries\STM32F10x_StdPeriph_Driver\src\stm32f10x_i2c.c 0x00000000   Number         0  stm32f10x_i2c.o ABSOLUTE
    ..\Libraries\STM32F10x_StdPeriph_Driver\src\stm32f10x_iwdg.c 0x00000000   Number         0  stm32f10x_iwdg.o ABSOLUTE
    ..\Libraries\STM32F10x_StdPeriph_Driver\src\stm32f10x_pwr.c 0x00000000   Number         0  stm32f10x_pwr.o ABSOLUTE
    ..\Libraries\STM32F10x_StdPeriph_Driver\src\stm32f10x_rcc.c 0x00000000   Number         0  stm32f10x_rcc.o ABSOLUTE
    ..\Libraries\STM32F10x_StdPeriph_Driver\src\stm32f10x_rtc.c 0x00000000   Number         0  stm32f10x_rtc.o ABSOLUTE
    ..\Libraries\STM32F10x_StdPeriph_Driver\src\stm32f10x_sdio.c 0x00000000   Number         0  stm32f10x_sdio.o ABSOLUTE
    ..\Libraries\STM32F10x_StdPeriph_Driver\src\stm32f10x_tim.c 0x00000000   Number         0  stm32f10x_tim.o ABSOLUTE
    ..\Libraries\STM32F10x_StdPeriph_Driver\src\stm32f10x_usart.c 0x00000000   Number         0  stm32f10x_usart.o ABSOLUTE
    ..\Libraries\STM32F10x_StdPeriph_Driver\src\stm32f10x_wwdg.c 0x00000000   Number         0  stm32f10x_wwdg.o ABSOLUTE
    ..\USER\main.c                           0x00000000   Number         0  main.o ABSOLUTE
    ..\USER\src\delay.c                      0x00000000   Number         0  delay.o ABSOLUTE
    ..\USER\src\stm32f10x_it.c               0x00000000   Number         0  stm32f10x_it.o ABSOLUTE
    ..\USER\src\system_stm32f10x.c           0x00000000   Number         0  system_stm32f10x.o ABSOLUTE
    ..\\Libraries\\CMSIS\\CM3\\CoreSupport\\core_cm3.c 0x00000000   Number         0  core_cm3.o ABSOLUTE
    dc.s                                     0x00000000   Number         0  dc.o ABSOLUTE
    RESET                                    0x08000000   Section      304  startup_stm32f10x_hd.o(RESET)
    !!!main                                  0x08000130   Section        8  __main.o(!!!main)
    !!!scatter                               0x08000138   Section       52  __scatter.o(!!!scatter)
    !!handler_copy                           0x0800016c   Section       26  __scatter_copy.o(!!handler_copy)
    !!handler_zi                             0x08000188   Section       28  __scatter_zi.o(!!handler_zi)
    .ARM.Collect$$libinit$$00000000          0x080001a4   Section        2  libinit.o(.ARM.Collect$$libinit$$00000000)
    .ARM.Collect$$libinit$$00000002          0x080001a6   Section        0  libinit2.o(.ARM.Collect$$libinit$$00000002)
    .ARM.Collect$$libinit$$00000004          0x080001a6   Section        0  libinit2.o(.ARM.Collect$$libinit$$00000004)
    .ARM.Collect$$libinit$$00000005          0x080001a6   Section        8  libinit2.o(.ARM.Collect$$libinit$$00000005)
    .ARM.Collect$$libinit$$0000000A          0x080001ae   Section        0  libinit2.o(.ARM.Collect$$libinit$$0000000A)
    .ARM.Collect$$libinit$$0000000C          0x080001ae   Section        0  libinit2.o(.ARM.Collect$$libinit$$0000000C)
    .ARM.Collect$$libinit$$0000000E          0x080001ae   Section        0  libinit2.o(.ARM.Collect$$libinit$$0000000E)
    .ARM.Collect$$libinit$$00000011          0x080001ae   Section        0  libinit2.o(.ARM.Collect$$libinit$$00000011)
    .ARM.Collect$$libinit$$00000013          0x080001ae   Section        0  libinit2.o(.ARM.Collect$$libinit$$00000013)
    .ARM.Collect$$libinit$$00000015          0x080001ae   Section        0  libinit2.o(.ARM.Collect$$libinit$$00000015)
    .ARM.Collect$$libinit$$00000017          0x080001ae   Section        0  libinit2.o(.ARM.Collect$$libinit$$00000017)
    .ARM.Collect$$libinit$$00000019          0x080001ae   Section        0  libinit2.o(.ARM.Collect$$libinit$$00000019)
    .ARM.Collect$$libinit$$0000001B          0x080001ae   Section        0  libinit2.o(.ARM.Collect$$libinit$$0000001B)
    .ARM.Collect$$libinit$$0000001D          0x080001ae   Section        0  libinit2.o(.ARM.Collect$$libinit$$0000001D)
    .ARM.Collect$$libinit$$0000001F          0x080001ae   Section        0  libinit2.o(.ARM.Collect$$libinit$$0000001F)
    .ARM.Collect$$libinit$$00000021          0x080001ae   Section        0  libinit2.o(.ARM.Collect$$libinit$$00000021)
    .ARM.Collect$$libinit$$00000023          0x080001ae   Section        0  libinit2.o(.ARM.Collect$$libinit$$00000023)
    .ARM.Collect$$libinit$$00000025          0x080001ae   Section        0  libinit2.o(.ARM.Collect$$libinit$$00000025)
    .ARM.Collect$$libinit$$0000002C          0x080001ae   Section        0  libinit2.o(.ARM.Collect$$libinit$$0000002C)
    .ARM.Collect$$libinit$$0000002E          0x080001ae   Section        0  libinit2.o(.ARM.Collect$$libinit$$0000002E)
    .ARM.Collect$$libinit$$00000030          0x080001ae   Section        0  libinit2.o(.ARM.Collect$$libinit$$00000030)
    .ARM.Collect$$libinit$$00000032          0x080001ae   Section        0  libinit2.o(.ARM.Collect$$libinit$$00000032)
    .ARM.Collect$$libinit$$00000033          0x080001ae   Section        2  libinit2.o(.ARM.Collect$$libinit$$00000033)
    .ARM.Collect$$libshutdown$$00000000      0x080001b0   Section        2  libshutdown.o(.ARM.Collect$$libshutdown$$00000000)
    .ARM.Collect$$libshutdown$$00000002      0x080001b2   Section        0  libshutdown2.o(.ARM.Collect$$libshutdown$$00000002)
    .ARM.Collect$$libshutdown$$00000004      0x080001b2   Section        0  libshutdown2.o(.ARM.Collect$$libshutdown$$00000004)
    .ARM.Collect$$libshutdown$$00000007      0x080001b2   Section        0  libshutdown2.o(.ARM.Collect$$libshutdown$$00000007)
    .ARM.Collect$$libshutdown$$0000000A      0x080001b2   Section        0  libshutdown2.o(.ARM.Collect$$libshutdown$$0000000A)
    .ARM.Collect$$libshutdown$$0000000C      0x080001b2   Section        0  libshutdown2.o(.ARM.Collect$$libshutdown$$0000000C)
    .ARM.Collect$$libshutdown$$0000000F      0x080001b2   Section        0  libshutdown2.o(.ARM.Collect$$libshutdown$$0000000F)
    .ARM.Collect$$libshutdown$$00000010      0x080001b2   Section        2  libshutdown2.o(.ARM.Collect$$libshutdown$$00000010)
    .ARM.Collect$$rtentry$$00000000          0x080001b4   Section        0  __rtentry.o(.ARM.Collect$$rtentry$$00000000)
    .ARM.Collect$$rtentry$$00000002          0x080001b4   Section        0  __rtentry2.o(.ARM.Collect$$rtentry$$00000002)
    .ARM.Collect$$rtentry$$00000004          0x080001b4   Section        6  __rtentry4.o(.ARM.Collect$$rtentry$$00000004)
    .ARM.Collect$$rtentry$$00000009          0x080001ba   Section        0  __rtentry2.o(.ARM.Collect$$rtentry$$00000009)
    .ARM.Collect$$rtentry$$0000000A          0x080001ba   Section        4  __rtentry2.o(.ARM.Collect$$rtentry$$0000000A)
    .ARM.Collect$$rtentry$$0000000C          0x080001be   Section        0  __rtentry2.o(.ARM.Collect$$rtentry$$0000000C)
    .ARM.Collect$$rtentry$$0000000D          0x080001be   Section        8  __rtentry2.o(.ARM.Collect$$rtentry$$0000000D)
    .ARM.Collect$$rtexit$$00000000           0x080001c6   Section        2  rtexit.o(.ARM.Collect$$rtexit$$00000000)
    .ARM.Collect$$rtexit$$00000002           0x080001c8   Section        0  rtexit2.o(.ARM.Collect$$rtexit$$00000002)
    .ARM.Collect$$rtexit$$00000003           0x080001c8   Section        4  rtexit2.o(.ARM.Collect$$rtexit$$00000003)
    .ARM.Collect$$rtexit$$00000004           0x080001cc   Section        6  rtexit2.o(.ARM.Collect$$rtexit$$00000004)
    .emb_text                                0x080001d4   Section        0  maybetermalloc1.o(.emb_text)
    .text                                    0x080001d4   Section       64  startup_stm32f10x_hd.o(.text)
    .text                                    0x08000214   Section        0  h1_alloc.o(.text)
    .text                                    0x08000272   Section        0  h1_free.o(.text)
    .text                                    0x080002c0   Section        0  abort.o(.text)
    .text                                    0x080002d6   Section      138  rt_memcpy_v6.o(.text)
    .text                                    0x08000360   Section      132  rt_memmove_v6.o(.text)
    .text                                    0x080003e4   Section      100  rt_memcpy_w.o(.text)
    .text                                    0x08000448   Section      122  rt_memmove_w.o(.text)
    .text                                    0x080004c2   Section       78  rt_memclr_w.o(.text)
    .text                                    0x08000510   Section        0  heapauxi.o(.text)
    .text                                    0x08000518   Section        0  sys_exit.o(.text)
    .text                                    0x08000524   Section        8  rt_heap_descriptor_intlibspace.o(.text)
    .text                                    0x0800052c   Section        0  hguard.o(.text)
    .text                                    0x08000530   Section        0  init_alloc.o(.text)
    .text                                    0x080005ba   Section        0  h1_init.o(.text)
    .text                                    0x080005c8   Section        0  defsig_abrt_outer.o(.text)
    .text                                    0x080005d8   Section        8  libspace.o(.text)
    .text                                    0x080005e0   Section        2  use_no_semi.o(.text)
    .text                                    0x080005e2   Section        0  h1_extend.o(.text)
    .text                                    0x080005e2   Section        0  indicate_semi.o(.text)
    .text                                    0x08000616   Section        0  defsig_exit.o(.text)
    .text                                    0x08000620   Section        0  defsig_abrt_inner.o(.text)
    .text                                    0x08000650   Section        0  defsig_rtmem_outer.o(.text)
    .text                                    0x0800065e   Section       74  sys_stackheap_outer.o(.text)
    .text                                    0x080006a8   Section        0  exit.o(.text)
    .text                                    0x080006ba   Section        0  defsig_general.o(.text)
    .text                                    0x080006ec   Section        0  defsig_rtmem_inner.o(.text)
    .text                                    0x0800073c   Section        0  sys_wrch.o(.text)
    i.API_Init__STM32F103C8T6                0x0800074c   Section        0  rh_gui_api.o(i.API_Init__STM32F103C8T6)
    i.BusFault_Handler                       0x0800075c   Section        0  stm32f10x_it.o(i.BusFault_Handler)
    i.DebugMon_Handler                       0x0800075e   Section        0  stm32f10x_it.o(i.DebugMon_Handler)
    i.GPIO_Init                              0x08000760   Section        0  stm32f10x_gpio.o(i.GPIO_Init)
    i.GUI_AddScreenArea                      0x080007fc   Section        0  rh_gui.o(i.GUI_AddScreenArea)
    i.GUI_DrawArea                           0x08000868   Section        0  rh_gui.o(i.GUI_DrawArea)
    i.GUI_DummyDrawPixel                     0x0800086a   Section        0  rh_gui.o(i.GUI_DummyDrawPixel)
    i.GUI_Init                               0x0800086c   Section        0  rh_gui.o(i.GUI_Init)
    i.GUI_RefreashScreen                     0x080008a8   Section        0  rh_gui.o(i.GUI_RefreashScreen)
    i.GUI_RefreashScreenArea                 0x08000924   Section        0  rh_gui.o(i.GUI_RefreashScreenArea)
    i.GUI_rect_raw                           0x080009b8   Section        0  rh_gui.o(i.GUI_rect_raw)
    i.HardFault_Handler                      0x08000a04   Section        0  stm32f10x_it.o(i.HardFault_Handler)
    i.I2C_CheckEvent                         0x08000a06   Section        0  stm32f10x_i2c.o(i.I2C_CheckEvent)
    i.I2C_Cmd                                0x08000a1e   Section        0  stm32f10x_i2c.o(i.I2C_Cmd)
    i.I2C_DeInit                             0x08000a34   Section        0  stm32f10x_i2c.o(i.I2C_DeInit)
    i.I2C_GenerateSTART                      0x08000a60   Section        0  stm32f10x_i2c.o(i.I2C_GenerateSTART)
    i.I2C_GenerateSTOP                       0x08000a74   Section        0  stm32f10x_i2c.o(i.I2C_GenerateSTOP)
    i.I2C_GetFlagStatus                      0x08000a88   Section        0  stm32f10x_i2c.o(i.I2C_GetFlagStatus)
    i.I2C_Init                               0x08000ab4   Section        0  stm32f10x_i2c.o(i.I2C_Init)
    i.I2C_Send7bitAddress                    0x08000b70   Section        0  stm32f10x_i2c.o(i.I2C_Send7bitAddress)
    i.I2C_SendData                           0x08000b80   Section        0  stm32f10x_i2c.o(i.I2C_SendData)
    i.MemManage_Handler                      0x08000b84   Section        0  stm32f10x_it.o(i.MemManage_Handler)
    i.NMI_Handler                            0x08000b86   Section        0  stm32f10x_it.o(i.NMI_Handler)
    i.PendSV_Handler                         0x08000b88   Section        0  stm32f10x_it.o(i.PendSV_Handler)
    i.RCC_APB1PeriphClockCmd                 0x08000b8c   Section        0  stm32f10x_rcc.o(i.RCC_APB1PeriphClockCmd)
    i.RCC_APB1PeriphResetCmd                 0x08000ba4   Section        0  stm32f10x_rcc.o(i.RCC_APB1PeriphResetCmd)
    i.RCC_APB2PeriphClockCmd                 0x08000bbc   Section        0  stm32f10x_rcc.o(i.RCC_APB2PeriphClockCmd)
    i.RCC_GetClocksFreq                      0x08000bd4   Section        0  stm32f10x_rcc.o(i.RCC_GetClocksFreq)
    i.SSD1306_API_DrawArea                   0x08000c68   Section        0  ssd1306.o(i.SSD1306_API_DrawArea)
    i.SSD1306_Clean                          0x08000cd0   Section        0  ssd1306.o(i.SSD1306_Clean)
    i.SSD1306_Init                           0x08000d00   Section        0  ssd1306.o(i.SSD1306_Init)
    i.SVC_Handler                            0x08000e04   Section        0  stm32f10x_it.o(i.SVC_Handler)
    i.SetSysClockTo72                        0x08000e08   Section        0  system_stm32f10x.o(i.SetSysClockTo72)
    SetSysClockTo72                          0x08000e09   Thumb Code   160  system_stm32f10x.o(i.SetSysClockTo72)
    i.SysTick_CLKSourceConfig                0x08000eb0   Section        0  misc.o(i.SysTick_CLKSourceConfig)
    i.SysTick_Handler                        0x08000ec8   Section        0  stm32f10x_it.o(i.SysTick_Handler)
    i.SystemInit                             0x08000ecc   Section        0  system_stm32f10x.o(i.SystemInit)
    i.UsageFault_Handler                     0x08000f1c   Section        0  stm32f10x_it.o(i.UsageFault_Handler)
    i.__ApplyPixel_cpblur                    0x08000f20   Section        0  rh_graphic.o(i.__ApplyPixel_cpblur)
    __ApplyPixel_cpblur                      0x08000f21   Thumb Code    54  rh_graphic.o(i.__ApplyPixel_cpblur)
    i.__ApplyPixel_fill                      0x08000f5c   Section        0  rh_graphic.o(i.__ApplyPixel_fill)
    __ApplyPixel_fill                        0x08000f5d   Thumb Code    76  rh_graphic.o(i.__ApplyPixel_fill)
    i.__ApplyPixel_lightness                 0x08000fa8   Section        0  rh_graphic.o(i.__ApplyPixel_lightness)
    __ApplyPixel_lightness                   0x08000fa9   Thumb Code    40  rh_graphic.o(i.__ApplyPixel_lightness)
    i.__ApplyPixel_mark                      0x08000fd0   Section        0  rh_graphic.o(i.__ApplyPixel_mark)
    __ApplyPixel_mark                        0x08000fd1   Thumb Code    56  rh_graphic.o(i.__ApplyPixel_mark)
    i.__ApplyPixel_reverse                   0x08001008   Section        0  rh_graphic.o(i.__ApplyPixel_reverse)
    __ApplyPixel_reverse                     0x08001009   Thumb Code    78  rh_graphic.o(i.__ApplyPixel_reverse)
    i.__ApplyPixel_unmark                    0x08001056   Section        0  rh_graphic.o(i.__ApplyPixel_unmark)
    __ApplyPixel_unmark                      0x08001057   Thumb Code    60  rh_graphic.o(i.__ApplyPixel_unmark)
    i.__ApplyPixel_unzero                    0x08001092   Section        0  rh_graphic.o(i.__ApplyPixel_unzero)
    __ApplyPixel_unzero                      0x08001093   Thumb Code    42  rh_graphic.o(i.__ApplyPixel_unzero)
    i.__Font_init                            0x080010bc   Section        0  rh_font.o(i.__Font_init)
    i.__Font_setSize                         0x080010e0   Section        0  rh_font.o(i.__Font_setSize)
    i.__Font_setStyle                        0x0800113c   Section        0  rh_font.o(i.__Font_setStyle)
    i.__Graph_init                           0x080011b0   Section        0  rh_graphic.o(i.__Graph_init)
    i.__Graph_rect_raw                       0x080011d4   Section        0  rh_graphic.o(i.__Graph_rect_raw)
    i.__Stack_createBase                     0x08001250   Section        0  rh_data.o(i.__Stack_createBase)
    i.__Stack_empty                          0x08001268   Section        0  rh_data.o(i.__Stack_empty)
    i.__Stack_pop                            0x08001284   Section        0  rh_data.o(i.__Stack_pop)
    i.__Stack_push                           0x080012b2   Section        0  rh_data.o(i.__Stack_push)
    i.__memgrab_Area                         0x080012d6   Section        0  rh_lib.o(i.__memgrab_Area)
    i.__writeByte                            0x08001338   Section        0  ssd1306.o(i.__writeByte)
    __writeByte                              0x08001339   Thumb Code   130  ssd1306.o(i.__writeByte)
    i.__writeCmd                             0x080013c8   Section        0  ssd1306.o(i.__writeCmd)
    __writeCmd                               0x080013c9   Thumb Code     8  ssd1306.o(i.__writeCmd)
    i.__writeDat                             0x080013d0   Section        0  ssd1306.o(i.__writeDat)
    __writeDat                               0x080013d1   Thumb Code     8  ssd1306.o(i.__writeDat)
    i.delay_init                             0x080013d8   Section        0  delay.o(i.delay_init)
    i.delay_ms                               0x08001404   Section        0  delay.o(i.delay_ms)
    i.main                                   0x08001438   Section        0  main.o(i.main)
    i.roundf                                 0x08001466   Section        0  roundf.o(i.roundf)
    i.stbtt_GetFontVMetrics                  0x080014d8   Section        0  rh_font.o(i.stbtt_GetFontVMetrics)
    i.stbtt_InitFont                         0x0800151a   Section        0  rh_font.o(i.stbtt_InitFont)
    i.stbtt_InitFont_internal                0x08001520   Section        0  rh_font.o(i.stbtt_InitFont_internal)
    stbtt_InitFont_internal                  0x08001521   Thumb Code   694  rh_font.o(i.stbtt_InitFont_internal)
    i.stbtt_ScaleForPixelHeight              0x08001828   Section        0  rh_font.o(i.stbtt_ScaleForPixelHeight)
    i.stbtt__buf_get                         0x0800185a   Section        0  rh_font.o(i.stbtt__buf_get)
    stbtt__buf_get                           0x0800185b   Thumb Code    36  rh_font.o(i.stbtt__buf_get)
    i.stbtt__buf_get8                        0x0800187e   Section        0  rh_font.o(i.stbtt__buf_get8)
    stbtt__buf_get8                          0x0800187f   Thumb Code    22  rh_font.o(i.stbtt__buf_get8)
    i.stbtt__buf_peek8                       0x08001894   Section        0  rh_font.o(i.stbtt__buf_peek8)
    stbtt__buf_peek8                         0x08001895   Thumb Code    18  rh_font.o(i.stbtt__buf_peek8)
    i.stbtt__buf_range                       0x080018a6   Section        0  rh_font.o(i.stbtt__buf_range)
    stbtt__buf_range                         0x080018a7   Thumb Code    64  rh_font.o(i.stbtt__buf_range)
    i.stbtt__buf_seek                        0x080018e6   Section        0  rh_font.o(i.stbtt__buf_seek)
    stbtt__buf_seek                          0x080018e7   Thumb Code    16  rh_font.o(i.stbtt__buf_seek)
    i.stbtt__buf_skip                        0x080018f6   Section        0  rh_font.o(i.stbtt__buf_skip)
    stbtt__buf_skip                          0x080018f7   Thumb Code     8  rh_font.o(i.stbtt__buf_skip)
    i.stbtt__cff_get_index                   0x080018fe   Section        0  rh_font.o(i.stbtt__cff_get_index)
    stbtt__cff_get_index                     0x080018ff   Thumb Code    74  rh_font.o(i.stbtt__cff_get_index)
    i.stbtt__cff_index_get                   0x08001948   Section        0  rh_font.o(i.stbtt__cff_index_get)
    stbtt__cff_index_get                     0x08001949   Thumb Code    84  rh_font.o(i.stbtt__cff_index_get)
    i.stbtt__cff_int                         0x0800199c   Section        0  rh_font.o(i.stbtt__cff_int)
    stbtt__cff_int                           0x0800199d   Thumb Code   106  rh_font.o(i.stbtt__cff_int)
    i.stbtt__dict_get                        0x08001a06   Section        0  rh_font.o(i.stbtt__dict_get)
    stbtt__dict_get                          0x08001a07   Thumb Code   146  rh_font.o(i.stbtt__dict_get)
    i.stbtt__dict_get_ints                   0x08001a98   Section        0  rh_font.o(i.stbtt__dict_get_ints)
    stbtt__dict_get_ints                     0x08001a99   Thumb Code    46  rh_font.o(i.stbtt__dict_get_ints)
    i.stbtt__find_table                      0x08001ac6   Section        0  rh_font.o(i.stbtt__find_table)
    stbtt__find_table                        0x08001ac7   Thumb Code    96  rh_font.o(i.stbtt__find_table)
    i.stbtt__get_subrs                       0x08001b26   Section        0  rh_font.o(i.stbtt__get_subrs)
    stbtt__get_subrs                         0x08001b27   Thumb Code   110  rh_font.o(i.stbtt__get_subrs)
    i.stbtt__new_buf                         0x08001b94   Section        0  rh_font.o(i.stbtt__new_buf)
    stbtt__new_buf                           0x08001b95   Thumb Code    10  rh_font.o(i.stbtt__new_buf)
    i.ttSHORT                                0x08001b9e   Section        0  rh_font.o(i.ttSHORT)
    ttSHORT                                  0x08001b9f   Thumb Code    12  rh_font.o(i.ttSHORT)
    i.ttULONG                                0x08001baa   Section        0  rh_font.o(i.ttULONG)
    ttULONG                                  0x08001bab   Thumb Code    22  rh_font.o(i.ttULONG)
    i.ttUSHORT                               0x08001bc0   Section        0  rh_font.o(i.ttUSHORT)
    ttUSHORT                                 0x08001bc1   Thumb Code    12  rh_font.o(i.ttUSHORT)
    x$fpl$fadd                               0x08001bcc   Section      196  faddsub_clz.o(x$fpl$fadd)
    _fadd1                                   0x08001bdb   Thumb Code     0  faddsub_clz.o(x$fpl$fadd)
    x$fpl$fdiv                               0x08001c90   Section      388  fdiv.o(x$fpl$fdiv)
    _fdiv1                                   0x08001c91   Thumb Code     0  fdiv.o(x$fpl$fdiv)
    x$fpl$ffix                               0x08001e14   Section       54  ffix.o(x$fpl$ffix)
    x$fpl$fflt                               0x08001e4c   Section       48  fflt_clz.o(x$fpl$fflt)
    x$fpl$fmul                               0x08001e7c   Section      258  fmul.o(x$fpl$fmul)
    x$fpl$fnaninf                            0x08001f7e   Section      140  fnaninf.o(x$fpl$fnaninf)
    x$fpl$fretinf                            0x0800200a   Section       10  fretinf.o(x$fpl$fretinf)
    x$fpl$frnd                               0x08002014   Section       96  frnd.o(x$fpl$frnd)
    x$fpl$fsub                               0x08002074   Section      234  faddsub_clz.o(x$fpl$fsub)
    _fsub1                                   0x08002083   Thumb Code     0  faddsub_clz.o(x$fpl$fsub)
    x$fpl$usenofp                            0x0800215e   Section        0  usenofp.o(x$fpl$usenofp)
    .constdata                               0x08002160   Section       20  ssd1306.o(.constdata)
    .constdata                               0x08002174   Section       32  rh_graphic.o(.constdata)
    applyPixelMethod                         0x08002174   Data          32  rh_graphic.o(.constdata)
    .constdata                               0x08002194   Section    49296  rh_font_arialroundedbold.o(.constdata)
    .data                                    0x20000000   Section        4  delay.o(.data)
    fac_us                                   0x20000000   Data           1  delay.o(.data)
    fac_ms                                   0x20000002   Data           2  delay.o(.data)
    .data                                    0x20000004   Section       20  stm32f10x_rcc.o(.data)
    ADCPrescTable                            0x20000004   Data           4  stm32f10x_rcc.o(.data)
    APBAHBPrescTable                         0x20000008   Data          16  stm32f10x_rcc.o(.data)
    .data                                    0x20000018   Section       20  rh_gui.o(.data)
    info_MainScreen                          0x20000020   Data          12  rh_gui.o(.data)
    .data                                    0x2000002c   Section       48  rh_graphic.o(.data)
    backupGCFG                               0x2000002c   Data           1  rh_graphic.o(.data)
    GCFG                                     0x20000030   Data          44  rh_graphic.o(.data)
    .data                                    0x2000005c   Section        8  rh_font.o(.data)
    backFCFG                                 0x2000005c   Data           1  rh_font.o(.data)
    font_ptr                                 0x20000060   Data           4  rh_font.o(.data)
    .bss                                     0x20000064   Section     3096  rh_gui.o(.bss)
    Screen                                   0x20000064   Data        3096  rh_gui.o(.bss)
    .bss                                     0x20000c7c   Section      344  rh_font.o(.bss)
    FCFG                                     0x20000c7c   Data         172  rh_font.o(.bss)
    FCFG_copy                                0x20000d28   Data         172  rh_font.o(.bss)
    .bss                                     0x20000dd4   Section       96  libspace.o(.bss)
    HEAP                                     0x20000e38   Section      512  startup_stm32f10x_hd.o(HEAP)
    Heap_Mem                                 0x20000e38   Data         512  startup_stm32f10x_hd.o(HEAP)
    STACK                                    0x20001038   Section     1024  startup_stm32f10x_hd.o(STACK)
    Stack_Mem                                0x20001038   Data        1024  startup_stm32f10x_hd.o(STACK)
    __initial_sp                             0x20001438   Data           0  startup_stm32f10x_hd.o(STACK)

    Global Symbols

    Symbol Name                              Value     Ov Type        Size  Object(Section)

    BuildAttributes$$THM_ISAv4$P$D$K$B$S$PE$A:L22UL41UL21$X:L11$S22US41US21$IEEE1$IW$USESV6$~STKCKD$USESV7$~SHL$OTIME$ROPI$IEEEX$EBA8$UX$STANDARDLIB$REQ8$PRES8$EABIv2 0x00000000   Number         0  anon$$obj.o ABSOLUTE
    __ARM_use_no_argv                        0x00000000   Number         0  main.o ABSOLUTE
    _printf_flags                            0x00000000   Number         0  printf_stubs.o ABSOLUTE
    _printf_return_value                     0x00000000   Number         0  printf_stubs.o ABSOLUTE
    _printf_sizespec                         0x00000000   Number         0  printf_stubs.o ABSOLUTE
    _printf_widthprec                        0x00000000   Number         0  printf_stubs.o ABSOLUTE
    __ARM_exceptions_init                     - Undefined Weak Reference
    __alloca_initialize                       - Undefined Weak Reference
    __arm_preinit_                            - Undefined Weak Reference
    __cpp_initialize__aeabi_                  - Undefined Weak Reference
    __cxa_finalize                            - Undefined Weak Reference
    __sigvec_lookup                           - Undefined Weak Reference
    __user_heap_extent                        - Undefined Weak Reference
    _atexit_init                              - Undefined Weak Reference
    _call_atexit_fns                          - Undefined Weak Reference
    _clock_init                               - Undefined Weak Reference
    _fp_trap_init                             - Undefined Weak Reference
    _fp_trap_shutdown                         - Undefined Weak Reference
    _get_lc_collate                           - Undefined Weak Reference
    _get_lc_monetary                          - Undefined Weak Reference
    _get_lc_time                              - Undefined Weak Reference
    _getenv_init                              - Undefined Weak Reference
    _handle_redirection                       - Undefined Weak Reference
    _mutex_acquire                            - Undefined Weak Reference
    _mutex_free                               - Undefined Weak Reference
    _mutex_release                            - Undefined Weak Reference
    _printf_mbtowc                            - Undefined Weak Reference
    _printf_wc                                - Undefined Weak Reference
    _rand_init                                - Undefined Weak Reference
    _signal_finish                            - Undefined Weak Reference
    _signal_init                              - Undefined Weak Reference
    __Vectors_Size                           0x00000130   Number         0  startup_stm32f10x_hd.o ABSOLUTE
    __Vectors                                0x08000000   Data           4  startup_stm32f10x_hd.o(RESET)
    __Vectors_End                            0x08000130   Data           0  startup_stm32f10x_hd.o(RESET)
    __main                                   0x08000131   Thumb Code     8  __main.o(!!!main)
    __scatterload                            0x08000139   Thumb Code     0  __scatter.o(!!!scatter)
    __scatterload_rt2                        0x08000139   Thumb Code    44  __scatter.o(!!!scatter)
    __scatterload_rt2_thumb_only             0x08000139   Thumb Code     0  __scatter.o(!!!scatter)
    __scatterload_null                       0x08000147   Thumb Code     0  __scatter.o(!!!scatter)
    __scatterload_copy                       0x0800016d   Thumb Code    26  __scatter_copy.o(!!handler_copy)
    __scatterload_zeroinit                   0x08000189   Thumb Code    28  __scatter_zi.o(!!handler_zi)
    __rt_lib_init                            0x080001a5   Thumb Code     0  libinit.o(.ARM.Collect$$libinit$$00000000)
    __rt_lib_init_fp_1                       0x080001a7   Thumb Code     0  libinit2.o(.ARM.Collect$$libinit$$00000002)
    __rt_lib_init_heap_2                     0x080001a7   Thumb Code     0  libinit2.o(.ARM.Collect$$libinit$$00000005)
    __rt_lib_init_preinit_1                  0x080001a7   Thumb Code     0  libinit2.o(.ARM.Collect$$libinit$$00000004)
    __rt_lib_init_alloca_1                   0x080001af   Thumb Code     0  libinit2.o(.ARM.Collect$$libinit$$0000002E)
    __rt_lib_init_argv_1                     0x080001af   Thumb Code     0  libinit2.o(.ARM.Collect$$libinit$$0000002C)
    __rt_lib_init_atexit_1                   0x080001af   Thumb Code     0  libinit2.o(.ARM.Collect$$libinit$$0000001B)
    __rt_lib_init_clock_1                    0x080001af   Thumb Code     0  libinit2.o(.ARM.Collect$$libinit$$00000021)
    __rt_lib_init_cpp_1                      0x080001af   Thumb Code     0  libinit2.o(.ARM.Collect$$libinit$$00000032)
    __rt_lib_init_exceptions_1               0x080001af   Thumb Code     0  libinit2.o(.ARM.Collect$$libinit$$00000030)
    __rt_lib_init_fp_trap_1                  0x080001af   Thumb Code     0  libinit2.o(.ARM.Collect$$libinit$$0000001F)
    __rt_lib_init_getenv_1                   0x080001af   Thumb Code     0  libinit2.o(.ARM.Collect$$libinit$$00000023)
    __rt_lib_init_heap_1                     0x080001af   Thumb Code     0  libinit2.o(.ARM.Collect$$libinit$$0000000A)
    __rt_lib_init_lc_collate_1               0x080001af   Thumb Code     0  libinit2.o(.ARM.Collect$$libinit$$00000011)
    __rt_lib_init_lc_ctype_1                 0x080001af   Thumb Code     0  libinit2.o(.ARM.Collect$$libinit$$00000013)
    __rt_lib_init_lc_monetary_1              0x080001af   Thumb Code     0  libinit2.o(.ARM.Collect$$libinit$$00000015)
    __rt_lib_init_lc_numeric_1               0x080001af   Thumb Code     0  libinit2.o(.ARM.Collect$$libinit$$00000017)
    __rt_lib_init_lc_time_1                  0x080001af   Thumb Code     0  libinit2.o(.ARM.Collect$$libinit$$00000019)
    __rt_lib_init_rand_1                     0x080001af   Thumb Code     0  libinit2.o(.ARM.Collect$$libinit$$0000000E)
    __rt_lib_init_return                     0x080001af   Thumb Code     0  libinit2.o(.ARM.Collect$$libinit$$00000033)
    __rt_lib_init_signal_1                   0x080001af   Thumb Code     0  libinit2.o(.ARM.Collect$$libinit$$0000001D)
    __rt_lib_init_stdio_1                    0x080001af   Thumb Code     0  libinit2.o(.ARM.Collect$$libinit$$00000025)
    __rt_lib_init_user_alloc_1               0x080001af   Thumb Code     0  libinit2.o(.ARM.Collect$$libinit$$0000000C)
    __rt_lib_shutdown                        0x080001b1   Thumb Code     0  libshutdown.o(.ARM.Collect$$libshutdown$$00000000)
    __rt_lib_shutdown_cpp_1                  0x080001b3   Thumb Code     0  libshutdown2.o(.ARM.Collect$$libshutdown$$00000002)
    __rt_lib_shutdown_fp_trap_1              0x080001b3   Thumb Code     0  libshutdown2.o(.ARM.Collect$$libshutdown$$00000007)
    __rt_lib_shutdown_heap_1                 0x080001b3   Thumb Code     0  libshutdown2.o(.ARM.Collect$$libshutdown$$0000000F)
    __rt_lib_shutdown_return                 0x080001b3   Thumb Code     0  libshutdown2.o(.ARM.Collect$$libshutdown$$00000010)
    __rt_lib_shutdown_signal_1               0x080001b3   Thumb Code     0  libshutdown2.o(.ARM.Collect$$libshutdown$$0000000A)
    __rt_lib_shutdown_stdio_1                0x080001b3   Thumb Code     0  libshutdown2.o(.ARM.Collect$$libshutdown$$00000004)
    __rt_lib_shutdown_user_alloc_1           0x080001b3   Thumb Code     0  libshutdown2.o(.ARM.Collect$$libshutdown$$0000000C)
    __rt_entry                               0x080001b5   Thumb Code     0  __rtentry.o(.ARM.Collect$$rtentry$$00000000)
    __rt_entry_presh_1                       0x080001b5   Thumb Code     0  __rtentry2.o(.ARM.Collect$$rtentry$$00000002)
    __rt_entry_sh                            0x080001b5   Thumb Code     0  __rtentry4.o(.ARM.Collect$$rtentry$$00000004)
    __rt_entry_li                            0x080001bb   Thumb Code     0  __rtentry2.o(.ARM.Collect$$rtentry$$0000000A)
    __rt_entry_postsh_1                      0x080001bb   Thumb Code     0  __rtentry2.o(.ARM.Collect$$rtentry$$00000009)
    __rt_entry_main                          0x080001bf   Thumb Code     0  __rtentry2.o(.ARM.Collect$$rtentry$$0000000D)
    __rt_entry_postli_1                      0x080001bf   Thumb Code     0  __rtentry2.o(.ARM.Collect$$rtentry$$0000000C)
    __rt_exit                                0x080001c7   Thumb Code     0  rtexit.o(.ARM.Collect$$rtexit$$00000000)
    __rt_exit_ls                             0x080001c9   Thumb Code     0  rtexit2.o(.ARM.Collect$$rtexit$$00000003)
    __rt_exit_prels_1                        0x080001c9   Thumb Code     0  rtexit2.o(.ARM.Collect$$rtexit$$00000002)
    __rt_exit_exit                           0x080001cd   Thumb Code     0  rtexit2.o(.ARM.Collect$$rtexit$$00000004)
    Reset_Handler                            0x080001d5   Thumb Code     8  startup_stm32f10x_hd.o(.text)
    _maybe_terminate_alloc                   0x080001d5   Thumb Code     0  maybetermalloc1.o(.emb_text)
    ADC1_2_IRQHandler                        0x080001ef   Thumb Code     0  startup_stm32f10x_hd.o(.text)
    ADC3_IRQHandler                          0x080001ef   Thumb Code     0  startup_stm32f10x_hd.o(.text)
    CAN1_RX1_IRQHandler                      0x080001ef   Thumb Code     0  startup_stm32f10x_hd.o(.text)
    CAN1_SCE_IRQHandler                      0x080001ef   Thumb Code     0  startup_stm32f10x_hd.o(.text)
    DMA1_Channel1_IRQHandler                 0x080001ef   Thumb Code     0  startup_stm32f10x_hd.o(.text)
    DMA1_Channel2_IRQHandler                 0x080001ef   Thumb Code     0  startup_stm32f10x_hd.o(.text)
    DMA1_Channel3_IRQHandler                 0x080001ef   Thumb Code     0  startup_stm32f10x_hd.o(.text)
    DMA1_Channel4_IRQHandler                 0x080001ef   Thumb Code     0  startup_stm32f10x_hd.o(.text)
    DMA1_Channel5_IRQHandler                 0x080001ef   Thumb Code     0  startup_stm32f10x_hd.o(.text)
    DMA1_Channel6_IRQHandler                 0x080001ef   Thumb Code     0  startup_stm32f10x_hd.o(.text)
    DMA1_Channel7_IRQHandler                 0x080001ef   Thumb Code     0  startup_stm32f10x_hd.o(.text)
    DMA2_Channel1_IRQHandler                 0x080001ef   Thumb Code     0  startup_stm32f10x_hd.o(.text)
    DMA2_Channel2_IRQHandler                 0x080001ef   Thumb Code     0  startup_stm32f10x_hd.o(.text)
    DMA2_Channel3_IRQHandler                 0x080001ef   Thumb Code     0  startup_stm32f10x_hd.o(.text)
    DMA2_Channel4_5_IRQHandler               0x080001ef   Thumb Code     0  startup_stm32f10x_hd.o(.text)
    EXTI0_IRQHandler                         0x080001ef   Thumb Code     0  startup_stm32f10x_hd.o(.text)
    EXTI15_10_IRQHandler                     0x080001ef   Thumb Code     0  startup_stm32f10x_hd.o(.text)
    EXTI1_IRQHandler                         0x080001ef   Thumb Code     0  startup_stm32f10x_hd.o(.text)
    EXTI2_IRQHandler                         0x080001ef   Thumb Code     0  startup_stm32f10x_hd.o(.text)
    EXTI3_IRQHandler                         0x080001ef   Thumb Code     0  startup_stm32f10x_hd.o(.text)
    EXTI4_IRQHandler                         0x080001ef   Thumb Code     0  startup_stm32f10x_hd.o(.text)
    EXTI9_5_IRQHandler                       0x080001ef   Thumb Code     0  startup_stm32f10x_hd.o(.text)
    FLASH_IRQHandler                         0x080001ef   Thumb Code     0  startup_stm32f10x_hd.o(.text)
    FSMC_IRQHandler                          0x080001ef   Thumb Code     0  startup_stm32f10x_hd.o(.text)
    I2C1_ER_IRQHandler                       0x080001ef   Thumb Code     0  startup_stm32f10x_hd.o(.text)
    I2C1_EV_IRQHandler                       0x080001ef   Thumb Code     0  startup_stm32f10x_hd.o(.text)
    I2C2_ER_IRQHandler                       0x080001ef   Thumb Code     0  startup_stm32f10x_hd.o(.text)
    I2C2_EV_IRQHandler                       0x080001ef   Thumb Code     0  startup_stm32f10x_hd.o(.text)
    PVD_IRQHandler                           0x080001ef   Thumb Code     0  startup_stm32f10x_hd.o(.text)
    RCC_IRQHandler                           0x080001ef   Thumb Code     0  startup_stm32f10x_hd.o(.text)
    RTCAlarm_IRQHandler                      0x080001ef   Thumb Code     0  startup_stm32f10x_hd.o(.text)
    RTC_IRQHandler                           0x080001ef   Thumb Code     0  startup_stm32f10x_hd.o(.text)
    SDIO_IRQHandler                          0x080001ef   Thumb Code     0  startup_stm32f10x_hd.o(.text)
    SPI1_IRQHandler                          0x080001ef   Thumb Code     0  startup_stm32f10x_hd.o(.text)
    SPI2_IRQHandler                          0x080001ef   Thumb Code     0  startup_stm32f10x_hd.o(.text)
    SPI3_IRQHandler                          0x080001ef   Thumb Code     0  startup_stm32f10x_hd.o(.text)
    TAMPER_IRQHandler                        0x080001ef   Thumb Code     0  startup_stm32f10x_hd.o(.text)
    TIM1_BRK_IRQHandler                      0x080001ef   Thumb Code     0  startup_stm32f10x_hd.o(.text)
    TIM1_CC_IRQHandler                       0x080001ef   Thumb Code     0  startup_stm32f10x_hd.o(.text)
    TIM1_TRG_COM_IRQHandler                  0x080001ef   Thumb Code     0  startup_stm32f10x_hd.o(.text)
    TIM1_UP_IRQHandler                       0x080001ef   Thumb Code     0  startup_stm32f10x_hd.o(.text)
    TIM2_IRQHandler                          0x080001ef   Thumb Code     0  startup_stm32f10x_hd.o(.text)
    TIM3_IRQHandler                          0x080001ef   Thumb Code     0  startup_stm32f10x_hd.o(.text)
    TIM4_IRQHandler                          0x080001ef   Thumb Code     0  startup_stm32f10x_hd.o(.text)
    TIM5_IRQHandler                          0x080001ef   Thumb Code     0  startup_stm32f10x_hd.o(.text)
    TIM6_IRQHandler                          0x080001ef   Thumb Code     0  startup_stm32f10x_hd.o(.text)
    TIM7_IRQHandler                          0x080001ef   Thumb Code     0  startup_stm32f10x_hd.o(.text)
    TIM8_BRK_IRQHandler                      0x080001ef   Thumb Code     0  startup_stm32f10x_hd.o(.text)
    TIM8_CC_IRQHandler                       0x080001ef   Thumb Code     0  startup_stm32f10x_hd.o(.text)
    TIM8_TRG_COM_IRQHandler                  0x080001ef   Thumb Code     0  startup_stm32f10x_hd.o(.text)
    TIM8_UP_IRQHandler                       0x080001ef   Thumb Code     0  startup_stm32f10x_hd.o(.text)
    UART4_IRQHandler                         0x080001ef   Thumb Code     0  startup_stm32f10x_hd.o(.text)
    UART5_IRQHandler                         0x080001ef   Thumb Code     0  startup_stm32f10x_hd.o(.text)
    USART1_IRQHandler                        0x080001ef   Thumb Code     0  startup_stm32f10x_hd.o(.text)
    USART2_IRQHandler                        0x080001ef   Thumb Code     0  startup_stm32f10x_hd.o(.text)
    USART3_IRQHandler                        0x080001ef   Thumb Code     0  startup_stm32f10x_hd.o(.text)
    USBWakeUp_IRQHandler                     0x080001ef   Thumb Code     0  startup_stm32f10x_hd.o(.text)
    USB_HP_CAN1_TX_IRQHandler                0x080001ef   Thumb Code     0  startup_stm32f10x_hd.o(.text)
    USB_LP_CAN1_RX0_IRQHandler               0x080001ef   Thumb Code     0  startup_stm32f10x_hd.o(.text)
    WWDG_IRQHandler                          0x080001ef   Thumb Code     0  startup_stm32f10x_hd.o(.text)
    __user_initial_stackheap                 0x080001f1   Thumb Code     0  startup_stm32f10x_hd.o(.text)
    malloc                                   0x08000215   Thumb Code    94  h1_alloc.o(.text)
    free                                     0x08000273   Thumb Code    78  h1_free.o(.text)
    abort                                    0x080002c1   Thumb Code    22  abort.o(.text)
    __aeabi_memcpy                           0x080002d7   Thumb Code     0  rt_memcpy_v6.o(.text)
    __rt_memcpy                              0x080002d7   Thumb Code   138  rt_memcpy_v6.o(.text)
    _memcpy_lastbytes                        0x0800033d   Thumb Code     0  rt_memcpy_v6.o(.text)
    __aeabi_memmove                          0x08000361   Thumb Code     0  rt_memmove_v6.o(.text)
    __rt_memmove                             0x08000361   Thumb Code   132  rt_memmove_v6.o(.text)
    __memmove_lastfew                        0x080003c1   Thumb Code     0  rt_memmove_v6.o(.text)
    __aeabi_memcpy4                          0x080003e5   Thumb Code     0  rt_memcpy_w.o(.text)
    __aeabi_memcpy8                          0x080003e5   Thumb Code     0  rt_memcpy_w.o(.text)
    __rt_memcpy_w                            0x080003e5   Thumb Code   100  rt_memcpy_w.o(.text)
    _memcpy_lastbytes_aligned                0x0800042d   Thumb Code     0  rt_memcpy_w.o(.text)
    __aeabi_memmove4                         0x08000449   Thumb Code     0  rt_memmove_w.o(.text)
    __aeabi_memmove8                         0x08000449   Thumb Code     0  rt_memmove_w.o(.text)
    __rt_memmove_w                           0x08000449   Thumb Code   122  rt_memmove_w.o(.text)
    __memmove_aligned                        0x0800046f   Thumb Code     0  rt_memmove_w.o(.text)
    __memmove_lastfew_aligned                0x080004a7   Thumb Code     0  rt_memmove_w.o(.text)
    __aeabi_memclr4                          0x080004c3   Thumb Code     0  rt_memclr_w.o(.text)
    __aeabi_memclr8                          0x080004c3   Thumb Code     0  rt_memclr_w.o(.text)
    __rt_memclr_w                            0x080004c3   Thumb Code    78  rt_memclr_w.o(.text)
    _memset_w                                0x080004c7   Thumb Code     0  rt_memclr_w.o(.text)
    __use_two_region_memory                  0x08000511   Thumb Code     2  heapauxi.o(.text)
    __rt_heap_escrow                         0x08000513   Thumb Code     2  heapauxi.o(.text)
    __rt_heap_expand                         0x08000515   Thumb Code     2  heapauxi.o(.text)
    _sys_exit                                0x08000519   Thumb Code     8  sys_exit.o(.text)
    __rt_heap_descriptor                     0x08000525   Thumb Code     8  rt_heap_descriptor_intlibspace.o(.text)
    __use_no_heap                            0x0800052d   Thumb Code     2  hguard.o(.text)
    __heap$guard                             0x0800052f   Thumb Code     2  hguard.o(.text)
    _terminate_user_alloc                    0x08000531   Thumb Code     2  init_alloc.o(.text)
    _init_user_alloc                         0x08000533   Thumb Code     2  init_alloc.o(.text)
    __Heap_Full                              0x08000535   Thumb Code    34  init_alloc.o(.text)
    __Heap_Broken                            0x08000557   Thumb Code     6  init_alloc.o(.text)
    _init_alloc                              0x0800055d   Thumb Code    94  init_alloc.o(.text)
    __Heap_Initialize                        0x080005bb   Thumb Code    10  h1_init.o(.text)
    __Heap_DescSize                          0x080005c5   Thumb Code     4  h1_init.o(.text)
    __rt_SIGABRT                             0x080005c9   Thumb Code    14  defsig_abrt_outer.o(.text)
    __user_libspace                          0x080005d9   Thumb Code     8  libspace.o(.text)
    __user_perproc_libspace                  0x080005d9   Thumb Code     0  libspace.o(.text)
    __user_perthread_libspace                0x080005d9   Thumb Code     0  libspace.o(.text)
    __I$use$semihosting                      0x080005e1   Thumb Code     0  use_no_semi.o(.text)
    __use_no_semihosting_swi                 0x080005e1   Thumb Code     2  use_no_semi.o(.text)
    __Heap_ProvideMemory                     0x080005e3   Thumb Code    52  h1_extend.o(.text)
    __semihosting_library_function           0x080005e3   Thumb Code     0  indicate_semi.o(.text)
    __sig_exit                               0x08000617   Thumb Code    10  defsig_exit.o(.text)
    __rt_SIGABRT_inner                       0x08000621   Thumb Code    14  defsig_abrt_inner.o(.text)
    __rt_SIGRTMEM                            0x08000651   Thumb Code    14  defsig_rtmem_outer.o(.text)
    __user_setup_stackheap                   0x0800065f   Thumb Code    74  sys_stackheap_outer.o(.text)
    exit                                     0x080006a9   Thumb Code    18  exit.o(.text)
    __default_signal_display                 0x080006bb   Thumb Code    50  defsig_general.o(.text)
    __rt_SIGRTMEM_inner                      0x080006ed   Thumb Code    22  defsig_rtmem_inner.o(.text)
    _ttywrch                                 0x0800073d   Thumb Code    14  sys_wrch.o(.text)
    API_Init__STM32F103C8T6                  0x0800074d   Thumb Code     8  rh_gui_api.o(i.API_Init__STM32F103C8T6)
    BusFault_Handler                         0x0800075d   Thumb Code     2  stm32f10x_it.o(i.BusFault_Handler)
    DebugMon_Handler                         0x0800075f   Thumb Code     2  stm32f10x_it.o(i.DebugMon_Handler)
    GPIO_Init                                0x08000761   Thumb Code   156  stm32f10x_gpio.o(i.GPIO_Init)
    GUI_AddScreenArea                        0x080007fd   Thumb Code   104  rh_gui.o(i.GUI_AddScreenArea)
    GUI_DrawArea                             0x08000869   Thumb Code     2  rh_gui.o(i.GUI_DrawArea)
    GUI_DummyDrawPixel                       0x0800086b   Thumb Code     2  rh_gui.o(i.GUI_DummyDrawPixel)
    GUI_Init                                 0x0800086d   Thumb Code    54  rh_gui.o(i.GUI_Init)
    GUI_RefreashScreen                       0x080008a9   Thumb Code   118  rh_gui.o(i.GUI_RefreashScreen)
    GUI_RefreashScreenArea                   0x08000925   Thumb Code   138  rh_gui.o(i.GUI_RefreashScreenArea)
    GUI_rect_raw                             0x080009b9   Thumb Code    66  rh_gui.o(i.GUI_rect_raw)
    HardFault_Handler                        0x08000a05   Thumb Code     2  stm32f10x_it.o(i.HardFault_Handler)
    I2C_CheckEvent                           0x08000a07   Thumb Code    24  stm32f10x_i2c.o(i.I2C_CheckEvent)
    I2C_Cmd                                  0x08000a1f   Thumb Code    20  stm32f10x_i2c.o(i.I2C_Cmd)
    I2C_DeInit                               0x08000a35   Thumb Code    38  stm32f10x_i2c.o(i.I2C_DeInit)
    I2C_GenerateSTART                        0x08000a61   Thumb Code    20  stm32f10x_i2c.o(i.I2C_GenerateSTART)
    I2C_GenerateSTOP                         0x08000a75   Thumb Code    20  stm32f10x_i2c.o(i.I2C_GenerateSTOP)
    I2C_GetFlagStatus                        0x08000a89   Thumb Code    42  stm32f10x_i2c.o(i.I2C_GetFlagStatus)
    I2C_Init                                 0x08000ab5   Thumb Code   178  stm32f10x_i2c.o(i.I2C_Init)
    I2C_Send7bitAddress                      0x08000b71   Thumb Code    16  stm32f10x_i2c.o(i.I2C_Send7bitAddress)
    I2C_SendData                             0x08000b81   Thumb Code     4  stm32f10x_i2c.o(i.I2C_SendData)
    MemManage_Handler                        0x08000b85   Thumb Code     2  stm32f10x_it.o(i.MemManage_Handler)
    NMI_Handler                              0x08000b87   Thumb Code     2  stm32f10x_it.o(i.NMI_Handler)
    PendSV_Handler                           0x08000b89   Thumb Code     2  stm32f10x_it.o(i.PendSV_Handler)
    RCC_APB1PeriphClockCmd                   0x08000b8d   Thumb Code    18  stm32f10x_rcc.o(i.RCC_APB1PeriphClockCmd)
    RCC_APB1PeriphResetCmd                   0x08000ba5   Thumb Code    18  stm32f10x_rcc.o(i.RCC_APB1PeriphResetCmd)
    RCC_APB2PeriphClockCmd                   0x08000bbd   Thumb Code    18  stm32f10x_rcc.o(i.RCC_APB2PeriphClockCmd)
    RCC_GetClocksFreq                        0x08000bd5   Thumb Code   132  stm32f10x_rcc.o(i.RCC_GetClocksFreq)
    SSD1306_API_DrawArea                     0x08000c69   Thumb Code   104  ssd1306.o(i.SSD1306_API_DrawArea)
    SSD1306_Clean                            0x08000cd1   Thumb Code    48  ssd1306.o(i.SSD1306_Clean)
    SSD1306_Init                             0x08000d01   Thumb Code   246  ssd1306.o(i.SSD1306_Init)
    SVC_Handler                              0x08000e05   Thumb Code     2  stm32f10x_it.o(i.SVC_Handler)
    SysTick_CLKSourceConfig                  0x08000eb1   Thumb Code    24  misc.o(i.SysTick_CLKSourceConfig)
    SysTick_Handler                          0x08000ec9   Thumb Code     2  stm32f10x_it.o(i.SysTick_Handler)
    SystemInit                               0x08000ecd   Thumb Code    64  system_stm32f10x.o(i.SystemInit)
    UsageFault_Handler                       0x08000f1d   Thumb Code     2  stm32f10x_it.o(i.UsageFault_Handler)
    __Font_init                              0x080010bd   Thumb Code    30  rh_font.o(i.__Font_init)
    __Font_setSize                           0x080010e1   Thumb Code    86  rh_font.o(i.__Font_setSize)
    __Font_setStyle                          0x0800113d   Thumb Code   108  rh_font.o(i.__Font_setStyle)
    __Graph_init                             0x080011b1   Thumb Code    32  rh_graphic.o(i.__Graph_init)
    __Graph_rect_raw                         0x080011d5   Thumb Code   114  rh_graphic.o(i.__Graph_rect_raw)
    __Stack_createBase                       0x08001251   Thumb Code    24  rh_data.o(i.__Stack_createBase)
    __Stack_empty                            0x08001269   Thumb Code    28  rh_data.o(i.__Stack_empty)
    __Stack_pop                              0x08001285   Thumb Code    46  rh_data.o(i.__Stack_pop)
    __Stack_push                             0x080012b3   Thumb Code    36  rh_data.o(i.__Stack_push)
    __memgrab_Area                           0x080012d7   Thumb Code    98  rh_lib.o(i.__memgrab_Area)
    delay_init                               0x080013d9   Thumb Code    38  delay.o(i.delay_init)
    delay_ms                                 0x08001405   Thumb Code    46  delay.o(i.delay_ms)
    main                                     0x08001439   Thumb Code    46  main.o(i.main)
    roundf                                   0x08001467   Thumb Code   114  roundf.o(i.roundf)
    stbtt_GetFontVMetrics                    0x080014d9   Thumb Code    66  rh_font.o(i.stbtt_GetFontVMetrics)
    stbtt_InitFont                           0x0800151b   Thumb Code     4  rh_font.o(i.stbtt_InitFont)
    stbtt_ScaleForPixelHeight                0x08001829   Thumb Code    50  rh_font.o(i.stbtt_ScaleForPixelHeight)
    __aeabi_fadd                             0x08001bcd   Thumb Code     0  faddsub_clz.o(x$fpl$fadd)
    _fadd                                    0x08001bcd   Thumb Code   196  faddsub_clz.o(x$fpl$fadd)
    __aeabi_fdiv                             0x08001c91   Thumb Code     0  fdiv.o(x$fpl$fdiv)
    _fdiv                                    0x08001c91   Thumb Code   384  fdiv.o(x$fpl$fdiv)
    __aeabi_f2iz                             0x08001e15   Thumb Code     0  ffix.o(x$fpl$ffix)
    _ffix                                    0x08001e15   Thumb Code    54  ffix.o(x$fpl$ffix)
    __aeabi_i2f                              0x08001e4d   Thumb Code     0  fflt_clz.o(x$fpl$fflt)
    _fflt                                    0x08001e4d   Thumb Code    48  fflt_clz.o(x$fpl$fflt)
    __aeabi_fmul                             0x08001e7d   Thumb Code     0  fmul.o(x$fpl$fmul)
    _fmul                                    0x08001e7d   Thumb Code   258  fmul.o(x$fpl$fmul)
    __fpl_fnaninf                            0x08001f7f   Thumb Code   140  fnaninf.o(x$fpl$fnaninf)
    __fpl_fretinf                            0x0800200b   Thumb Code    10  fretinf.o(x$fpl$fretinf)
    _frnd                                    0x08002015   Thumb Code    96  frnd.o(x$fpl$frnd)
    __aeabi_fsub                             0x08002075   Thumb Code     0  faddsub_clz.o(x$fpl$fsub)
    _fsub                                    0x08002075   Thumb Code   234  faddsub_clz.o(x$fpl$fsub)
    __I$use$fp                               0x0800215e   Number         0  usenofp.o(x$fpl$usenofp)
    Font_TTF_ArialRoundedBold                0x08002194   Data       49296  rh_font_arialroundedbold.o(.constdata)
    Region$$Table$$Base                      0x0800e224   Number         0  anon$$obj.o(Region$$Table)
    Region$$Table$$Limit                     0x0800e244   Number         0  anon$$obj.o(Region$$Table)
    GUI_API_DrawArea                         0x20000018   Data           4  rh_gui.o(.data)
    GUI_API_DrawPixel                        0x2000001c   Data           4  rh_gui.o(.data)
    __libspace_start                         0x20000dd4   Data          96  libspace.o(.bss)
    __temporary_stack_top$libspace           0x20000e34   Data           0  libspace.o(.bss)



==============================================================================

Memory Map of the image

  Image Entry point : 0x08000131

  Load Region LR_IROM1 (Base: 0x08000000, Size: 0x0000e2a8, Max: 0x00010000, ABSOLUTE)

    Execution Region ER_IROM1 (Exec base: 0x08000000, Load base: 0x08000000, Size: 0x0000e244, Max: 0x00010000, ABSOLUTE)

    Exec Addr    Load Addr    Size         Type   Attr      Idx    E Section Name        Object

    0x08000000   0x08000000   0x00000130   Data   RO         2704    RESET               startup_stm32f10x_hd.o
    0x08000130   0x08000130   0x00000008   Code   RO         4908  * !!!main             c_w.l(__main.o)
    0x08000138   0x08000138   0x00000034   Code   RO         5553    !!!scatter          c_w.l(__scatter.o)
    0x0800016c   0x0800016c   0x0000001a   Code   RO         5555    !!handler_copy      c_w.l(__scatter_copy.o)
    0x08000186   0x08000186   0x00000002   PAD
    0x08000188   0x08000188   0x0000001c   Code   RO         5557    !!handler_zi        c_w.l(__scatter_zi.o)
    0x080001a4   0x080001a4   0x00000002   Code   RO         5485    .ARM.Collect$$libinit$$00000000  c_w.l(libinit.o)
    0x080001a6   0x080001a6   0x00000000   Code   RO         5193    .ARM.Collect$$libinit$$00000002  c_w.l(libinit2.o)
    0x080001a6   0x080001a6   0x00000000   Code   RO         5195    .ARM.Collect$$libinit$$00000004  c_w.l(libinit2.o)
    0x080001a6   0x080001a6   0x00000008   Code   RO         5196    .ARM.Collect$$libinit$$00000005  c_w.l(libinit2.o)
    0x080001ae   0x080001ae   0x00000000   Code   RO         5198    .ARM.Collect$$libinit$$0000000A  c_w.l(libinit2.o)
    0x080001ae   0x080001ae   0x00000000   Code   RO         5200    .ARM.Collect$$libinit$$0000000C  c_w.l(libinit2.o)
    0x080001ae   0x080001ae   0x00000000   Code   RO         5202    .ARM.Collect$$libinit$$0000000E  c_w.l(libinit2.o)
    0x080001ae   0x080001ae   0x00000000   Code   RO         5205    .ARM.Collect$$libinit$$00000011  c_w.l(libinit2.o)
    0x080001ae   0x080001ae   0x00000000   Code   RO         5207    .ARM.Collect$$libinit$$00000013  c_w.l(libinit2.o)
    0x080001ae   0x080001ae   0x00000000   Code   RO         5209    .ARM.Collect$$libinit$$00000015  c_w.l(libinit2.o)
    0x080001ae   0x080001ae   0x00000000   Code   RO         5211    .ARM.Collect$$libinit$$00000017  c_w.l(libinit2.o)
    0x080001ae   0x080001ae   0x00000000   Code   RO         5213    .ARM.Collect$$libinit$$00000019  c_w.l(libinit2.o)
    0x080001ae   0x080001ae   0x00000000   Code   RO         5215    .ARM.Collect$$libinit$$0000001B  c_w.l(libinit2.o)
    0x080001ae   0x080001ae   0x00000000   Code   RO         5217    .ARM.Collect$$libinit$$0000001D  c_w.l(libinit2.o)
    0x080001ae   0x080001ae   0x00000000   Code   RO         5219    .ARM.Collect$$libinit$$0000001F  c_w.l(libinit2.o)
    0x080001ae   0x080001ae   0x00000000   Code   RO         5221    .ARM.Collect$$libinit$$00000021  c_w.l(libinit2.o)
    0x080001ae   0x080001ae   0x00000000   Code   RO         5223    .ARM.Collect$$libinit$$00000023  c_w.l(libinit2.o)
    0x080001ae   0x080001ae   0x00000000   Code   RO         5225    .ARM.Collect$$libinit$$00000025  c_w.l(libinit2.o)
    0x080001ae   0x080001ae   0x00000000   Code   RO         5229    .ARM.Collect$$libinit$$0000002C  c_w.l(libinit2.o)
    0x080001ae   0x080001ae   0x00000000   Code   RO         5231    .ARM.Collect$$libinit$$0000002E  c_w.l(libinit2.o)
    0x080001ae   0x080001ae   0x00000000   Code   RO         5233    .ARM.Collect$$libinit$$00000030  c_w.l(libinit2.o)
    0x080001ae   0x080001ae   0x00000000   Code   RO         5235    .ARM.Collect$$libinit$$00000032  c_w.l(libinit2.o)
    0x080001ae   0x080001ae   0x00000002   Code   RO         5236    .ARM.Collect$$libinit$$00000033  c_w.l(libinit2.o)
    0x080001b0   0x080001b0   0x00000002   Code   RO         5550    .ARM.Collect$$libshutdown$$00000000  c_w.l(libshutdown.o)
    0x080001b2   0x080001b2   0x00000000   Code   RO         5487    .ARM.Collect$$libshutdown$$00000002  c_w.l(libshutdown2.o)
    0x080001b2   0x080001b2   0x00000000   Code   RO         5489    .ARM.Collect$$libshutdown$$00000004  c_w.l(libshutdown2.o)
    0x080001b2   0x080001b2   0x00000000   Code   RO         5492    .ARM.Collect$$libshutdown$$00000007  c_w.l(libshutdown2.o)
    0x080001b2   0x080001b2   0x00000000   Code   RO         5495    .ARM.Collect$$libshutdown$$0000000A  c_w.l(libshutdown2.o)
    0x080001b2   0x080001b2   0x00000000   Code   RO         5497    .ARM.Collect$$libshutdown$$0000000C  c_w.l(libshutdown2.o)
    0x080001b2   0x080001b2   0x00000000   Code   RO         5500    .ARM.Collect$$libshutdown$$0000000F  c_w.l(libshutdown2.o)
    0x080001b2   0x080001b2   0x00000002   Code   RO         5501    .ARM.Collect$$libshutdown$$00000010  c_w.l(libshutdown2.o)
    0x080001b4   0x080001b4   0x00000000   Code   RO         5063    .ARM.Collect$$rtentry$$00000000  c_w.l(__rtentry.o)
    0x080001b4   0x080001b4   0x00000000   Code   RO         5318    .ARM.Collect$$rtentry$$00000002  c_w.l(__rtentry2.o)
    0x080001b4   0x080001b4   0x00000006   Code   RO         5330    .ARM.Collect$$rtentry$$00000004  c_w.l(__rtentry4.o)
    0x080001ba   0x080001ba   0x00000000   Code   RO         5320    .ARM.Collect$$rtentry$$00000009  c_w.l(__rtentry2.o)
    0x080001ba   0x080001ba   0x00000004   Code   RO         5321    .ARM.Collect$$rtentry$$0000000A  c_w.l(__rtentry2.o)
    0x080001be   0x080001be   0x00000000   Code   RO         5323    .ARM.Collect$$rtentry$$0000000C  c_w.l(__rtentry2.o)
    0x080001be   0x080001be   0x00000008   Code   RO         5324    .ARM.Collect$$rtentry$$0000000D  c_w.l(__rtentry2.o)
    0x080001c6   0x080001c6   0x00000002   Code   RO         5506    .ARM.Collect$$rtexit$$00000000  c_w.l(rtexit.o)
    0x080001c8   0x080001c8   0x00000000   Code   RO         5530    .ARM.Collect$$rtexit$$00000002  c_w.l(rtexit2.o)
    0x080001c8   0x080001c8   0x00000004   Code   RO         5531    .ARM.Collect$$rtexit$$00000003  c_w.l(rtexit2.o)
    0x080001cc   0x080001cc   0x00000006   Code   RO         5532    .ARM.Collect$$rtexit$$00000004  c_w.l(rtexit2.o)
    0x080001d2   0x080001d2   0x00000002   PAD
    0x080001d4   0x080001d4   0x00000000   Code   RO         5341    .emb_text           c_w.l(maybetermalloc1.o)
    0x080001d4   0x080001d4   0x00000040   Code   RO         2705    .text               startup_stm32f10x_hd.o
    0x08000214   0x08000214   0x0000005e   Code   RO         4773    .text               c_w.l(h1_alloc.o)
    0x08000272   0x08000272   0x0000004e   Code   RO         4775    .text               c_w.l(h1_free.o)
    0x080002c0   0x080002c0   0x00000016   Code   RO         4879    .text               c_w.l(abort.o)
    0x080002d6   0x080002d6   0x0000008a   Code   RO         4888    .text               c_w.l(rt_memcpy_v6.o)
    0x08000360   0x08000360   0x00000084   Code   RO         4890    .text               c_w.l(rt_memmove_v6.o)
    0x080003e4   0x080003e4   0x00000064   Code   RO         4892    .text               c_w.l(rt_memcpy_w.o)
    0x08000448   0x08000448   0x0000007a   Code   RO         4894    .text               c_w.l(rt_memmove_w.o)
    0x080004c2   0x080004c2   0x0000004e   Code   RO         4902    .text               c_w.l(rt_memclr_w.o)
    0x08000510   0x08000510   0x00000006   Code   RO         4906    .text               c_w.l(heapauxi.o)
    0x08000516   0x08000516   0x00000002   PAD
    0x08000518   0x08000518   0x0000000c   Code   RO         5059    .text               c_w.l(sys_exit.o)
    0x08000524   0x08000524   0x00000008   Code   RO         5067    .text               c_w.l(rt_heap_descriptor_intlibspace.o)
    0x0800052c   0x0800052c   0x00000004   Code   RO         5069    .text               c_w.l(hguard.o)
    0x08000530   0x08000530   0x0000008a   Code   RO         5071    .text               c_w.l(init_alloc.o)
    0x080005ba   0x080005ba   0x0000000e   Code   RO         5075    .text               c_w.l(h1_init.o)
    0x080005c8   0x080005c8   0x0000000e   Code   RO         5184    .text               c_w.l(defsig_abrt_outer.o)
    0x080005d6   0x080005d6   0x00000002   PAD
    0x080005d8   0x080005d8   0x00000008   Code   RO         5311    .text               c_w.l(libspace.o)
    0x080005e0   0x080005e0   0x00000002   Code   RO         5314    .text               c_w.l(use_no_semi.o)
    0x080005e2   0x080005e2   0x00000000   Code   RO         5316    .text               c_w.l(indicate_semi.o)
    0x080005e2   0x080005e2   0x00000034   Code   RO         5343    .text               c_w.l(h1_extend.o)
    0x08000616   0x08000616   0x0000000a   Code   RO         5374    .text               c_w.l(defsig_exit.o)
    0x08000620   0x08000620   0x00000030   Code   RO         5376    .text               c_w.l(defsig_abrt_inner.o)
    0x08000650   0x08000650   0x0000000e   Code   RO         5378    .text               c_w.l(defsig_rtmem_outer.o)
    0x0800065e   0x0800065e   0x0000004a   Code   RO         5399    .text               c_w.l(sys_stackheap_outer.o)
    0x080006a8   0x080006a8   0x00000012   Code   RO         5462    .text               c_w.l(exit.o)
    0x080006ba   0x080006ba   0x00000032   Code   RO         5466    .text               c_w.l(defsig_general.o)
    0x080006ec   0x080006ec   0x00000050   Code   RO         5472    .text               c_w.l(defsig_rtmem_inner.o)
    0x0800073c   0x0800073c   0x0000000e   Code   RO         5504    .text               c_w.l(sys_wrch.o)
    0x0800074a   0x0800074a   0x00000002   PAD
    0x0800074c   0x0800074c   0x00000010   Code   RO         2943    i.API_Init__STM32F103C8T6  rh_gui_api.o
    0x0800075c   0x0800075c   0x00000002   Code   RO          124    i.BusFault_Handler  stm32f10x_it.o
    0x0800075e   0x0800075e   0x00000002   Code   RO          125    i.DebugMon_Handler  stm32f10x_it.o
    0x08000760   0x08000760   0x0000009c   Code   RO          430    i.GPIO_Init         stm32f10x_gpio.o
    0x080007fc   0x080007fc   0x0000006c   Code   RO         2767    i.GUI_AddScreenArea  rh_gui.o
    0x08000868   0x08000868   0x00000002   Code   RO         2770    i.GUI_DrawArea      rh_gui.o
    0x0800086a   0x0800086a   0x00000002   Code   RO         2771    i.GUI_DummyDrawPixel  rh_gui.o
    0x0800086c   0x0800086c   0x0000003c   Code   RO         2772    i.GUI_Init          rh_gui.o
    0x080008a8   0x080008a8   0x0000007c   Code   RO         2773    i.GUI_RefreashScreen  rh_gui.o
    0x08000924   0x08000924   0x00000094   Code   RO         2774    i.GUI_RefreashScreenArea  rh_gui.o
    0x080009b8   0x080009b8   0x0000004c   Code   RO         2781    i.GUI_rect_raw      rh_gui.o
    0x08000a04   0x08000a04   0x00000002   Code   RO          126    i.HardFault_Handler  stm32f10x_it.o
    0x08000a06   0x08000a06   0x00000018   Code   RO         1302    i.I2C_CheckEvent    stm32f10x_i2c.o
    0x08000a1e   0x08000a1e   0x00000014   Code   RO         1305    i.I2C_Cmd           stm32f10x_i2c.o
    0x08000a32   0x08000a32   0x00000002   PAD
    0x08000a34   0x08000a34   0x0000002c   Code   RO         1308    i.I2C_DeInit        stm32f10x_i2c.o
    0x08000a60   0x08000a60   0x00000014   Code   RO         1312    i.I2C_GenerateSTART  stm32f10x_i2c.o
    0x08000a74   0x08000a74   0x00000014   Code   RO         1313    i.I2C_GenerateSTOP  stm32f10x_i2c.o
    0x08000a88   0x08000a88   0x0000002a   Code   RO         1314    i.I2C_GetFlagStatus  stm32f10x_i2c.o
    0x08000ab2   0x08000ab2   0x00000002   PAD
    0x08000ab4   0x08000ab4   0x000000bc   Code   RO         1319    i.I2C_Init          stm32f10x_i2c.o
    0x08000b70   0x08000b70   0x00000010   Code   RO         1325    i.I2C_Send7bitAddress  stm32f10x_i2c.o
    0x08000b80   0x08000b80   0x00000004   Code   RO         1326    i.I2C_SendData      stm32f10x_i2c.o
    0x08000b84   0x08000b84   0x00000002   Code   RO          127    i.MemManage_Handler  stm32f10x_it.o
    0x08000b86   0x08000b86   0x00000002   Code   RO          128    i.NMI_Handler       stm32f10x_it.o
    0x08000b88   0x08000b88   0x00000002   Code   RO          129    i.PendSV_Handler    stm32f10x_it.o
    0x08000b8a   0x08000b8a   0x00000002   PAD
    0x08000b8c   0x08000b8c   0x00000018   Code   RO          540    i.RCC_APB1PeriphClockCmd  stm32f10x_rcc.o
    0x08000ba4   0x08000ba4   0x00000018   Code   RO          541    i.RCC_APB1PeriphResetCmd  stm32f10x_rcc.o
    0x08000bbc   0x08000bbc   0x00000018   Code   RO          542    i.RCC_APB2PeriphClockCmd  stm32f10x_rcc.o
    0x08000bd4   0x08000bd4   0x00000094   Code   RO          550    i.RCC_GetClocksFreq  stm32f10x_rcc.o
    0x08000c68   0x08000c68   0x00000068   Code   RO         2709    i.SSD1306_API_DrawArea  ssd1306.o
    0x08000cd0   0x08000cd0   0x00000030   Code   RO         2711    i.SSD1306_Clean     ssd1306.o
    0x08000d00   0x08000d00   0x00000104   Code   RO         2713    i.SSD1306_Init      ssd1306.o
    0x08000e04   0x08000e04   0x00000002   Code   RO          130    i.SVC_Handler       stm32f10x_it.o
    0x08000e06   0x08000e06   0x00000002   PAD
    0x08000e08   0x08000e08   0x000000a8   Code   RO         2673    i.SetSysClockTo72   system_stm32f10x.o
    0x08000eb0   0x08000eb0   0x00000018   Code   RO          217    i.SysTick_CLKSourceConfig  misc.o
    0x08000ec8   0x08000ec8   0x00000002   Code   RO          131    i.SysTick_Handler   stm32f10x_it.o
    0x08000eca   0x08000eca   0x00000002   PAD
    0x08000ecc   0x08000ecc   0x00000050   Code   RO         2675    i.SystemInit        system_stm32f10x.o
    0x08000f1c   0x08000f1c   0x00000002   Code   RO          132    i.UsageFault_Handler  stm32f10x_it.o
    0x08000f1e   0x08000f1e   0x00000002   PAD
    0x08000f20   0x08000f20   0x0000003c   Code   RO         3256    i.__ApplyPixel_cpblur  rh_graphic.o
    0x08000f5c   0x08000f5c   0x0000004c   Code   RO         3257    i.__ApplyPixel_fill  rh_graphic.o
    0x08000fa8   0x08000fa8   0x00000028   Code   RO         3258    i.__ApplyPixel_lightness  rh_graphic.o
    0x08000fd0   0x08000fd0   0x00000038   Code   RO         3259    i.__ApplyPixel_mark  rh_graphic.o
    0x08001008   0x08001008   0x0000004e   Code   RO         3260    i.__ApplyPixel_reverse  rh_graphic.o
    0x08001056   0x08001056   0x0000003c   Code   RO         3261    i.__ApplyPixel_unmark  rh_graphic.o
    0x08001092   0x08001092   0x0000002a   Code   RO         3262    i.__ApplyPixel_unzero  rh_graphic.o
    0x080010bc   0x080010bc   0x00000024   Code   RO         4016    i.__Font_init       rh_font.o
    0x080010e0   0x080010e0   0x0000005c   Code   RO         4018    i.__Font_setSize    rh_font.o
    0x0800113c   0x0800113c   0x00000074   Code   RO         4019    i.__Font_setStyle   rh_font.o
    0x080011b0   0x080011b0   0x00000024   Code   RO         3275    i.__Graph_init      rh_graphic.o
    0x080011d4   0x080011d4   0x0000007c   Code   RO         3284    i.__Graph_rect_raw  rh_graphic.o
    0x08001250   0x08001250   0x00000018   Code   RO         3032    i.__Stack_createBase  rh_data.o
    0x08001268   0x08001268   0x0000001c   Code   RO         3034    i.__Stack_empty     rh_data.o
    0x08001284   0x08001284   0x0000002e   Code   RO         3035    i.__Stack_pop       rh_data.o
    0x080012b2   0x080012b2   0x00000024   Code   RO         3036    i.__Stack_push      rh_data.o
    0x080012d6   0x080012d6   0x00000062   Code   RO         3652    i.__memgrab_Area    rh_lib.o
    0x08001338   0x08001338   0x00000090   Code   RO         2715    i.__writeByte       ssd1306.o
    0x080013c8   0x080013c8   0x00000008   Code   RO         2716    i.__writeCmd        ssd1306.o
    0x080013d0   0x080013d0   0x00000008   Code   RO         2717    i.__writeDat        ssd1306.o
    0x080013d8   0x080013d8   0x0000002c   Code   RO          187    i.delay_init        delay.o
    0x08001404   0x08001404   0x00000034   Code   RO          188    i.delay_ms          delay.o
    0x08001438   0x08001438   0x0000002e   Code   RO            1    i.main              main.o
    0x08001466   0x08001466   0x00000072   Code   RO         5048    i.roundf            m_ws.l(roundf.o)
    0x080014d8   0x080014d8   0x00000042   Code   RO         4047    i.stbtt_GetFontVMetrics  rh_font.o
    0x0800151a   0x0800151a   0x00000004   Code   RO         4064    i.stbtt_InitFont    rh_font.o
    0x0800151e   0x0800151e   0x00000002   PAD
    0x08001520   0x08001520   0x00000308   Code   RO         4065    i.stbtt_InitFont_internal  rh_font.o
    0x08001828   0x08001828   0x00000032   Code   RO         4084    i.stbtt_ScaleForPixelHeight  rh_font.o
    0x0800185a   0x0800185a   0x00000024   Code   RO         4094    i.stbtt__buf_get    rh_font.o
    0x0800187e   0x0800187e   0x00000016   Code   RO         4095    i.stbtt__buf_get8   rh_font.o
    0x08001894   0x08001894   0x00000012   Code   RO         4096    i.stbtt__buf_peek8  rh_font.o
    0x080018a6   0x080018a6   0x00000040   Code   RO         4097    i.stbtt__buf_range  rh_font.o
    0x080018e6   0x080018e6   0x00000010   Code   RO         4098    i.stbtt__buf_seek   rh_font.o
    0x080018f6   0x080018f6   0x00000008   Code   RO         4099    i.stbtt__buf_skip   rh_font.o
    0x080018fe   0x080018fe   0x0000004a   Code   RO         4100    i.stbtt__cff_get_index  rh_font.o
    0x08001948   0x08001948   0x00000054   Code   RO         4101    i.stbtt__cff_index_get  rh_font.o
    0x0800199c   0x0800199c   0x0000006a   Code   RO         4102    i.stbtt__cff_int    rh_font.o
    0x08001a06   0x08001a06   0x00000092   Code   RO         4112    i.stbtt__dict_get   rh_font.o
    0x08001a98   0x08001a98   0x0000002e   Code   RO         4113    i.stbtt__dict_get_ints  rh_font.o
    0x08001ac6   0x08001ac6   0x00000060   Code   RO         4115    i.stbtt__find_table  rh_font.o
    0x08001b26   0x08001b26   0x0000006e   Code   RO         4116    i.stbtt__get_subrs  rh_font.o
    0x08001b94   0x08001b94   0x0000000a   Code   RO         4123    i.stbtt__new_buf    rh_font.o
    0x08001b9e   0x08001b9e   0x0000000c   Code   RO         4138    i.ttSHORT           rh_font.o
    0x08001baa   0x08001baa   0x00000016   Code   RO         4139    i.ttULONG           rh_font.o
    0x08001bc0   0x08001bc0   0x0000000c   Code   RO         4140    i.ttUSHORT          rh_font.o
    0x08001bcc   0x08001bcc   0x000000c4   Code   RO         4938    x$fpl$fadd          fz_ws.l(faddsub_clz.o)
    0x08001c90   0x08001c90   0x00000184   Code   RO         4945    x$fpl$fdiv          fz_ws.l(fdiv.o)
    0x08001e14   0x08001e14   0x00000036   Code   RO         4950    x$fpl$ffix          fz_ws.l(ffix.o)
    0x08001e4a   0x08001e4a   0x00000002   PAD
    0x08001e4c   0x08001e4c   0x00000030   Code   RO         4959    x$fpl$fflt          fz_ws.l(fflt_clz.o)
    0x08001e7c   0x08001e7c   0x00000102   Code   RO         4966    x$fpl$fmul          fz_ws.l(fmul.o)
    0x08001f7e   0x08001f7e   0x0000008c   Code   RO         5259    x$fpl$fnaninf       fz_ws.l(fnaninf.o)
    0x0800200a   0x0800200a   0x0000000a   Code   RO         5261    x$fpl$fretinf       fz_ws.l(fretinf.o)
    0x08002014   0x08002014   0x00000060   Code   RO         5263    x$fpl$frnd          fz_ws.l(frnd.o)
    0x08002074   0x08002074   0x000000ea   Code   RO         4940    x$fpl$fsub          fz_ws.l(faddsub_clz.o)
    0x0800215e   0x0800215e   0x00000000   Code   RO         5275    x$fpl$usenofp       fz_ws.l(usenofp.o)
    0x0800215e   0x0800215e   0x00000002   PAD
    0x08002160   0x08002160   0x00000014   Data   RO         2718    .constdata          ssd1306.o
    0x08002174   0x08002174   0x00000020   Data   RO         3292    .constdata          rh_graphic.o
    0x08002194   0x08002194   0x0000c090   Data   RO         4756    .constdata          rh_font_arialroundedbold.o
    0x0800e224   0x0800e224   0x00000020   Data   RO         5551    Region$$Table       anon$$obj.o


    Execution Region RW_IRAM1 (Exec base: 0x20000000, Load base: 0x0800e244, Size: 0x00001438, Max: 0x00005000, ABSOLUTE)

    Exec Addr    Load Addr    Size         Type   Attr      Idx    E Section Name        Object

    0x20000000   0x0800e244   0x00000004   Data   RW          190    .data               delay.o
    0x20000004   0x0800e248   0x00000014   Data   RW          570    .data               stm32f10x_rcc.o
    0x20000018   0x0800e25c   0x00000014   Data   RW         2789    .data               rh_gui.o
    0x2000002c   0x0800e270   0x00000030   Data   RW         3293    .data               rh_graphic.o
    0x2000005c   0x0800e2a0   0x00000008   Data   RW         4143    .data               rh_font.o
    0x20000064        -       0x00000c18   Zero   RW         2787    .bss                rh_gui.o
    0x20000c7c        -       0x00000158   Zero   RW         4141    .bss                rh_font.o
    0x20000dd4        -       0x00000060   Zero   RW         5312    .bss                c_w.l(libspace.o)
    0x20000e34   0x0800e2a8   0x00000004   PAD
    0x20000e38        -       0x00000200   Zero   RW         2703    HEAP                startup_stm32f10x_hd.o
    0x20001038        -       0x00000400   Zero   RW         2702    STACK               startup_stm32f10x_hd.o


==============================================================================

Image component sizes


      Code (inc. data)   RO Data    RW Data    ZI Data      Debug   Object Name

         0          0          0          0          0         32   core_cm3.o
        96         12          0          4          0       1196   delay.o
        46          0          0          0          0     232883   main.o
        24          0          0          0          0        582   misc.o
       134          0          0          0          0       3182   rh_data.o
      2022        102          0          8        344      27135   rh_font.o
         0          0      49296          0          0        796   rh_font_arialroundedbold.o
       572         20         32         48          0       9930   rh_graphic.o
       520         36          0         20       3096      16897   rh_gui.o
        16          8          0          0          0       2478   rh_gui_api.o
        98          0          0          0          0       2165   rh_lib.o
       572         28         20          0          0       4394   ssd1306.o
        64         26        304          0       1536        880   startup_stm32f10x_hd.o
       156          0          0          0          0       2232   stm32f10x_gpio.o
       378         16          0          0          0       7819   stm32f10x_i2c.o
        18          0          0          0          0       3850   stm32f10x_it.o
       220         34          0         20          0       5439   stm32f10x_rcc.o
       248         24          0          0          0       1649   system_stm32f10x.o

    ----------------------------------------------------------------------
      5198        306      49684        100       4976     323539   Object Totals
         0          0         32          0          0          0   (incl. Generated)
        14          0          0          0          0          0   (incl. Padding)

    ----------------------------------------------------------------------

      Code (inc. data)   RO Data    RW Data    ZI Data      Debug   Library Member Name

         8          0          0          0          0         68   __main.o
         0          0          0          0          0          0   __rtentry.o
        12          0          0          0          0          0   __rtentry2.o
         6          0          0          0          0          0   __rtentry4.o
        52          8          0          0          0          0   __scatter.o
        26          0          0          0          0          0   __scatter_copy.o
        28          0          0          0          0          0   __scatter_zi.o
        22          0          0          0          0         80   abort.o
        48         34          0          0          0         76   defsig_abrt_inner.o
        14          0          0          0          0         80   defsig_abrt_outer.o
        10          0          0          0          0         68   defsig_exit.o
        50          0          0          0          0         88   defsig_general.o
        80         58          0          0          0         76   defsig_rtmem_inner.o
        14          0          0          0          0         80   defsig_rtmem_outer.o
        18          0          0          0          0         80   exit.o
        94          0          0          0          0         80   h1_alloc.o
        52          0          0          0          0         68   h1_extend.o
        78          0          0          0          0         80   h1_free.o
        14          0          0          0          0         84   h1_init.o
         6          0          0          0          0        152   heapauxi.o
         4          0          0          0          0        136   hguard.o
         0          0          0          0          0          0   indicate_semi.o
       138          0          0          0          0        168   init_alloc.o
         2          0          0          0          0          0   libinit.o
        10          0          0          0          0          0   libinit2.o
         2          0          0          0          0          0   libshutdown.o
         2          0          0          0          0          0   libshutdown2.o
         8          4          0          0         96         68   libspace.o
         0          0          0          0          0          0   maybetermalloc1.o
         8          4          0          0          0         68   rt_heap_descriptor_intlibspace.o
        78          0          0          0          0         80   rt_memclr_w.o
       138          0          0          0          0         68   rt_memcpy_v6.o
       100          0          0          0          0         80   rt_memcpy_w.o
       132          0          0          0          0         68   rt_memmove_v6.o
       122          0          0          0          0         80   rt_memmove_w.o
         2          0          0          0          0          0   rtexit.o
        10          0          0          0          0          0   rtexit2.o
        12          4          0          0          0         68   sys_exit.o
        74          0          0          0          0         80   sys_stackheap_outer.o
        14          0          0          0          0         76   sys_wrch.o
         2          0          0          0          0         68   use_no_semi.o
       430          8          0          0          0        168   faddsub_clz.o
       388         76          0          0          0         96   fdiv.o
        54          4          0          0          0         84   ffix.o
        48          0          0          0          0         68   fflt_clz.o
       258          4          0          0          0         84   fmul.o
       140          4          0          0          0         84   fnaninf.o
        10          0          0          0          0         68   fretinf.o
        96          4          0          0          0         76   frnd.o
         0          0          0          0          0          0   usenofp.o
       114          0          0          0          0         80   roundf.o

    ----------------------------------------------------------------------
      3042        212          0          0        100       3076   Library Totals
        14          0          0          0          4          0   (incl. Padding)

    ----------------------------------------------------------------------

      Code (inc. data)   RO Data    RW Data    ZI Data      Debug   Library Name

      1490        112          0          0         96       2268   c_w.l
      1424        100          0          0          0        728   fz_ws.l
       114          0          0          0          0         80   m_ws.l

    ----------------------------------------------------------------------
      3042        212          0          0        100       3076   Library Totals

    ----------------------------------------------------------------------

==============================================================================


      Code (inc. data)   RO Data    RW Data    ZI Data      Debug   

      8240        518      49684        100       5076     320839   Grand Totals
      8240        518      49684        100       5076     320839   ELF Image Totals
      8240        518      49684        100          0          0   ROM Totals

==============================================================================

    Total RO  Size (Code + RO Data)                57924 (  56.57kB)
    Total RW  Size (RW Data + ZI Data)              5176 (   5.05kB)
    Total ROM Size (Code + RO Data + RW Data)      58024 (  56.66kB)

==============================================================================

