Component: ARM Compiler 5.06 update 6 (build 750) Tool: armlink [4d35ed]

==============================================================================

Section Cross References

    main.o(i.main) refers to delay.o(i.delay_init) for delay_init
    main.o(i.main) refers to ssd1306.o(i.SSD1306_Init) for SSD1306_Init
    main.o(i.main) refers to rh_gui_api.o(i.API_Init__STM32F103C8T6) for API_Init__STM32F103C8T6
    main.o(i.main) refers to delay.o(i.delay_ms) for delay_ms
    main.o(i.main) refers to ssd1306.o(i.SSD1306_Clean) for SSD1306_Clean
    main.o(i.main) refers to rh_gui.o(i.GUI_Init) for GUI_Init
    main.o(i.main) refers to rt_memclr_w.o(.text) for __aeabi_memclr4
    main.o(i.main) refers to rh_gui.o(i.GUI_object_quickSet) for GUI_object_quickSet
    main.o(i.main) refers to rh_gui.o(i.GUI_object_create) for GUI_object_create
    main.o(i.main) refers to rh_gui.o(i.GUI_object_insert) for GUI_object_insert
    main.o(i.main) refers to rh_gui.o(i.GUI_RefreashScreen) for GUI_RefreashScreen
    main.o(i.main) refers to dflt_clz.o(x$fpl$dflt) for __aeabi_i2d
    main.o(i.main) refers to rh_gui.o(i.GUI_object_adjust) for GUI_object_adjust
    delay.o(i.delay_init) refers to misc.o(i.SysTick_CLKSourceConfig) for SysTick_CLKSourceConfig
    delay.o(i.delay_init) refers to delay.o(.data) for fac_us
    delay.o(i.delay_ms) refers to delay.o(.data) for fac_ms
    delay.o(i.delay_us) refers to delay.o(.data) for fac_us
    rh_gui_api.o(i.API_Init__STM32F103C8T6) refers to ssd1306.o(i.SSD1306_API_DrawArea) for SSD1306_API_DrawArea
    rh_gui_api.o(i.API_Init__STM32F103C8T6) refers to rh_gui.o(.data) for GUI_API_DrawArea
    stm32f10x_flash.o(i.FLASH_EnableWriteProtection) refers to stm32f10x_flash.o(i.FLASH_WaitForLastOperation) for FLASH_WaitForLastOperation
    stm32f10x_flash.o(i.FLASH_EraseAllBank1Pages) refers to stm32f10x_flash.o(i.FLASH_WaitForLastBank1Operation) for FLASH_WaitForLastBank1Operation
    stm32f10x_flash.o(i.FLASH_EraseAllPages) refers to stm32f10x_flash.o(i.FLASH_WaitForLastOperation) for FLASH_WaitForLastOperation
    stm32f10x_flash.o(i.FLASH_EraseOptionBytes) refers to stm32f10x_flash.o(i.FLASH_GetReadOutProtectionStatus) for FLASH_GetReadOutProtectionStatus
    stm32f10x_flash.o(i.FLASH_EraseOptionBytes) refers to stm32f10x_flash.o(i.FLASH_WaitForLastOperation) for FLASH_WaitForLastOperation
    stm32f10x_flash.o(i.FLASH_ErasePage) refers to stm32f10x_flash.o(i.FLASH_WaitForLastOperation) for FLASH_WaitForLastOperation
    stm32f10x_flash.o(i.FLASH_ProgramHalfWord) refers to stm32f10x_flash.o(i.FLASH_WaitForLastOperation) for FLASH_WaitForLastOperation
    stm32f10x_flash.o(i.FLASH_ProgramOptionByteData) refers to stm32f10x_flash.o(i.FLASH_WaitForLastOperation) for FLASH_WaitForLastOperation
    stm32f10x_flash.o(i.FLASH_ProgramWord) refers to stm32f10x_flash.o(i.FLASH_WaitForLastOperation) for FLASH_WaitForLastOperation
    stm32f10x_flash.o(i.FLASH_ReadOutProtection) refers to stm32f10x_flash.o(i.FLASH_WaitForLastOperation) for FLASH_WaitForLastOperation
    stm32f10x_flash.o(i.FLASH_UserOptionByteConfig) refers to stm32f10x_flash.o(i.FLASH_WaitForLastOperation) for FLASH_WaitForLastOperation
    stm32f10x_flash.o(i.FLASH_WaitForLastBank1Operation) refers to stm32f10x_flash.o(i.FLASH_GetBank1Status) for FLASH_GetBank1Status
    stm32f10x_flash.o(i.FLASH_WaitForLastOperation) refers to stm32f10x_flash.o(i.FLASH_GetBank1Status) for FLASH_GetBank1Status
    stm32f10x_gpio.o(i.GPIO_AFIODeInit) refers to stm32f10x_rcc.o(i.RCC_APB2PeriphResetCmd) for RCC_APB2PeriphResetCmd
    stm32f10x_gpio.o(i.GPIO_DeInit) refers to stm32f10x_rcc.o(i.RCC_APB2PeriphResetCmd) for RCC_APB2PeriphResetCmd
    stm32f10x_rcc.o(i.RCC_GetClocksFreq) refers to stm32f10x_rcc.o(.data) for APBAHBPrescTable
    stm32f10x_rcc.o(i.RCC_WaitForHSEStartUp) refers to stm32f10x_rcc.o(i.RCC_GetFlagStatus) for RCC_GetFlagStatus
    stm32f10x_adc.o(i.ADC_DeInit) refers to stm32f10x_rcc.o(i.RCC_APB2PeriphResetCmd) for RCC_APB2PeriphResetCmd
    stm32f10x_bkp.o(i.BKP_DeInit) refers to stm32f10x_rcc.o(i.RCC_BackupResetCmd) for RCC_BackupResetCmd
    stm32f10x_i2c.o(i.I2C_DeInit) refers to stm32f10x_rcc.o(i.RCC_APB1PeriphResetCmd) for RCC_APB1PeriphResetCmd
    stm32f10x_i2c.o(i.I2C_Init) refers to stm32f10x_rcc.o(i.RCC_GetClocksFreq) for RCC_GetClocksFreq
    stm32f10x_pwr.o(i.PWR_DeInit) refers to stm32f10x_rcc.o(i.RCC_APB1PeriphResetCmd) for RCC_APB1PeriphResetCmd
    stm32f10x_rtc.o(i.RTC_SetAlarm) refers to stm32f10x_rtc.o(i.RTC_EnterConfigMode) for RTC_EnterConfigMode
    stm32f10x_rtc.o(i.RTC_SetAlarm) refers to stm32f10x_rtc.o(i.RTC_ExitConfigMode) for RTC_ExitConfigMode
    stm32f10x_rtc.o(i.RTC_SetCounter) refers to stm32f10x_rtc.o(i.RTC_EnterConfigMode) for RTC_EnterConfigMode
    stm32f10x_rtc.o(i.RTC_SetCounter) refers to stm32f10x_rtc.o(i.RTC_ExitConfigMode) for RTC_ExitConfigMode
    stm32f10x_rtc.o(i.RTC_SetPrescaler) refers to stm32f10x_rtc.o(i.RTC_EnterConfigMode) for RTC_EnterConfigMode
[...]
    .text                                    0x08000998   Section        0  _printf_char_common.o(.text)
    _printf_input_char                       0x08000999   Thumb Code    10  _printf_char_common.o(.text)
    .text                                    0x080009c8   Section        0  _sputc.o(.text)
    .text                                    0x080009d2   Section        0  _snputc.o(.text)
    .text                                    0x080009e4   Section        8  libspace.o(.text)
    .text                                    0x080009ec   Section        2  use_no_semi.o(.text)
    .text                                    0x080009ee   Section        0  h1_extend.o(.text)
    .text                                    0x080009ee   Section        0  indicate_semi.o(.text)
    .text                                    0x08000a22   Section        0  defsig_rtmem_outer.o(.text)
    .text                                    0x08000a30   Section       74  sys_stackheap_outer.o(.text)
    .text                                    0x08000a7a   Section        0  exit.o(.text)
    .text                                    0x08000a8c   Section        0  defsig_exit.o(.text)
    .text                                    0x08000a98   Section        0  defsig_rtmem_inner.o(.text)
    .text                                    0x08000ae8   Section        0  sys_exit.o(.text)
    .text                                    0x08000af4   Section        0  defsig_general.o(.text)
    .text                                    0x08000b26   Section        0  sys_wrch.o(.text)
    i.API_Init__STM32F103C8T6                0x08000b34   Section        0  rh_gui_api.o(i.API_Init__STM32F103C8T6)
    i.BusFault_Handler                       0x08000b44   Section        0  stm32f10x_it.o(i.BusFault_Handler)
    i.DebugMon_Handler                       0x08000b48   Section        0  stm32f10x_it.o(i.DebugMon_Handler)
    i.GPIO_Init                              0x08000b4a   Section        0  stm32f10x_gpio.o(i.GPIO_Init)
    i.GUI_AddScreenArea                      0x08000c60   Section        0  rh_gui.o(i.GUI_AddScreenArea)
    i.GUI_AsserParam                         0x08000ce4   Section        0  rh_gui.o(i.GUI_AsserParam)
    i.GUI_Delay                              0x08000ce6   Section        0  rh_gui.o(i.GUI_Delay)
    i.GUI_DrawArea                           0x08000cf8   Section        0  rh_gui.o(i.GUI_DrawArea)
    i.GUI_DummyDrawPixel                     0x08000cfe   Section        0  rh_gui.o(i.GUI_DummyDrawPixel)
    i.GUI_Init                               0x08000d00   Section        0  rh_gui.o(i.GUI_Init)
    i.GUI_RefreashScreen                     0x08000d40   Section        0  rh_gui.o(i.GUI_RefreashScreen)
    i.GUI_RefreashScreenArea                 0x08000dd4   Section        0  rh_gui.o(i.GUI_RefreashScreenArea)
    i.GUI_object_adjust                      0x08000e74   Section        0  rh_gui.o(i.GUI_object_adjust)
    i.GUI_object_create                      0x08000ee8   Section        0  rh_gui.o(i.GUI_object_create)
    i.GUI_object_insert                      0x08000f48   Section        0  rh_gui.o(i.GUI_object_insert)
    i.GUI_object_quickSet                    0x08000f9c   Section        0  rh_gui.o(i.GUI_object_quickSet)
    i.HardFault_Handler                      0x08000fa2   Section        0  stm32f10x_it.o(i.HardFault_Handler)
    i.I2C_CheckEvent                         0x08000fa6   Section        0  stm32f10x_i2c.o(i.I2C_CheckEvent)
    i.I2C_Cmd                                0x08000fd0   Section        0  stm32f10x_i2c.o(i.I2C_Cmd)
    i.I2C_DeInit                             0x08000fe8   Section        0  stm32f10x_i2c.o(i.I2C_DeInit)
    i.I2C_GenerateSTART                      0x08001020   Section        0  stm32f10x_i2c.o(i.I2C_GenerateSTART)
    i.I2C_GenerateSTOP                       0x08001038   Section        0  stm32f10x_i2c.o(i.I2C_GenerateSTOP)
    i.I2C_GetFlagStatus                      0x08001050   Section        0  stm32f10x_i2c.o(i.I2C_GetFlagStatus)
    i.I2C_Init                               0x0800108c   Section        0  stm32f10x_i2c.o(i.I2C_Init)
    i.I2C_Send7bitAddress                    0x08001178   Section        0  stm32f10x_i2c.o(i.I2C_Send7bitAddress)
    i.I2C_SendData                           0x0800118a   Section        0  stm32f10x_i2c.o(i.I2C_SendData)
    i.MemManage_Handler                      0x0800118e   Section        0  stm32f10x_it.o(i.MemManage_Handler)
    i.NMI_Handler                            0x08001192   Section        0  stm32f10x_it.o(i.NMI_Handler)
    i.PendSV_Handler                         0x08001194   Section        0  stm32f10x_it.o(i.PendSV_Handler)
    i.RCC_APB1PeriphClockCmd                 0x08001198   Section        0  stm32f10x_rcc.o(i.RCC_APB1PeriphClockCmd)
    i.RCC_APB1PeriphResetCmd                 0x080011b8   Section        0  stm32f10x_rcc.o(i.RCC_APB1PeriphResetCmd)
    i.RCC_APB2PeriphClockCmd                 0x080011d8   Section        0  stm32f10x_rcc.o(i.RCC_APB2PeriphClockCmd)
    i.RCC_GetClocksFreq                      0x080011f8   Section        0  stm32f10x_rcc.o(i.RCC_GetClocksFreq)
    i.SSD1306_API_DrawArea                   0x080012cc   Section        0  ssd1306.o(i.SSD1306_API_DrawArea)
    i.SSD1306_Clean                          0x0800135c   Section        0  ssd1306.o(i.SSD1306_Clean)
    i.SSD1306_Init                           0x08001390   Section        0  ssd1306.o(i.SSD1306_Init)
    i.SVC_Handler                            0x08001446   Section        0  stm32f10x_it.o(i.SVC_Handler)
    i.SetSysClock                            0x08001448   Section        0  system_stm32f10x.o(i.SetSysClock)
    SetSysClock                              0x08001449   Thumb Code     8  system_stm32f10x.o(i.SetSysClock)
    i.SetSysClockTo72                        0x08001450   Section        0  system_stm32f10x.o(i.SetSysClockTo72)
    SetSysClockTo72                          0x08001451   Thumb Code   214  system_stm32f10x.o(i.SetSysClockTo72)
    i.SysTick_CLKSourceConfig                0x08001530   Section        0  misc.o(i.SysTick_CLKSourceConfig)
    i.SysTick_Handler                        0x08001558   Section        0  stm32f10x_it.o(i.SysTick_Handler)
    i.SystemInit                             0x0800155c   Section        0  system_stm32f10x.o(i.SystemInit)
    i.UsageFault_Handler                     0x080015bc   Section        0  stm32f10x_it.o(i.UsageFault_Handler)
    i.__ApplyPixel_cpblur                    0x080015c0   Section        0  rh_graphic.o(i.__ApplyPixel_cpblur)
    __ApplyPixel_cpblur                      0x080015c1   Thumb Code    82  rh_graphic.o(i.__ApplyPixel_cpblur)
    i.__ApplyPixel_eor                       0x08001618   Section        0  rh_graphic.o(i.__ApplyPixel_eor)
    __ApplyPixel_eor                         0x08001619   Thumb Code   174  rh_graphic.o(i.__ApplyPixel_eor)
    i.__ApplyPixel_fill                      0x080016c6   Section        0  rh_graphic.o(i.__ApplyPixel_fill)
    __ApplyPixel_fill                        0x080016c7   Thumb Code   130  rh_graphic.o(i.__ApplyPixel_fill)
    i.__ApplyPixel_lightness                 0x08001748   Section        0  rh_graphic.o(i.__ApplyPixel_lightness)
    __ApplyPixel_lightness                   0x08001749   Thumb Code    56  rh_graphic.o(i.__ApplyPixel_lightness)
    i.__ApplyPixel_mark                      0x08001780   Section        0  rh_graphic.o(i.__ApplyPixel_mark)
    __ApplyPixel_mark                        0x08001781   Thumb Code    88  rh_graphic.o(i.__ApplyPixel_mark)
    i.__ApplyPixel_reverse                   0x080017d8   Section        0  rh_graphic.o(i.__ApplyPixel_reverse)
    __ApplyPixel_reverse                     0x080017d9   Thumb Code   184  rh_graphic.o(i.__ApplyPixel_reverse)
    i.__ApplyPixel_unmark                    0x08001890   Section        0  rh_graphic.o(i.__ApplyPixel_unmark)
    __ApplyPixel_unmark                      0x08001891   Thumb Code    94  rh_graphic.o(i.__ApplyPixel_unmark)
    i.__ApplyPixel_unzero                    0x080018ee   Section        0  rh_graphic.o(i.__ApplyPixel_unzero)
    __ApplyPixel_unzero                      0x080018ef   Thumb Code    48  rh_graphic.o(i.__ApplyPixel_unzero)
    i.__Font_backup_config                   0x08001920   Section        0  rh_font.o(i.__Font_backup_config)
    i.__Font_exportStr                       0x08001940   Section        0  rh_font.o(i.__Font_exportStr)
    i.__Font_getWordNum                      0x08001b84   Section        0  rh_font.o(i.__Font_getWordNum)
    i.__Font_init                            0x08001be8   Section        0  rh_font.o(i.__Font_init)
    i.__Font_restore_config                  0x08001cb4   Section        0  rh_font.o(i.__Font_restore_config)
    i.__Font_setSize                         0x08001d00   Section        0  rh_font.o(i.__Font_setSize)
    i.__Font_setStyle                        0x08001da0   Section        0  rh_font.o(i.__Font_setStyle)
    i.__Graph_backup_config                  0x08001e64   Section        0  rh_graphic.o(i.__Graph_backup_config)
    i.__Graph_init                           0x08001e84   Section        0  rh_graphic.o(i.__Graph_init)
    i.__Graph_rect_fill                      0x08001eac   Section        0  rh_graphic.o(i.__Graph_rect_fill)
    i.__Graph_rect_raw                       0x08002030   Section        0  rh_graphic.o(i.__Graph_rect_raw)
    i.__Graph_restore_config                 0x080020bc   Section        0  rh_graphic.o(i.__Graph_restore_config)
    i.__Graph_set_penColor                   0x080020e4   Section        0  rh_graphic.o(i.__Graph_set_penColor)
    i.__Stack_createBase                     0x080020f0   Section        0  rh_data.o(i.__Stack_createBase)
    i.__Stack_empty                          0x08002106   Section        0  rh_data.o(i.__Stack_empty)
    i.__Stack_pop                            0x0800211e   Section        0  rh_data.o(i.__Stack_pop)
    i.__Stack_push                           0x08002150   Section        0  rh_data.o(i.__Stack_push)
    i.__configI2C                            0x08002170   Section        0  ssd1306.o(i.__configI2C)
    __configI2C                              0x08002171   Thumb Code    74  ssd1306.o(i.__configI2C)
    i.__gui_adjust_object_num                0x080021c8   Section        0  rh_gui.o(i.__gui_adjust_object_num)
    __gui_adjust_object_num                  0x080021c9   Thumb Code    12  rh_gui.o(i.__gui_adjust_object_num)
    i.__gui_adjust_object_text               0x080021d4   Section        0  rh_gui.o(i.__gui_adjust_object_text)
    __gui_adjust_object_text                 0x080021d5   Thumb Code     2  rh_gui.o(i.__gui_adjust_object_text)
    i.__gui_insert_object_num                0x080021d8   Section        0  rh_gui.o(i.__gui_insert_object_num)
    __gui_insert_object_num                  0x080021d9   Thumb Code   554  rh_gui.o(i.__gui_insert_object_num)
    i.__gui_insert_object_text               0x0800240c   Section        0  rh_gui.o(i.__gui_insert_object_text)
    __gui_insert_object_text                 0x0800240d   Thumb Code   582  rh_gui.o(i.__gui_insert_object_text)
    i.__gui_remove_object_num                0x0800265c   Section        0  rh_gui.o(i.__gui_remove_object_num)
    __gui_remove_object_num                  0x0800265d   Thumb Code     2  rh_gui.o(i.__gui_remove_object_num)
    i.__gui_remove_object_text               0x0800265e   Section        0  rh_gui.o(i.__gui_remove_object_text)
    __gui_remove_object_text                 0x0800265f   Thumb Code     2  rh_gui.o(i.__gui_remove_object_text)
    i.__memgrab_Area                         0x08002660   Section        0  rh_lib.o(i.__memgrab_Area)
    i.__writeByte                            0x080026c8   Section        0  ssd1306.o(i.__writeByte)
    __writeByte                              0x080026c9   Thumb Code   126  ssd1306.o(i.__writeByte)
    i.__writeCmd                             0x08002754   Section        0  ssd1306.o(i.__writeCmd)
    __writeCmd                               0x08002755   Thumb Code    14  ssd1306.o(i.__writeCmd)
    i.__writeDat                             0x08002762   Section        0  ssd1306.o(i.__writeDat)
    __writeDat                               0x08002763   Thumb Code    14  ssd1306.o(i.__writeDat)
    i._is_digit                              0x08002770   Section        0  __printf_wp.o(i._is_digit)
    i.delay_init                             0x08002780   Section        0  delay.o(i.delay_init)
    i.delay_ms                               0x080027bc   Section        0  delay.o(i.delay_ms)
    i.main                                   0x08002808   Section        0  main.o(i.main)
    i.rhtt_GetCodepointBitmapBox             0x080029ec   Section        0  rh_font.o(i.rhtt_GetCodepointBitmapBox)
    i.rhtt_GetCodepointHMetrics              0x08002a18   Section        0  rh_font.o(i.rhtt_GetCodepointHMetrics)
    i.rhtt_GetFontVMetrics                   0x08002a2e   Section        0  rh_font.o(i.rhtt_GetFontVMetrics)
    i.rhtt_InitFont                          0x08002a3c   Section        0  rh_font.o(i.rhtt_InitFont)
    i.rhtt_MakeCodepointBitmap               0x08002a4a   Section        0  rh_font.o(i.rhtt_MakeCodepointBitmap)
    i.rhtt_ScaleForPixelHeight               0x08002abc   Section        0  rh_font.o(i.rhtt_ScaleForPixelHeight)
    i.roundf                                 0x08002ac8   Section        0  roundf.o(i.roundf)
    x$fpl$dfix                               0x08002b3c   Section       94  dfix.o(x$fpl$dfix)
    x$fpl$dflt                               0x08002b9a   Section       46  dflt_clz.o(x$fpl$dflt)
    x$fpl$dnaninf                            0x08002bc8   Section      156  dnaninf.o(x$fpl$dnaninf)
    x$fpl$fadd                               0x08002c64   Section      196  faddsub_clz.o(x$fpl$fadd)
    _fadd1                                   0x08002c73   Thumb Code     0  faddsub_clz.o(x$fpl$fadd)
    x$fpl$ffix                               0x08002d28   Section       54  ffix.o(x$fpl$ffix)
    x$fpl$fflt                               0x08002d60   Section       48  fflt_clz.o(x$fpl$fflt)
    x$fpl$ffltu                              0x08002d90   Section       38  fflt_clz.o(x$fpl$ffltu)
    x$fpl$fmul                               0x08002db8   Section      258  fmul.o(x$fpl$fmul)
    x$fpl$fnaninf                            0x08002eba   Section      140  fnaninf.o(x$fpl$fnaninf)
    x$fpl$fretinf                            0x08002f46   Section       10  fretinf.o(x$fpl$fretinf)
    x$fpl$frnd                               0x08002f50   Section       96  frnd.o(x$fpl$frnd)
    x$fpl$fsub                               0x08002fb0   Section      234  faddsub_clz.o(x$fpl$fsub)
    _fsub1                                   0x08002fbf   Thumb Code     0  faddsub_clz.o(x$fpl$fsub)
    x$fpl$usenofp                            0x0800309a   Section        0  usenofp.o(x$fpl$usenofp)
    .constdata                               0x0800309c   Section       20  ssd1306.o(.constdata)
    .constdata                               0x080030b0   Section       36  rh_gui.o(.constdata)
    .constdata                               0x080030d4   Section     1344  rh_font_arialroundedbold.o(.constdata)
    __FONT_ASCII_32_0                        0x080030d4   Data           6  rh_font_arialroundedbold.o(.constdata)
    __FONT_ASCII_32_1                        0x080030da   Data           6  rh_font_arialroundedbold.o(.constdata)
    __FONT_ASCII_32_2                        0x080030e0   Data           6  rh_font_arialroundedbold.o(.constdata)
    __FONT_ASCII_32_3                        0x080030e6   Data           6  rh_font_arialroundedbold.o(.constdata)
    __FONT_ASCII_32_4                        0x080030ec   Data           6  rh_font_arialroundedbold.o(.constdata)
    __FONT_ASCII_32_5                        0x080030f2   Data           6  rh_font_arialroundedbold.o(.constdata)
    __FONT_ASCII_32_6                        0x080030f8   Data           6  rh_font_arialroundedbold.o(.constdata)
    __FONT_ASCII_32_7                        0x080030fe   Data           6  rh_font_arialroundedbold.o(.constdata)
    __FONT_ASCII_32_8                        0x08003104   Data           6  rh_font_arialroundedbold.o(.constdata)
    __FONT_ASCII_32_9                        0x0800310a   Data           6  rh_font_arialroundedbold.o(.constdata)
    __FONT_ASCII_32_10                       0x08003110   Data           6  rh_font_arialroundedbold.o(.constdata)
    __FONT_ASCII_32_11                       0x08003116   Data           6  rh_font_arialroundedbold.o(.constdata)
    __FONT_ASCII_32_12                       0x0800311c   Data           6  rh_font_arialroundedbold.o(.constdata)
    __FONT_ASCII_32_13                       0x08003122   Data           6  rh_font_arialroundedbold.o(.constdata)
    __FONT_ASCII_32_14                       0x08003128   Data           6  rh_font_arialroundedbold.o(.constdata)
    __FONT_ASCII_32_15                       0x0800312e   Data           6  rh_font_arialroundedbold.o(.constdata)
    __FONT_ASCII_32_16                       0x08003134   Data           6  rh_font_arialroundedbold.o(.constdata)
    __FONT_ASCII_32_17                       0x0800313a   Data           6  rh_font_arialroundedbold.o(.constdata)
    __FONT_ASCII_32_18                       0x08003140   Data           6  rh_font_arialroundedbold.o(.constdata)
    __FONT_ASCII_32_19                       0x08003146   Data           6  rh_font_arialroundedbold.o(.constdata)
    __FONT_ASCII_32_20                       0x0800314c   Data           6  rh_font_arialroundedbold.o(.constdata)
    __FONT_ASCII_32_21                       0x08003152   Data           6  rh_font_arialroundedbold.o(.constdata)
    __FONT_ASCII_32_22                       0x08003158   Data           6  rh_font_arialroundedbold.o(.constdata)
    __FONT_ASCII_32_23                       0x0800315e   Data           6  rh_font_arialroundedbold.o(.constdata)
    __FONT_ASCII_32_24                       0x08003164   Data           6  rh_font_arialroundedbold.o(.constdata)
    __FONT_ASCII_32_25                       0x0800316a   Data           6  rh_font_arialroundedbold.o(.constdata)
    __FONT_ASCII_32_26                       0x08003170   Data           6  rh_font_arialroundedbold.o(.constdata)
    __FONT_ASCII_32_27                       0x08003176   Data           6  rh_font_arialroundedbold.o(.constdata)
    __FONT_ASCII_32_28                       0x0800317c   Data           6  rh_font_arialroundedbold.o(.constdata)
    __FONT_ASCII_32_29                       0x08003182   Data           6  rh_font_arialroundedbold.o(.constdata)
    __FONT_ASCII_32_30                       0x08003188   Data           6  rh_font_arialroundedbold.o(.constdata)
    __FONT_ASCII_32_31                       0x0800318e   Data           6  rh_font_arialroundedbold.o(.constdata)
    __FONT_ASCII_32_32                       0x08003194   Data           6  rh_font_arialroundedbold.o(.constdata)
    __FONT_ASCII_32_33                       0x0800319a   Data           6  rh_font_arialroundedbold.o(.constdata)
    __FONT_ASCII_32_34                       0x080031a0   Data           6  rh_font_arialroundedbold.o(.constdata)
    __FONT_ASCII_32_35                       0x080031a6   Data           6  rh_font_arialroundedbold.o(.constdata)
    __FONT_ASCII_32_36                       0x080031ac   Data           6  rh_font_arialroundedbold.o(.constdata)
    __FONT_ASCII_32_37                       0x080031b2   Data           6  rh_font_arialroundedbold.o(.constdata)
    __FONT_ASCII_32_38                       0x080031b8   Data           6  rh_font_arialroundedbold.o(.constdata)
    __FONT_ASCII_32_39                       0x080031be   Data           6  rh_font_arialroundedbold.o(.constdata)
    __FONT_ASCII_32_40                       0x080031c4   Data           6  rh_font_arialroundedbold.o(.constdata)
    __FONT_ASCII_32_41                       0x080031ca   Data           6  rh_font_arialroundedbold.o(.constdata)
    __FONT_ASCII_32_42                       0x080031d0   Data           6  rh_font_arialroundedbold.o(.constdata)
    __FONT_ASCII_32_43                       0x080031d6   Data           6  rh_font_arialroundedbold.o(.constdata)
    __FONT_ASCII_32_44                       0x080031dc   Data           6  rh_font_arialroundedbold.o(.constdata)
    __FONT_ASCII_32_45                       0x080031e2   Data           6  rh_font_arialroundedbold.o(.constdata)
    __FONT_ASCII_32_46                       0x080031e8   Data           6  rh_font_arialroundedbold.o(.constdata)
    __FONT_ASCII_32_47                       0x080031ee   Data           6  rh_font_arialroundedbold.o(.constdata)
    __FONT_ASCII_32_48                       0x080031f4   Data           6  rh_font_arialroundedbold.o(.constdata)
    __FONT_ASCII_32_49                       0x080031fa   Data           6  rh_font_arialroundedbold.o(.constdata)
    __FONT_ASCII_32_50                       0x08003200   Data           6  rh_font_arialroundedbold.o(.constdata)
    __FONT_ASCII_32_51                       0x08003206   Data           6  rh_font_arialroundedbold.o(.constdata)
    __FONT_ASCII_32_52                       0x0800320c   Data           6  rh_font_arialroundedbold.o(.constdata)
    __FONT_ASCII_32_53                       0x08003212   Data           6  rh_font_arialroundedbold.o(.constdata)
    __FONT_ASCII_32_54                       0x08003218   Data           6  rh_font_arialroundedbold.o(.constdata)
    __FONT_ASCII_32_55                       0x0800321e   Data           6  rh_font_arialroundedbold.o(.constdata)
    __FONT_ASCII_32_56                       0x08003224   Data           6  rh_font_arialroundedbold.o(.constdata)
    __FONT_ASCII_32_57                       0x0800322a   Data           6  rh_font_arialroundedbold.o(.constdata)
    __FONT_ASCII_32_58                       0x08003230   Data           6  rh_font_arialroundedbold.o(.constdata)
    __FONT_ASCII_32_59                       0x08003236   Data           6  rh_font_arialroundedbold.o(.constdata)
    __FONT_ASCII_32_60                       0x0800323c   Data           6  rh_font_arialroundedbold.o(.constdata)
    __FONT_ASCII_32_61                       0x08003242   Data           6  rh_font_arialroundedbold.o(.constdata)
    __FONT_ASCII_32_62                       0x08003248   Data           6  rh_font_arialroundedbold.o(.constdata)
    __FONT_ASCII_32_63                       0x0800324e   Data           6  rh_font_arialroundedbold.o(.constdata)
    __FONT_ASCII_32_64                       0x08003254   Data           6  rh_font_arialroundedbold.o(.constdata)
    __FONT_ASCII_32_65                       0x0800325a   Data           6  rh_font_arialroundedbold.o(.constdata)
    __FONT_ASCII_32_66                       0x08003260   Data           6  rh_font_arialroundedbold.o(.constdata)
    __FONT_ASCII_32_67                       0x08003266   Data           6  rh_font_arialroundedbold.o(.constdata)
    __FONT_ASCII_32_68                       0x0800326c   Data           6  rh_font_arialroundedbold.o(.constdata)
    __FONT_ASCII_32_69                       0x08003272   Data           6  rh_font_arialroundedbold.o(.constdata)
    __FONT_ASCII_32_70                       0x08003278   Data           6  rh_font_arialroundedbold.o(.constdata)
    __FONT_ASCII_32_71                       0x0800327e   Data           6  rh_font_arialroundedbold.o(.constdata)
    __FONT_ASCII_32_72                       0x08003284   Data           6  rh_font_arialroundedbold.o(.constdata)
    __FONT_ASCII_32_73                       0x0800328a   Data           6  rh_font_arialroundedbold.o(.constdata)
    __FONT_ASCII_32_74                       0x08003290   Data           6  rh_font_arialroundedbold.o(.constdata)
    __FONT_ASCII_32_75                       0x08003296   Data           6  rh_font_arialroundedbold.o(.constdata)
    __FONT_ASCII_32_76                       0x0800329c   Data           6  rh_font_arialroundedbold.o(.constdata)
    __FONT_ASCII_32_77                       0x080032a2   Data           6  rh_font_arialroundedbold.o(.constdata)
    __FONT_ASCII_32_78                       0x080032a8   Data           6  rh_font_arialroundedbold.o(.constdata)
    __FONT_ASCII_32_79                       0x080032ae   Data           6  rh_font_arialroundedbold.o(.constdata)
    __FONT_ASCII_32_80                       0x080032b4   Data           6  rh_font_arialroundedbold.o(.constdata)
    __FONT_ASCII_32_81                       0x080032ba   Data           6  rh_font_arialroundedbold.o(.constdata)
    __FONT_ASCII_32_82                       0x080032c0   Data           6  rh_font_arialroundedbold.o(.constdata)
    __FONT_ASCII_32_83                       0x080032c6   Data           6  rh_font_arialroundedbold.o(.constdata)
    __FONT_ASCII_32_84                       0x080032cc   Data           6  rh_font_arialroundedbold.o(.constdata)
    __FONT_ASCII_32_85                       0x080032d2   Data           6  rh_font_arialroundedbold.o(.constdata)
    __FONT_ASCII_32_86                       0x080032d8   Data           6  rh_font_arialroundedbold.o(.constdata)
    __FONT_ASCII_32_87                       0x080032de   Data           6  rh_font_arialroundedbold.o(.constdata)
    __FONT_ASCII_32_88                       0x080032e4   Data           6  rh_font_arialroundedbold.o(.constdata)
    __FONT_ASCII_32_89                       0x080032ea   Data           6  rh_font_arialroundedbold.o(.constdata)
    __FONT_ASCII_32_90                       0x080032f0   Data           6  rh_font_arialroundedbold.o(.constdata)
    __FONT_ASCII_32_91                       0x080032f6   Data           6  rh_font_arialroundedbold.o(.constdata)
    __FONT_ASCII_32_92                       0x080032fc   Data           6  rh_font_arialroundedbold.o(.constdata)
    __FONT_ASCII_32_93                       0x08003302   Data           6  rh_font_arialroundedbold.o(.constdata)
    __FONT_ASCII_32_94                       0x08003308   Data           6  rh_font_arialroundedbold.o(.constdata)
    __FONT_ASCII_32_95                       0x0800330e   Data           6  rh_font_arialroundedbold.o(.constdata)
    .constdata                               0x08003614   Section       36  rh_graphic.o(.constdata)
    applyPixelMethod                         0x08003614   Data          36  rh_graphic.o(.constdata)
    .constdata                               0x08003638   Section       17  __printf_flags_ss_wp.o(.constdata)
    maptable                                 0x08003638   Data          17  __printf_flags_ss_wp.o(.constdata)
    .data                                    0x20000000   Section        4  delay.o(.data)
    fac_us                                   0x20000000   Data           1  delay.o(.data)
    fac_ms                                   0x20000002   Data           2  delay.o(.data)
    .data                                    0x20000004   Section       20  stm32f10x_rcc.o(.data)
    APBAHBPrescTable                         0x20000004   Data          16  stm32f10x_rcc.o(.data)
    ADCPrescTable                            0x20000014   Data           4  stm32f10x_rcc.o(.data)
    .data                                    0x20000018   Section       28  rh_gui.o(.data)
    info_MainScreen                          0x20000028   Data          12  rh_gui.o(.data)
    .data                                    0x20000034   Section       29  rh_font.o(.data)
    rhtt                                     0x20000034   Data          24  rh_font.o(.data)
    font_bit_array                           0x2000004c   Data           4  rh_font.o(.data)
    backFCFG                                 0x20000050   Data           1  rh_font.o(.data)
    .data                                    0x20000054   Section       45  rh_graphic.o(.data)
    GCFG                                     0x20000054   Data          44  rh_graphic.o(.data)
    backupGCFG                               0x20000080   Data           1  rh_graphic.o(.data)
    .bss                                     0x20000084   Section     1045  rh_gui.o(.bss)
    Screen                                   0x20000084   Data        1045  rh_gui.o(.bss)
    .bss                                     0x2000049c   Section      352  rh_font.o(.bss)
    FCFG_copy                                0x2000049c   Data         176  rh_font.o(.bss)
    FCFG                                     0x2000054c   Data         176  rh_font.o(.bss)
    .bss                                     0x200005fc   Section       44  rh_graphic.o(.bss)
    GCFG_copy                                0x200005fc   Data          44  rh_graphic.o(.bss)
    .bss                                     0x20000628   Section       96  libspace.o(.bss)
    HEAP                                     0x20000688   Section     4096  startup_stm32f10x_hd.o(HEAP)
    Heap_Mem                                 0x20000688   Data        4096  startup_stm32f10x_hd.o(HEAP)
    STACK                                    0x20001688   Section     1024  startup_stm32f10x_hd.o(STACK)
    Stack_Mem                                0x20001688   Data        1024  startup_stm32f10x_hd.o(STACK)
    __initial_sp                             0x20001a88   Data           0  startup_stm32f10x_hd.o(STACK)

    Global Symbols

    Symbol Name                              Value     Ov Type        Size  Object(Section)

    BuildAttributes$$THM_ISAv4$P$D$K$B$S$PE$A:L22UL41UL21$X:L11$S22US41US21$IEEE1$IW$USESV6$~STKCKD$USESV7$~SHL$OTIME$ROPI$IEEEX$EBA8$UX$STANDARDLIB$REQ8$PRES8$EABIv2 0x00000000   Number         0  anon$$obj.o ABSOLUTE
    __ARM_use_no_argv                        0x00000000   Number         0  main.o ABSOLUTE
    _printf_flags                            0x00000000   Number         0  printf_stubs.o ABSOLUTE
    _printf_return_value                     0x00000000   Number         0  printf_stubs.o ABSOLUTE
    _printf_sizespec                         0x00000000   Number         0  printf_stubs.o ABSOLUTE
    _printf_widthprec                        0x00000000   Number         0  printf_stubs.o ABSOLUTE
    __ARM_exceptions_init                     - Undefined Weak Reference
    __alloca_initialize                       - Undefined Weak Reference
    __arm_preinit_                            - Undefined Weak Reference
    __cpp_initialize__aeabi_                  - Undefined Weak Reference
    __cxa_finalize                            - Undefined Weak Reference
    __sigvec_lookup                           - Undefined Weak Reference
    __user_heap_extent                        - Undefined Weak Reference
    _atexit_init                              - Undefined Weak Reference
    _call_atexit_fns                          - Undefined Weak Reference
    _clock_init                               - Undefined Weak Reference
    _fp_trap_init                             - Undefined Weak Reference
    _fp_trap_shutdown                         - Undefined Weak Reference
    _get_lc_collate                           - Undefined Weak Reference
    _get_lc_monetary                          - Undefined Weak Reference
    _get_lc_time                              - Undefined Weak Reference
    _getenv_init                              - Undefined Weak Reference
    _handle_redirection                       - Undefined Weak Reference
    _mutex_acquire                            - Undefined Weak Reference
    _mutex_free                               - Undefined Weak Reference
    _mutex_release                            - Undefined Weak Reference
    _printf_mbtowc                            - Undefined Weak Reference
    _printf_wc                                - Undefined Weak Reference
    _rand_init                                - Undefined Weak Reference
    _signal_finish                            - Undefined Weak Reference
    _signal_init                              - Undefined Weak Reference
    __Vectors_Size                           0x00000130   Number         0  startup_stm32f10x_hd.o ABSOLUTE
    __Vectors                                0x08000000   Data           4  startup_stm32f10x_hd.o(RESET)
    __Vectors_End                            0x08000130   Data           0  startup_stm32f10x_hd.o(RESET)
    __main                                   0x08000131   Thumb Code     8  __main.o(!!!main)
    __scatterload                            0x08000139   Thumb Code     0  __scatter.o(!!!scatter)
    __scatterload_rt2                        0x08000139   Thumb Code    44  __scatter.o(!!!scatter)
    __scatterload_rt2_thumb_only             0x08000139   Thumb Code     0  __scatter.o(!!!scatter)
    __scatterload_null                       0x08000147   Thumb Code     0  __scatter.o(!!!scatter)
    __scatterload_copy                       0x0800016d   Thumb Code    26  __scatter_copy.o(!!handler_copy)
    __scatterload_zeroinit                   0x08000189   Thumb Code    28  __scatter_zi.o(!!handler_zi)
    _printf_d                                0x080001a5   Thumb Code     0  _printf_d.o(.ARM.Collect$$_printf_percent$$00000009)
    _printf_percent                          0x080001a5   Thumb Code     0  _printf_percent.o(.ARM.Collect$$_printf_percent$$00000000)
    _printf_percent_end                      0x080001ab   Thumb Code     0  _printf_percent_end.o(.ARM.Collect$$_printf_percent$$00000017)
    __rt_lib_init                            0x080001af   Thumb Code     0  libinit.o(.ARM.Collect$$libinit$$00000000)
    __rt_lib_init_fp_1                       0x080001b1   Thumb Code     0  libinit2.o(.ARM.Collect$$libinit$$00000002)
    __rt_lib_init_heap_2                     0x080001b1   Thumb Code     0  libinit2.o(.ARM.Collect$$libinit$$00000005)
    __rt_lib_init_preinit_1                  0x080001b1   Thumb Code     0  libinit2.o(.ARM.Collect$$libinit$$00000004)
    __rt_lib_init_alloca_1                   0x080001b9   Thumb Code     0  libinit2.o(.ARM.Collect$$libinit$$0000002E)
    __rt_lib_init_argv_1                     0x080001b9   Thumb Code     0  libinit2.o(.ARM.Collect$$libinit$$0000002C)
    __rt_lib_init_atexit_1                   0x080001b9   Thumb Code     0  libinit2.o(.ARM.Collect$$libinit$$0000001B)
    __rt_lib_init_clock_1                    0x080001b9   Thumb Code     0  libinit2.o(.ARM.Collect$$libinit$$00000021)
    __rt_lib_init_cpp_1                      0x080001b9   Thumb Code     0  libinit2.o(.ARM.Collect$$libinit$$00000032)
    __rt_lib_init_exceptions_1               0x080001b9   Thumb Code     0  libinit2.o(.ARM.Collect$$libinit$$00000030)
    __rt_lib_init_fp_trap_1                  0x080001b9   Thumb Code     0  libinit2.o(.ARM.Collect$$libinit$$0000001F)
    __rt_lib_init_getenv_1                   0x080001b9   Thumb Code     0  libinit2.o(.ARM.Collect$$libinit$$00000023)
    __rt_lib_init_heap_1                     0x080001b9   Thumb Code     0  libinit2.o(.ARM.Collect$$libinit$$0000000A)
    __rt_lib_init_lc_collate_1               0x080001b9   Thumb Code     0  libinit2.o(.ARM.Collect$$libinit$$00000011)
    __rt_lib_init_lc_ctype_1                 0x080001b9   Thumb Code     0  libinit2.o(.ARM.Collect$$libinit$$00000013)
    __rt_lib_init_lc_monetary_1              0x080001b9   Thumb Code     0  libinit2.o(.ARM.Collect$$libinit$$00000015)
    __rt_lib_init_lc_numeric_1               0x080001b9   Thumb Code     0  libinit2.o(.ARM.Collect$$libinit$$00000017)
    __rt_lib_init_lc_time_1                  0x080001b9   Thumb Code     0  libinit2.o(.ARM.Collect$$libinit$$00000019)
    __rt_lib_init_rand_1                     0x080001b9   Thumb Code     0  libinit2.o(.ARM.Collect$$libinit$$0000000E)
    __rt_lib_init_return                     0x080001b9   Thumb Code     0  libinit2.o(.ARM.Collect$$libinit$$00000033)
    __rt_lib_init_signal_1                   0x080001b9   Thumb Code     0  libinit2.o(.ARM.Collect$$libinit$$0000001D)
    __rt_lib_init_stdio_1                    0x080001b9   Thumb Code     0  libinit2.o(.ARM.Collect$$libinit$$00000025)
    __rt_lib_init_user_alloc_1               0x080001b9   Thumb Code     0  libinit2.o(.ARM.Collect$$libinit$$0000000C)
    __rt_lib_shutdown                        0x080001bb   Thumb Code     0  libshutdown.o(.ARM.Collect$$libshutdown$$00000000)
    __rt_lib_shutdown_cpp_1                  0x080001bd   Thumb Code     0  libshutdown2.o(.ARM.Collect$$libshutdown$$00000002)
    __rt_lib_shutdown_fp_trap_1              0x080001bd   Thumb Code     0  libshutdown2.o(.ARM.Collect$$libshutdown$$00000007)
    __rt_lib_shutdown_heap_1                 0x080001bd   Thumb Code     0  libshutdown2.o(.ARM.Collect$$libshutdown$$0000000F)
    __rt_lib_shutdown_return                 0x080001bd   Thumb Code     0  libshutdown2.o(.ARM.Collect$$libshutdown$$00000010)
    __rt_lib_shutdown_signal_1               0x080001bd   Thumb Code     0  libshutdown2.o(.ARM.Collect$$libshutdown$$0000000A)
    __rt_lib_shutdown_stdio_1                0x080001bd   Thumb Code     0  libshutdown2.o(.ARM.Collect$$libshutdown$$00000004)
    __rt_lib_shutdown_user_alloc_1           0x080001bd   Thumb Code     0  libshutdown2.o(.ARM.Collect$$libshutdown$$0000000C)
    __rt_entry                               0x080001bf   Thumb Code     0  __rtentry.o(.ARM.Collect$$rtentry$$00000000)
    __rt_entry_presh_1                       0x080001bf   Thumb Code     0  __rtentry2.o(.ARM.Collect$$rtentry$$00000002)
    __rt_entry_sh                            0x080001bf   Thumb Code     0  __rtentry4.o(.ARM.Collect$$rtentry$$00000004)
    __rt_entry_li                            0x080001c5   Thumb Code     0  __rtentry2.o(.ARM.Collect$$rtentry$$0000000A)
    __rt_entry_postsh_1                      0x080001c5   Thumb Code     0  __rtentry2.o(.ARM.Collect$$rtentry$$00000009)
    __rt_entry_main                          0x080001c9   Thumb Code     0  __rtentry2.o(.ARM.Collect$$rtentry$$0000000D)
    __rt_entry_postli_1                      0x080001c9   Thumb Code     0  __rtentry2.o(.ARM.Collect$$rtentry$$0000000C)
    __rt_exit                                0x080001d1   Thumb Code     0  rtexit.o(.ARM.Collect$$rtexit$$00000000)
    __rt_exit_ls                             0x080001d3   Thumb Code     0  rtexit2.o(.ARM.Collect$$rtexit$$00000003)
    __rt_exit_prels_1                        0x080001d3   Thumb Code     0  rtexit2.o(.ARM.Collect$$rtexit$$00000002)
    __rt_exit_exit                           0x080001d7   Thumb Code     0  rtexit2.o(.ARM.Collect$$rtexit$$00000004)
    Reset_Handler                            0x080001dd   Thumb Code     8  startup_stm32f10x_hd.o(.text)
    _maybe_terminate_alloc                   0x080001dd   Thumb Code     0  maybetermalloc1.o(.emb_text)
    ADC1_2_IRQHandler                        0x080001f7   Thumb Code     0  startup_stm32f10x_hd.o(.text)
    ADC3_IRQHandler                          0x080001f7   Thumb Code     0  startup_stm32f10x_hd.o(.text)
    CAN1_RX1_IRQHandler                      0x080001f7   Thumb Code     0  startup_stm32f10x_hd.o(.text)
    CAN1_SCE_IRQHandler                      0x080001f7   Thumb Code     0  startup_stm32f10x_hd.o(.text)
    DMA1_Channel1_IRQHandler                 0x080001f7   Thumb Code     0  startup_stm32f10x_hd.o(.text)
    DMA1_Channel2_IRQHandler                 0x080001f7   Thumb Code     0  startup_stm32f10x_hd.o(.text)
    DMA1_Channel3_IRQHandler                 0x080001f7   Thumb Code     0  startup_stm32f10x_hd.o(.text)
    DMA1_Channel4_IRQHandler                 0x080001f7   Thumb Code     0  startup_stm32f10x_hd.o(.text)
    DMA1_Channel5_IRQHandler                 0x080001f7   Thumb Code     0  startup_stm32f10x_hd.o(.text)
    DMA1_Channel6_IRQHandler                 0x080001f7   Thumb Code     0  startup_stm32f10x_hd.o(.text)
    DMA1_Channel7_IRQHandler                 0x080001f7   Thumb Code     0  startup_stm32f10x_hd.o(.text)
    DMA2_Channel1_IRQHandler                 0x080001f7   Thumb Code     0  startup_stm32f10x_hd.o(.text)
    DMA2_Channel2_IRQHandler                 0x080001f7   Thumb Code     0  startup_stm32f10x_hd.o(.text)
    DMA2_Channel3_IRQHandler                 0x080001f7   Thumb Code     0  startup_stm32f10x_hd.o(.text)
    DMA2_Channel4_5_IRQHandler               0x080001f7   Thumb Code     0  startup_stm32f10x_hd.o(.text)
    EXTI0_IRQHandler                         0x080001f7   Thumb Code     0  startup_stm32f10x_hd.o(.text)
    EXTI15_10_IRQHandler                     0x080001f7   Thumb Code     0  startup_stm32f10x_hd.o(.text)
    EXTI1_IRQHandler                         0x080001f7   Thumb Code     0  startup_stm32f10x_hd.o(.text)
    EXTI2_IRQHandler                         0x080001f7   Thumb Code     0  startup_stm32f10x_hd.o(.text)
    EXTI3_IRQHandler                         0x080001f7   Thumb Code     0  startup_stm32f10x_hd.o(.text)
    EXTI4_IRQHandler                         0x080001f7   Thumb Code     0  startup_stm32f10x_hd.o(.text)
    EXTI9_5_IRQHandler                       0x080001f7   Thumb Code     0  startup_stm32f10x_hd.o(.text)
    FLASH_IRQHandler                         0x080001f7   Thumb Code     0  startup_stm32f10x_hd.o(.text)
    FSMC_IRQHandler                          0x080001f7   Thumb Code     0  startup_stm32f10x_hd.o(.text)
    I2C1_ER_IRQHandler                       0x080001f7   Thumb Code     0  startup_stm32f10x_hd.o(.text)
    I2C1_EV_IRQHandler                       0x080001f7   Thumb Code     0  startup_stm32f10x_hd.o(.text)
    I2C2_ER_IRQHandler                       0x080001f7   Thumb Code     0  startup_stm32f10x_hd.o(.text)
    I2C2_EV_IRQHandler                       0x080001f7   Thumb Code     0  startup_stm32f10x_hd.o(.text)
    PVD_IRQHandler                           0x080001f7   Thumb Code     0  startup_stm32f10x_hd.o(.text)
    RCC_IRQHandler                           0x080001f7   Thumb Code     0  startup_stm32f10x_hd.o(.text)
    RTCAlarm_IRQHandler                      0x080001f7   Thumb Code     0  startup_stm32f10x_hd.o(.text)
    RTC_IRQHandler                           0x080001f7   Thumb Code     0  startup_stm32f10x_hd.o(.text)
    SDIO_IRQHandler                          0x080001f7   Thumb Code     0  startup_stm32f10x_hd.o(.text)
    SPI1_IRQHandler                          0x080001f7   Thumb Code     0  startup_stm32f10x_hd.o(.text)
    SPI2_IRQHandler                          0x080001f7   Thumb Code     0  startup_stm32f10x_hd.o(.text)
    SPI3_IRQHandler                          0x080001f7   Thumb Code     0  startup_stm32f10x_hd.o(.text)
    TAMPER_IRQHandler                        0x080001f7   Thumb Code     0  startup_stm32f10x_hd.o(.text)
    TIM1_BRK_IRQHandler                      0x080001f7   Thumb Code     0  startup_stm32f10x_hd.o(.text)
    TIM1_CC_IRQHandler                       0x080001f7   Thumb Code     0  startup_stm32f10x_hd.o(.text)
    TIM1_TRG_COM_IRQHandler                  0x080001f7   Thumb Code     0  startup_stm32f10x_hd.o(.text)
    TIM1_UP_IRQHandler                       0x080001f7   Thumb Code     0  startup_stm32f10x_hd.o(.text)
    TIM2_IRQHandler                          0x080001f7   Thumb Code     0  startup_stm32f10x_hd.o(.text)
    TIM3_IRQHandler                          0x080001f7   Thumb Code     0  startup_stm32f10x_hd.o(.text)
    TIM4_IRQHandler                          0x080001f7   Thumb Code     0  startup_stm32f10x_hd.o(.text)
    TIM5_IRQHandler                          0x080001f7   Thumb Code     0  startup_stm32f10x_hd.o(.text)
    TIM6_IRQHandler                          0x080001f7   Thumb Code     0  startup_stm32f10x_hd.o(.text)
    TIM7_IRQHandler                          0x080001f7   Thumb Code     0  startup_stm32f10x_hd.o(.text)
    TIM8_BRK_IRQHandler                      0x080001f7   Thumb Code     0  startup_stm32f10x_hd.o(.text)
    TIM8_CC_IRQHandler                       0x080001f7   Thumb Code     0  startup_stm32f10x_hd.o(.text)
    TIM8_TRG_COM_IRQHandler                  0x080001f7   Thumb Code     0  startup_stm32f10x_hd.o(.text)
    TIM8_UP_IRQHandler                       0x080001f7   Thumb Code     0  startup_stm32f10x_hd.o(.text)
    UART4_IRQHandler                         0x080001f7   Thumb Code     0  startup_stm32f10x_hd.o(.text)
    UART5_IRQHandler                         0x080001f7   Thumb Code     0  startup_stm32f10x_hd.o(.text)
    USART1_IRQHandler                        0x080001f7   Thumb Code     0  startup_stm32f10x_hd.o(.text)
    USART2_IRQHandler                        0x080001f7   Thumb Code     0  startup_stm32f10x_hd.o(.text)
    USART3_IRQHandler                        0x080001f7   Thumb Code     0  startup_stm32f10x_hd.o(.text)
    USBWakeUp_IRQHandler                     0x080001f7   Thumb Code     0  startup_stm32f10x_hd.o(.text)
    USB_HP_CAN1_TX_IRQHandler                0x080001f7   Thumb Code     0  startup_stm32f10x_hd.o(.text)
    USB_LP_CAN1_RX0_IRQHandler               0x080001f7   Thumb Code     0  startup_stm32f10x_hd.o(.text)
    WWDG_IRQHandler                          0x080001f7   Thumb Code     0  startup_stm32f10x_hd.o(.text)
    __user_initial_stackheap                 0x080001f9   Thumb Code     0  startup_stm32f10x_hd.o(.text)
    calloc                                   0x0800021d   Thumb Code    40  calloc.o(.text)
    malloc                                   0x08000245   Thumb Code    94  h1_alloc.o(.text)
    free                                     0x080002a3   Thumb Code    78  h1_free.o(.text)
    __2snprintf                              0x080002f1   Thumb Code    50  __2snprintf.o(.text)
    _printf_int_dec                          0x08000329   Thumb Code   104  _printf_dec.o(.text)
    __printf                                 0x080003a1   Thumb Code   388  __printf_flags_ss_wp.o(.text)
    strlen                                   0x08000529   Thumb Code    62  strlen.o(.text)
    __aeabi_memcpy                           0x08000567   Thumb Code     0  rt_memcpy_v6.o(.text)
    __rt_memcpy                              0x08000567   Thumb Code   138  rt_memcpy_v6.o(.text)
    _memcpy_lastbytes                        0x080005cd   Thumb Code     0  rt_memcpy_v6.o(.text)
    __aeabi_memmove                          0x080005f1   Thumb Code     0  rt_memmove_v6.o(.text)
    __rt_memmove                             0x080005f1   Thumb Code   132  rt_memmove_v6.o(.text)
    __memmove_lastfew                        0x08000651   Thumb Code     0  rt_memmove_v6.o(.text)
    __aeabi_memcpy4                          0x08000675   Thumb Code     0  rt_memcpy_w.o(.text)
    __aeabi_memcpy8                          0x08000675   Thumb Code     0  rt_memcpy_w.o(.text)
    __rt_memcpy_w                            0x08000675   Thumb Code   100  rt_memcpy_w.o(.text)
    _memcpy_lastbytes_aligned                0x080006bd   Thumb Code     0  rt_memcpy_w.o(.text)
    __aeabi_memmove4                         0x080006d9   Thumb Code     0  rt_memmove_w.o(.text)
    __aeabi_memmove8                         0x080006d9   Thumb Code     0  rt_memmove_w.o(.text)
    __rt_memmove_w                           0x080006d9   Thumb Code   122  rt_memmove_w.o(.text)
    __memmove_aligned                        0x080006ff   Thumb Code     0  rt_memmove_w.o(.text)
    __memmove_lastfew_aligned                0x08000737   Thumb Code     0  rt_memmove_w.o(.text)
    __aeabi_memclr                           0x08000753   Thumb Code     0  rt_memclr.o(.text)
    __rt_memclr                              0x08000753   Thumb Code    68  rt_memclr.o(.text)
    _memset                                  0x08000757   Thumb Code     0  rt_memclr.o(.text)
    __aeabi_memclr4                          0x08000797   Thumb Code     0  rt_memclr_w.o(.text)
    __aeabi_memclr8                          0x08000797   Thumb Code     0  rt_memclr_w.o(.text)
    __rt_memclr_w                            0x08000797   Thumb Code    78  rt_memclr_w.o(.text)
    _memset_w                                0x0800079b   Thumb Code     0  rt_memclr_w.o(.text)
    strncpy                                  0x080007e5   Thumb Code    86  strncpy.o(.text)
    __use_two_region_memory                  0x0800083b   Thumb Code     2  heapauxi.o(.text)
    __rt_heap_escrow                         0x0800083d   Thumb Code     2  heapauxi.o(.text)
    __rt_heap_expand                         0x0800083f   Thumb Code     2  heapauxi.o(.text)
    __rt_heap_descriptor                     0x08000841   Thumb Code     8  rt_heap_descriptor_intlibspace.o(.text)
    __use_no_heap                            0x08000849   Thumb Code     2  hguard.o(.text)
    __heap$guard                             0x0800084b   Thumb Code     2  hguard.o(.text)
    _terminate_user_alloc                    0x0800084d   Thumb Code     2  init_alloc.o(.text)
    _init_user_alloc                         0x0800084f   Thumb Code     2  init_alloc.o(.text)
    __Heap_Full                              0x08000851   Thumb Code    34  init_alloc.o(.text)
    __Heap_Broken                            0x08000873   Thumb Code     6  init_alloc.o(.text)
    _init_alloc                              0x08000879   Thumb Code    94  init_alloc.o(.text)
    __Heap_Initialize                        0x080008d7   Thumb Code    10  h1_init.o(.text)
    __Heap_DescSize                          0x080008e1   Thumb Code     4  h1_init.o(.text)
    _printf_int_common                       0x080008e5   Thumb Code   178  _printf_intcommon.o(.text)
    _printf_char_common                      0x080009a3   Thumb Code    32  _printf_char_common.o(.text)
    _sputc                                   0x080009c9   Thumb Code    10  _sputc.o(.text)
    _snputc                                  0x080009d3   Thumb Code    16  _snputc.o(.text)
    __user_libspace                          0x080009e5   Thumb Code     8  libspace.o(.text)
    __user_perproc_libspace                  0x080009e5   Thumb Code     0  libspace.o(.text)
    __user_perthread_libspace                0x080009e5   Thumb Code     0  libspace.o(.text)
    __I$use$semihosting                      0x080009ed   Thumb Code     0  use_no_semi.o(.text)
    __use_no_semihosting_swi                 0x080009ed   Thumb Code     2  use_no_semi.o(.text)
    __Heap_ProvideMemory                     0x080009ef   Thumb Code    52  h1_extend.o(.text)
    __semihosting_library_function           0x080009ef   Thumb Code     0  indicate_semi.o(.text)
    __rt_SIGRTMEM                            0x08000a23   Thumb Code    14  defsig_rtmem_outer.o(.text)
    __user_setup_stackheap                   0x08000a31   Thumb Code    74  sys_stackheap_outer.o(.text)
    exit                                     0x08000a7b   Thumb Code    18  exit.o(.text)
    __sig_exit                               0x08000a8d   Thumb Code    10  defsig_exit.o(.text)
    __rt_SIGRTMEM_inner                      0x08000a99   Thumb Code    22  defsig_rtmem_inner.o(.text)
    _sys_exit                                0x08000ae9   Thumb Code     8  sys_exit.o(.text)
    __default_signal_display                 0x08000af5   Thumb Code    50  defsig_general.o(.text)
    _ttywrch                                 0x08000b27   Thumb Code    14  sys_wrch.o(.text)
    API_Init__STM32F103C8T6                  0x08000b35   Thumb Code     8  rh_gui_api.o(i.API_Init__STM32F103C8T6)
    BusFault_Handler                         0x08000b45   Thumb Code     4  stm32f10x_it.o(i.BusFault_Handler)
    DebugMon_Handler                         0x08000b49   Thumb Code     2  stm32f10x_it.o(i.DebugMon_Handler)
    GPIO_Init                                0x08000b4b   Thumb Code   278  stm32f10x_gpio.o(i.GPIO_Init)
    GUI_AddScreenArea                        0x08000c61   Thumb Code   126  rh_gui.o(i.GUI_AddScreenArea)
    GUI_AsserParam                           0x08000ce5   Thumb Code     2  rh_gui.o(i.GUI_AsserParam)
    GUI_Delay                                0x08000ce7   Thumb Code    18  rh_gui.o(i.GUI_Delay)
    GUI_DrawArea                             0x08000cf9   Thumb Code     6  rh_gui.o(i.GUI_DrawArea)
    GUI_DummyDrawPixel                       0x08000cff   Thumb Code     2  rh_gui.o(i.GUI_DummyDrawPixel)
    GUI_Init                                 0x08000d01   Thumb Code    58  rh_gui.o(i.GUI_Init)
    GUI_RefreashScreen                       0x08000d41   Thumb Code   144  rh_gui.o(i.GUI_RefreashScreen)
    GUI_RefreashScreenArea                   0x08000dd5   Thumb Code   148  rh_gui.o(i.GUI_RefreashScreenArea)
    GUI_object_adjust                        0x08000e75   Thumb Code   110  rh_gui.o(i.GUI_object_adjust)
    GUI_object_create                        0x08000ee9   Thumb Code    72  rh_gui.o(i.GUI_object_create)
    GUI_object_insert                        0x08000f49   Thumb Code    78  rh_gui.o(i.GUI_object_insert)
    GUI_object_quickSet                      0x08000f9d   Thumb Code     6  rh_gui.o(i.GUI_object_quickSet)
    HardFault_Handler                        0x08000fa3   Thumb Code     4  stm32f10x_it.o(i.HardFault_Handler)
    I2C_CheckEvent                           0x08000fa7   Thumb Code    42  stm32f10x_i2c.o(i.I2C_CheckEvent)
    I2C_Cmd                                  0x08000fd1   Thumb Code    24  stm32f10x_i2c.o(i.I2C_Cmd)
    I2C_DeInit                               0x08000fe9   Thumb Code    50  stm32f10x_i2c.o(i.I2C_DeInit)
    I2C_GenerateSTART                        0x08001021   Thumb Code    24  stm32f10x_i2c.o(i.I2C_GenerateSTART)
    I2C_GenerateSTOP                         0x08001039   Thumb Code    24  stm32f10x_i2c.o(i.I2C_GenerateSTOP)
    I2C_GetFlagStatus                        0x08001051   Thumb Code    58  stm32f10x_i2c.o(i.I2C_GetFlagStatus)
    I2C_Init                                 0x0800108d   Thumb Code   222  stm32f10x_i2c.o(i.I2C_Init)
    I2C_Send7bitAddress                      0x08001179   Thumb Code    18  stm32f10x_i2c.o(i.I2C_Send7bitAddress)
    I2C_SendData                             0x0800118b   Thumb Code     4  stm32f10x_i2c.o(i.I2C_SendData)
    MemManage_Handler                        0x0800118f   Thumb Code     4  stm32f10x_it.o(i.MemManage_Handler)
    NMI_Handler                              0x08001193   Thumb Code     2  stm32f10x_it.o(i.NMI_Handler)
    PendSV_Handler                           0x08001195   Thumb Code     2  stm32f10x_it.o(i.PendSV_Handler)
    RCC_APB1PeriphClockCmd                   0x08001199   Thumb Code    26  stm32f10x_rcc.o(i.RCC_APB1PeriphClockCmd)
    RCC_APB1PeriphResetCmd                   0x080011b9   Thumb Code    26  stm32f10x_rcc.o(i.RCC_APB1PeriphResetCmd)
    RCC_APB2PeriphClockCmd                   0x080011d9   Thumb Code    26  stm32f10x_rcc.o(i.RCC_APB2PeriphClockCmd)
    RCC_GetClocksFreq                        0x080011f9   Thumb Code   192  stm32f10x_rcc.o(i.RCC_GetClocksFreq)
    SSD1306_API_DrawArea                     0x080012cd   Thumb Code   144  ssd1306.o(i.SSD1306_API_DrawArea)
    SSD1306_Clean                            0x0800135d   Thumb Code    52  ssd1306.o(i.SSD1306_Clean)
    SSD1306_Init                             0x08001391   Thumb Code   182  ssd1306.o(i.SSD1306_Init)
    SVC_Handler                              0x08001447   Thumb Code     2  stm32f10x_it.o(i.SVC_Handler)
    SysTick_CLKSourceConfig                  0x08001531   Thumb Code    40  misc.o(i.SysTick_CLKSourceConfig)
    SysTick_Handler                          0x08001559   Thumb Code     2  stm32f10x_it.o(i.SysTick_Handler)
    SystemInit                               0x0800155d   Thumb Code    78  system_stm32f10x.o(i.SystemInit)
    UsageFault_Handler                       0x080015bd   Thumb Code     4  stm32f10x_it.o(i.UsageFault_Handler)
    __Font_backup_config                     0x08001921   Thumb Code    20  rh_font.o(i.__Font_backup_config)
    __Font_exportStr                         0x08001941   Thumb Code   576  rh_font.o(i.__Font_exportStr)
    __Font_getWordNum                        0x08001b85   Thumb Code    96  rh_font.o(i.__Font_getWordNum)
    __Font_init                              0x08001be9   Thumb Code   186  rh_font.o(i.__Font_init)
    __Font_restore_config                    0x08001cb5   Thumb Code    62  rh_font.o(i.__Font_restore_config)
    __Font_setSize                           0x08001d01   Thumb Code   150  rh_font.o(i.__Font_setSize)
    __Font_setStyle                          0x08001da1   Thumb Code   184  rh_font.o(i.__Font_setStyle)
    __Graph_backup_config                    0x08001e65   Thumb Code    20  rh_graphic.o(i.__Graph_backup_config)
    __Graph_init                             0x08001e85   Thumb Code    36  rh_graphic.o(i.__Graph_init)
    __Graph_rect_fill                        0x08001ead   Thumb Code   378  rh_graphic.o(i.__Graph_rect_fill)
    __Graph_rect_raw                         0x08002031   Thumb Code   132  rh_graphic.o(i.__Graph_rect_raw)
    __Graph_restore_config                   0x080020bd   Thumb Code    26  rh_graphic.o(i.__Graph_restore_config)
    __Graph_set_penColor                     0x080020e5   Thumb Code     6  rh_graphic.o(i.__Graph_set_penColor)
    __Stack_createBase                       0x080020f1   Thumb Code    22  rh_data.o(i.__Stack_createBase)
    __Stack_empty                            0x08002107   Thumb Code    24  rh_data.o(i.__Stack_empty)
    __Stack_pop                              0x0800211f   Thumb Code    50  rh_data.o(i.__Stack_pop)
    __Stack_push                             0x08002151   Thumb Code    32  rh_data.o(i.__Stack_push)
    __memgrab_Area                           0x08002661   Thumb Code   104  rh_lib.o(i.__memgrab_Area)
    _is_digit                                0x08002771   Thumb Code    14  __printf_wp.o(i._is_digit)
    delay_init                               0x08002781   Thumb Code    52  delay.o(i.delay_init)
    delay_ms                                 0x080027bd   Thumb Code    72  delay.o(i.delay_ms)
    main                                     0x08002809   Thumb Code   436  main.o(i.main)
    rhtt_GetCodepointBitmapBox               0x080029ed   Thumb Code    44  rh_font.o(i.rhtt_GetCodepointBitmapBox)
    rhtt_GetCodepointHMetrics                0x08002a19   Thumb Code    22  rh_font.o(i.rhtt_GetCodepointHMetrics)
    rhtt_GetFontVMetrics                     0x08002a2f   Thumb Code    14  rh_font.o(i.rhtt_GetFontVMetrics)
    rhtt_InitFont                            0x08002a3d   Thumb Code    14  rh_font.o(i.rhtt_InitFont)
    rhtt_MakeCodepointBitmap                 0x08002a4b   Thumb Code   114  rh_font.o(i.rhtt_MakeCodepointBitmap)
    rhtt_ScaleForPixelHeight                 0x08002abd   Thumb Code    12  rh_font.o(i.rhtt_ScaleForPixelHeight)
    roundf                                   0x08002ac9   Thumb Code   114  roundf.o(i.roundf)
    __aeabi_d2iz                             0x08002b3d   Thumb Code     0  dfix.o(x$fpl$dfix)
    _dfix                                    0x08002b3d   Thumb Code    94  dfix.o(x$fpl$dfix)
    __aeabi_i2d                              0x08002b9b   Thumb Code     0  dflt_clz.o(x$fpl$dflt)
    _dflt                                    0x08002b9b   Thumb Code    46  dflt_clz.o(x$fpl$dflt)
    __fpl_dnaninf                            0x08002bc9   Thumb Code   156  dnaninf.o(x$fpl$dnaninf)
    __aeabi_fadd                             0x08002c65   Thumb Code     0  faddsub_clz.o(x$fpl$fadd)
    _fadd                                    0x08002c65   Thumb Code   196  faddsub_clz.o(x$fpl$fadd)
    __aeabi_f2iz                             0x08002d29   Thumb Code     0  ffix.o(x$fpl$ffix)
    _ffix                                    0x08002d29   Thumb Code    54  ffix.o(x$fpl$ffix)
    __aeabi_i2f                              0x08002d61   Thumb Code     0  fflt_clz.o(x$fpl$fflt)
    _fflt                                    0x08002d61   Thumb Code    48  fflt_clz.o(x$fpl$fflt)
    __aeabi_ui2f                             0x08002d91   Thumb Code     0  fflt_clz.o(x$fpl$ffltu)
    _ffltu                                   0x08002d91   Thumb Code    38  fflt_clz.o(x$fpl$ffltu)
    __aeabi_fmul                             0x08002db9   Thumb Code     0  fmul.o(x$fpl$fmul)
    _fmul                                    0x08002db9   Thumb Code   258  fmul.o(x$fpl$fmul)
    __fpl_fnaninf                            0x08002ebb   Thumb Code   140  fnaninf.o(x$fpl$fnaninf)
    __fpl_fretinf                            0x08002f47   Thumb Code    10  fretinf.o(x$fpl$fretinf)
    _frnd                                    0x08002f51   Thumb Code    96  frnd.o(x$fpl$frnd)
    __aeabi_fsub                             0x08002fb1   Thumb Code     0  faddsub_clz.o(x$fpl$fsub)
    _fsub                                    0x08002fb1   Thumb Code   234  faddsub_clz.o(x$fpl$fsub)
    __I$use$fp                               0x0800309a   Number         0  usenofp.o(x$fpl$usenofp)
    Font_BIT_ArialRoundedBold_size_8         0x08003314   Data         768  rh_font_arialroundedbold.o(.constdata)
    Region$$Table$$Base                      0x0800364c   Number         0  anon$$obj.o(Region$$Table)
    Region$$Table$$Limit                     0x0800366c   Number         0  anon$$obj.o(Region$$Table)
    GUI_API_DrawArea                         0x20000018   Data           4  rh_gui.o(.data)
    GUI_API_DrawPixel                        0x2000001c   Data           4  rh_gui.o(.data)
    GUI_API_AssertParam                      0x20000020   Data           4  rh_gui.o(.data)
    GUI_API_DelayMs                          0x20000024   Data           4  rh_gui.o(.data)
    __libspace_start                         0x20000628   Data          96  libspace.o(.bss)
    __temporary_stack_top$libspace           0x20000688   Data           0  libspace.o(.bss)



==============================================================================

Memory Map of the image

  Image Entry point : 0x08000131

  Load Region LR_IROM1 (Base: 0x08000000, Size: 0x000036f0, Max: 0x00010000, ABSOLUTE)

    Execution Region ER_IROM1 (Exec base: 0x08000000, Load base: 0x08000000, Size: 0x0000366c, Max: 0x00010000, ABSOLUTE)

    Exec Addr    Load Addr    Size         Type   Attr      Idx    E Section Name        Object

    0x08000000   0x08000000   0x00000130   Data   RO         2781    RESET               startup_stm32f10x_hd.o
    0x08000130   0x08000130   0x00000008   Code   RO         5216  * !!!main             c_w.l(__main.o)
    0x08000138   0x08000138   0x00000034   Code   RO         5851    !!!scatter          c_w.l(__scatter.o)
    0x0800016c   0x0800016c   0x0000001a   Code   RO         5853    !!handler_copy      c_w.l(__scatter_copy.o)
    0x08000186   0x08000186   0x00000002   PAD
    0x08000188   0x08000188   0x0000001c   Code   RO         5855    !!handler_zi        c_w.l(__scatter_zi.o)
    0x080001a4   0x080001a4   0x00000000   Code   RO         5172    .ARM.Collect$$_printf_percent$$00000000  c_w.l(_printf_percent.o)
    0x080001a4   0x080001a4   0x00000006   Code   RO         5170    .ARM.Collect$$_printf_percent$$00000009  c_w.l(_printf_d.o)
    0x080001aa   0x080001aa   0x00000004   Code   RO         5457    .ARM.Collect$$_printf_percent$$00000017  c_w.l(_printf_percent_end.o)
    0x080001ae   0x080001ae   0x00000002   Code   RO         5773    .ARM.Collect$$libinit$$00000000  c_w.l(libinit.o)
    0x080001b0   0x080001b0   0x00000000   Code   RO         5495    .ARM.Collect$$libinit$$00000002  c_w.l(libinit2.o)
    0x080001b0   0x080001b0   0x00000000   Code   RO         5497    .ARM.Collect$$libinit$$00000004  c_w.l(libinit2.o)
    0x080001b0   0x080001b0   0x00000008   Code   RO         5498    .ARM.Collect$$libinit$$00000005  c_w.l(libinit2.o)
    0x080001b8   0x080001b8   0x00000000   Code   RO         5500    .ARM.Collect$$libinit$$0000000A  c_w.l(libinit2.o)
    0x080001b8   0x080001b8   0x00000000   Code   RO         5502    .ARM.Collect$$libinit$$0000000C  c_w.l(libinit2.o)
    0x080001b8   0x080001b8   0x00000000   Code   RO         5504    .ARM.Collect$$libinit$$0000000E  c_w.l(libinit2.o)
    0x080001b8   0x080001b8   0x00000000   Code   RO         5507    .ARM.Collect$$libinit$$00000011  c_w.l(libinit2.o)
    0x080001b8   0x080001b8   0x00000000   Code   RO         5509    .ARM.Collect$$libinit$$00000013  c_w.l(libinit2.o)
    0x080001b8   0x080001b8   0x00000000   Code   RO         5511    .ARM.Collect$$libinit$$00000015  c_w.l(libinit2.o)
    0x080001b8   0x080001b8   0x00000000   Code   RO         5513    .ARM.Collect$$libinit$$00000017  c_w.l(libinit2.o)
    0x080001b8   0x080001b8   0x00000000   Code   RO         5515    .ARM.Collect$$libinit$$00000019  c_w.l(libinit2.o)
    0x080001b8   0x080001b8   0x00000000   Code   RO         5517    .ARM.Collect$$libinit$$0000001B  c_w.l(libinit2.o)
    0x080001b8   0x080001b8   0x00000000   Code   RO         5519    .ARM.Collect$$libinit$$0000001D  c_w.l(libinit2.o)
    0x080001b8   0x080001b8   0x00000000   Code   RO         5521    .ARM.Collect$$libinit$$0000001F  c_w.l(libinit2.o)
    0x080001b8   0x080001b8   0x00000000   Code   RO         5523    .ARM.Collect$$libinit$$00000021  c_w.l(libinit2.o)
    0x080001b8   0x080001b8   0x00000000   Code   RO         5525    .ARM.Collect$$libinit$$00000023  c_w.l(libinit2.o)
    0x080001b8   0x080001b8   0x00000000   Code   RO         5527    .ARM.Collect$$libinit$$00000025  c_w.l(libinit2.o)
    0x080001b8   0x080001b8   0x00000000   Code   RO         5531    .ARM.Collect$$libinit$$0000002C  c_w.l(libinit2.o)
    0x080001b8   0x080001b8   0x00000000   Code   RO         5533    .ARM.Collect$$libinit$$0000002E  c_w.l(libinit2.o)
    0x080001b8   0x080001b8   0x00000000   Code   RO         5535    .ARM.Collect$$libinit$$00000030  c_w.l(libinit2.o)
    0x080001b8   0x080001b8   0x00000000   Code   RO         5537    .ARM.Collect$$libinit$$00000032  c_w.l(libinit2.o)
    0x080001b8   0x080001b8   0x00000002   Code   RO         5538    .ARM.Collect$$libinit$$00000033  c_w.l(libinit2.o)
    0x080001ba   0x080001ba   0x00000002   Code   RO         5848    .ARM.Collect$$libshutdown$$00000000  c_w.l(libshutdown.o)
    0x080001bc   0x080001bc   0x00000000   Code   RO         5775    .ARM.Collect$$libshutdown$$00000002  c_w.l(libshutdown2.o)
    0x080001bc   0x080001bc   0x00000000   Code   RO         5777    .ARM.Collect$$libshutdown$$00000004  c_w.l(libshutdown2.o)
    0x080001bc   0x080001bc   0x00000000   Code   RO         5780    .ARM.Collect$$libshutdown$$00000007  c_w.l(libshutdown2.o)
    0x080001bc   0x080001bc   0x00000000   Code   RO         5783    .ARM.Collect$$libshutdown$$0000000A  c_w.l(libshutdown2.o)
    0x080001bc   0x080001bc   0x00000000   Code   RO         5785    .ARM.Collect$$libshutdown$$0000000C  c_w.l(libshutdown2.o)
    0x080001bc   0x080001bc   0x00000000   Code   RO         5788    .ARM.Collect$$libshutdown$$0000000F  c_w.l(libshutdown2.o)
    0x080001bc   0x080001bc   0x00000002   Code   RO         5789    .ARM.Collect$$libshutdown$$00000010  c_w.l(libshutdown2.o)
    0x080001be   0x080001be   0x00000000   Code   RO         5369    .ARM.Collect$$rtentry$$00000000  c_w.l(__rtentry.o)
    0x080001be   0x080001be   0x00000000   Code   RO         5614    .ARM.Collect$$rtentry$$00000002  c_w.l(__rtentry2.o)
    0x080001be   0x080001be   0x00000006   Code   RO         5626    .ARM.Collect$$rtentry$$00000004  c_w.l(__rtentry4.o)
    0x080001c4   0x080001c4   0x00000000   Code   RO         5616    .ARM.Collect$$rtentry$$00000009  c_w.l(__rtentry2.o)
    0x080001c4   0x080001c4   0x00000004   Code   RO         5617    .ARM.Collect$$rtentry$$0000000A  c_w.l(__rtentry2.o)
    0x080001c8   0x080001c8   0x00000000   Code   RO         5619    .ARM.Collect$$rtentry$$0000000C  c_w.l(__rtentry2.o)
    0x080001c8   0x080001c8   0x00000008   Code   RO         5620    .ARM.Collect$$rtentry$$0000000D  c_w.l(__rtentry2.o)
    0x080001d0   0x080001d0   0x00000002   Code   RO         5794    .ARM.Collect$$rtexit$$00000000  c_w.l(rtexit.o)
    0x080001d2   0x080001d2   0x00000000   Code   RO         5824    .ARM.Collect$$rtexit$$00000002  c_w.l(rtexit2.o)
    0x080001d2   0x080001d2   0x00000004   Code   RO         5825    .ARM.Collect$$rtexit$$00000003  c_w.l(rtexit2.o)
    0x080001d6   0x080001d6   0x00000006   Code   RO         5826    .ARM.Collect$$rtexit$$00000004  c_w.l(rtexit2.o)
    0x080001dc   0x080001dc   0x00000000   Code   RO         5635    .emb_text           c_w.l(maybetermalloc1.o)
    0x080001dc   0x080001dc   0x00000040   Code   RO         2782    .text               startup_stm32f10x_hd.o
    0x0800021c   0x0800021c   0x00000028   Code   RO         5073    .text               c_w.l(calloc.o)
    0x08000244   0x08000244   0x0000005e   Code   RO         5075    .text               c_w.l(h1_alloc.o)
    0x080002a2   0x080002a2   0x0000004e   Code   RO         5077    .text               c_w.l(h1_free.o)
    0x080002f0   0x080002f0   0x00000038   Code   RO         5137    .text               c_w.l(__2snprintf.o)
    0x08000328   0x08000328   0x00000078   Code   RO         5147    .text               c_w.l(_printf_dec.o)
    0x080003a0   0x080003a0   0x00000188   Code   RO         5166    .text               c_w.l(__printf_flags_ss_wp.o)
    0x08000528   0x08000528   0x0000003e   Code   RO         5194    .text               c_w.l(strlen.o)
    0x08000566   0x08000566   0x0000008a   Code   RO         5196    .text               c_w.l(rt_memcpy_v6.o)
    0x080005f0   0x080005f0   0x00000084   Code   RO         5198    .text               c_w.l(rt_memmove_v6.o)
    0x08000674   0x08000674   0x00000064   Code   RO         5200    .text               c_w.l(rt_memcpy_w.o)
    0x080006d8   0x080006d8   0x0000007a   Code   RO         5202    .text               c_w.l(rt_memmove_w.o)
    0x08000752   0x08000752   0x00000044   Code   RO         5208    .text               c_w.l(rt_memclr.o)
    0x08000796   0x08000796   0x0000004e   Code   RO         5210    .text               c_w.l(rt_memclr_w.o)
    0x080007e4   0x080007e4   0x00000056   Code   RO         5212    .text               c_w.l(strncpy.o)
    0x0800083a   0x0800083a   0x00000006   Code   RO         5214    .text               c_w.l(heapauxi.o)
    0x08000840   0x08000840   0x00000008   Code   RO         5373    .text               c_w.l(rt_heap_descriptor_intlibspace.o)
    0x08000848   0x08000848   0x00000004   Code   RO         5375    .text               c_w.l(hguard.o)
    0x0800084c   0x0800084c   0x0000008a   Code   RO         5377    .text               c_w.l(init_alloc.o)
    0x080008d6   0x080008d6   0x0000000e   Code   RO         5381    .text               c_w.l(h1_init.o)
    0x080008e4   0x080008e4   0x000000b2   Code   RO         5401    .text               c_w.l(_printf_intcommon.o)
    0x08000996   0x08000996   0x00000002   PAD
    0x08000998   0x08000998   0x00000030   Code   RO         5405    .text               c_w.l(_printf_char_common.o)
    0x080009c8   0x080009c8   0x0000000a   Code   RO         5407    .text               c_w.l(_sputc.o)
    0x080009d2   0x080009d2   0x00000010   Code   RO         5409    .text               c_w.l(_snputc.o)
    0x080009e2   0x080009e2   0x00000002   PAD
    0x080009e4   0x080009e4   0x00000008   Code   RO         5607    .text               c_w.l(libspace.o)
    0x080009ec   0x080009ec   0x00000002   Code   RO         5610    .text               c_w.l(use_no_semi.o)
    0x080009ee   0x080009ee   0x00000000   Code   RO         5612    .text               c_w.l(indicate_semi.o)
    0x080009ee   0x080009ee   0x00000034   Code   RO         5637    .text               c_w.l(h1_extend.o)
    0x08000a22   0x08000a22   0x0000000e   Code   RO         5666    .text               c_w.l(defsig_rtmem_outer.o)
    0x08000a30   0x08000a30   0x0000004a   Code   RO         5687    .text               c_w.l(sys_stackheap_outer.o)
    0x08000a7a   0x08000a7a   0x00000012   Code   RO         5752    .text               c_w.l(exit.o)
    0x08000a8c   0x08000a8c   0x0000000a   Code   RO         5754    .text               c_w.l(defsig_exit.o)
    0x08000a96   0x08000a96   0x00000002   PAD
    0x08000a98   0x08000a98   0x00000050   Code   RO         5760    .text               c_w.l(defsig_rtmem_inner.o)
    0x08000ae8   0x08000ae8   0x0000000c   Code   RO         5792    .text               c_w.l(sys_exit.o)
    0x08000af4   0x08000af4   0x00000032   Code   RO         5813    .text               c_w.l(defsig_general.o)
    0x08000b26   0x08000b26   0x0000000e   Code   RO         5821    .text               c_w.l(sys_wrch.o)
    0x08000b34   0x08000b34   0x00000010   Code   RO          216    i.API_Init__STM32F103C8T6  rh_gui_api.o
    0x08000b44   0x08000b44   0x00000004   Code   RO          127    i.BusFault_Handler  stm32f10x_it.o
    0x08000b48   0x08000b48   0x00000002   Code   RO          128    i.DebugMon_Handler  stm32f10x_it.o
    0x08000b4a   0x08000b4a   0x00000116   Code   RO          486    i.GPIO_Init         stm32f10x_gpio.o
    0x08000c60   0x08000c60   0x00000084   Code   RO         2849    i.GUI_AddScreenArea  rh_gui.o
    0x08000ce4   0x08000ce4   0x00000002   Code   RO         2850    i.GUI_AsserParam    rh_gui.o
    0x08000ce6   0x08000ce6   0x00000012   Code   RO         2851    i.GUI_Delay         rh_gui.o
    0x08000cf8   0x08000cf8   0x00000006   Code   RO         2852    i.GUI_DrawArea      rh_gui.o
    0x08000cfe   0x08000cfe   0x00000002   Code   RO         2853    i.GUI_DummyDrawPixel  rh_gui.o
    0x08000d00   0x08000d00   0x00000040   Code   RO         2854    i.GUI_Init          rh_gui.o
    0x08000d40   0x08000d40   0x00000094   Code   RO         2855    i.GUI_RefreashScreen  rh_gui.o
    0x08000dd4   0x08000dd4   0x000000a0   Code   RO         2856    i.GUI_RefreashScreenArea  rh_gui.o
    0x08000e74   0x08000e74   0x00000074   Code   RO         2864    i.GUI_object_adjust  rh_gui.o
    0x08000ee8   0x08000ee8   0x00000060   Code   RO         2865    i.GUI_object_create  rh_gui.o
    0x08000f48   0x08000f48   0x00000054   Code   RO         2867    i.GUI_object_insert  rh_gui.o
    0x08000f9c   0x08000f9c   0x00000006   Code   RO         2868    i.GUI_object_quickSet  rh_gui.o
    0x08000fa2   0x08000fa2   0x00000004   Code   RO          129    i.HardFault_Handler  stm32f10x_it.o
    0x08000fa6   0x08000fa6   0x0000002a   Code   RO         1358    i.I2C_CheckEvent    stm32f10x_i2c.o
    0x08000fd0   0x08000fd0   0x00000018   Code   RO         1361    i.I2C_Cmd           stm32f10x_i2c.o
    0x08000fe8   0x08000fe8   0x00000038   Code   RO         1364    i.I2C_DeInit        stm32f10x_i2c.o
    0x08001020   0x08001020   0x00000018   Code   RO         1368    i.I2C_GenerateSTART  stm32f10x_i2c.o
    0x08001038   0x08001038   0x00000018   Code   RO         1369    i.I2C_GenerateSTOP  stm32f10x_i2c.o
    0x08001050   0x08001050   0x0000003a   Code   RO         1370    i.I2C_GetFlagStatus  stm32f10x_i2c.o
    0x0800108a   0x0800108a   0x00000002   PAD
    0x0800108c   0x0800108c   0x000000ec   Code   RO         1375    i.I2C_Init          stm32f10x_i2c.o
    0x08001178   0x08001178   0x00000012   Code   RO         1381    i.I2C_Send7bitAddress  stm32f10x_i2c.o
    0x0800118a   0x0800118a   0x00000004   Code   RO         1382    i.I2C_SendData      stm32f10x_i2c.o
    0x0800118e   0x0800118e   0x00000004   Code   RO          130    i.MemManage_Handler  stm32f10x_it.o
    0x08001192   0x08001192   0x00000002   Code   RO          131    i.NMI_Handler       stm32f10x_it.o
    0x08001194   0x08001194   0x00000002   Code   RO          132    i.PendSV_Handler    stm32f10x_it.o
    0x08001196   0x08001196   0x00000002   PAD
    0x08001198   0x08001198   0x00000020   Code   RO          596    i.RCC_APB1PeriphClockCmd  stm32f10x_rcc.o
    0x080011b8   0x080011b8   0x00000020   Code   RO          597    i.RCC_APB1PeriphResetCmd  stm32f10x_rcc.o
    0x080011d8   0x080011d8   0x00000020   Code   RO          598    i.RCC_APB2PeriphClockCmd  stm32f10x_rcc.o
    0x080011f8   0x080011f8   0x000000d4   Code   RO          606    i.RCC_GetClocksFreq  stm32f10x_rcc.o
    0x080012cc   0x080012cc   0x00000090   Code   RO         2786    i.SSD1306_API_DrawArea  ssd1306.o
    0x0800135c   0x0800135c   0x00000034   Code   RO         2788    i.SSD1306_Clean     ssd1306.o
    0x08001390   0x08001390   0x000000b6   Code   RO         2790    i.SSD1306_Init      ssd1306.o
    0x08001446   0x08001446   0x00000002   Code   RO          133    i.SVC_Handler       stm32f10x_it.o
    0x08001448   0x08001448   0x00000008   Code   RO         2745    i.SetSysClock       system_stm32f10x.o
    0x08001450   0x08001450   0x000000e0   Code   RO         2746    i.SetSysClockTo72   system_stm32f10x.o
    0x08001530   0x08001530   0x00000028   Code   RO          271    i.SysTick_CLKSourceConfig  misc.o
    0x08001558   0x08001558   0x00000002   Code   RO          134    i.SysTick_Handler   stm32f10x_it.o
    0x0800155a   0x0800155a   0x00000002   PAD
    0x0800155c   0x0800155c   0x00000060   Code   RO         2748    i.SystemInit        system_stm32f10x.o
    0x080015bc   0x080015bc   0x00000004   Code   RO          135    i.UsageFault_Handler  stm32f10x_it.o
    0x080015c0   0x080015c0   0x00000058   Code   RO         4284    i.__ApplyPixel_cpblur  rh_graphic.o
    0x08001618   0x08001618   0x000000ae   Code   RO         4285    i.__ApplyPixel_eor  rh_graphic.o
    0x080016c6   0x080016c6   0x00000082   Code   RO         4286    i.__ApplyPixel_fill  rh_graphic.o
    0x08001748   0x08001748   0x00000038   Code   RO         4287    i.__ApplyPixel_lightness  rh_graphic.o
    0x08001780   0x08001780   0x00000058   Code   RO         4288    i.__ApplyPixel_mark  rh_graphic.o
    0x080017d8   0x080017d8   0x000000b8   Code   RO         4289    i.__ApplyPixel_reverse  rh_graphic.o
    0x08001890   0x08001890   0x0000005e   Code   RO         4290    i.__ApplyPixel_unmark  rh_graphic.o
    0x080018ee   0x080018ee   0x00000030   Code   RO         4291    i.__ApplyPixel_unzero  rh_graphic.o
    0x0800191e   0x0800191e   0x00000002   PAD
    0x08001920   0x08001920   0x00000020   Code   RO         3134    i.__Font_backup_config  rh_font.o
    0x08001940   0x08001940   0x00000244   Code   RO         3136    i.__Font_exportStr  rh_font.o
    0x08001b84   0x08001b84   0x00000064   Code   RO         3142    i.__Font_getWordNum  rh_font.o
    0x08001be8   0x08001be8   0x000000cc   Code   RO         3143    i.__Font_init       rh_font.o
    0x08001cb4   0x08001cb4   0x0000004c   Code   RO         3144    i.__Font_restore_config  rh_font.o
    0x08001d00   0x08001d00   0x000000a0   Code   RO         3145    i.__Font_setSize    rh_font.o
    0x08001da0   0x08001da0   0x000000c4   Code   RO         3146    i.__Font_setStyle   rh_font.o
    0x08001e64   0x08001e64   0x00000020   Code   RO         4292    i.__Graph_backup_config  rh_graphic.o
    0x08001e84   0x08001e84   0x00000028   Code   RO         4304    i.__Graph_init      rh_graphic.o
    0x08001eac   0x08001eac   0x00000184   Code   RO         4312    i.__Graph_rect_fill  rh_graphic.o
    0x08002030   0x08002030   0x0000008c   Code   RO         4313    i.__Graph_rect_raw  rh_graphic.o
    0x080020bc   0x080020bc   0x00000028   Code   RO         4315    i.__Graph_restore_config  rh_graphic.o
    0x080020e4   0x080020e4   0x0000000c   Code   RO         4318    i.__Graph_set_penColor  rh_graphic.o
    0x080020f0   0x080020f0   0x00000016   Code   RO         4056    i.__Stack_createBase  rh_data.o
    0x08002106   0x08002106   0x00000018   Code   RO         4058    i.__Stack_empty     rh_data.o
    0x0800211e   0x0800211e   0x00000032   Code   RO         4059    i.__Stack_pop       rh_data.o
    0x08002150   0x08002150   0x00000020   Code   RO         4060    i.__Stack_push      rh_data.o
    0x08002170   0x08002170   0x00000058   Code   RO         2792    i.__configI2C       ssd1306.o
    0x080021c8   0x080021c8   0x0000000c   Code   RO         2879    i.__gui_adjust_object_num  rh_gui.o
    0x080021d4   0x080021d4   0x00000002   Code   RO         2880    i.__gui_adjust_object_text  rh_gui.o
    0x080021d6   0x080021d6   0x00000002   PAD
    0x080021d8   0x080021d8   0x00000234   Code   RO         2881    i.__gui_insert_object_num  rh_gui.o
    0x0800240c   0x0800240c   0x00000250   Code   RO         2882    i.__gui_insert_object_text  rh_gui.o
    0x0800265c   0x0800265c   0x00000002   Code   RO         2885    i.__gui_remove_object_num  rh_gui.o
    0x0800265e   0x0800265e   0x00000002   Code   RO         2886    i.__gui_remove_object_text  rh_gui.o
    0x08002660   0x08002660   0x00000068   Code   RO         4690    i.__memgrab_Area    rh_lib.o
    0x080026c8   0x080026c8   0x0000008c   Code   RO         2793    i.__writeByte       ssd1306.o
    0x08002754   0x08002754   0x0000000e   Code   RO         2794    i.__writeCmd        ssd1306.o
    0x08002762   0x08002762   0x0000000e   Code   RO         2795    i.__writeDat        ssd1306.o
    0x08002770   0x08002770   0x0000000e   Code   RO         5159    i._is_digit         c_w.l(__printf_wp.o)
    0x0800277e   0x0800277e   0x00000002   PAD
    0x08002780   0x08002780   0x0000003c   Code   RO          190    i.delay_init        delay.o
    0x080027bc   0x080027bc   0x0000004c   Code   RO          191    i.delay_ms          delay.o
    0x08002808   0x08002808   0x000001e4   Code   RO            1    i.main              main.o
    0x080029ec   0x080029ec   0x0000002c   Code   RO         3148    i.rhtt_GetCodepointBitmapBox  rh_font.o
    0x08002a18   0x08002a18   0x00000016   Code   RO         3149    i.rhtt_GetCodepointHMetrics  rh_font.o
    0x08002a2e   0x08002a2e   0x0000000e   Code   RO         3150    i.rhtt_GetFontVMetrics  rh_font.o
    0x08002a3c   0x08002a3c   0x0000000e   Code   RO         3151    i.rhtt_InitFont     rh_font.o
    0x08002a4a   0x08002a4a   0x00000072   Code   RO         3152    i.rhtt_MakeCodepointBitmap  rh_font.o
    0x08002abc   0x08002abc   0x0000000c   Code   RO         3153    i.rhtt_ScaleForPixelHeight  rh_font.o
    0x08002ac8   0x08002ac8   0x00000072   Code   RO         5356    i.roundf            m_ws.l(roundf.o)
    0x08002b3a   0x08002b3a   0x00000002   PAD
    0x08002b3c   0x08002b3c   0x0000005e   Code   RO         5232    x$fpl$dfix          fz_ws.l(dfix.o)
    0x08002b9a   0x08002b9a   0x0000002e   Code   RO         5237    x$fpl$dflt          fz_ws.l(dflt_clz.o)
    0x08002bc8   0x08002bc8   0x0000009c   Code   RO         5541    x$fpl$dnaninf       fz_ws.l(dnaninf.o)
    0x08002c64   0x08002c64   0x000000c4   Code   RO         5250    x$fpl$fadd          fz_ws.l(faddsub_clz.o)
    0x08002d28   0x08002d28   0x00000036   Code   RO         5262    x$fpl$ffix          fz_ws.l(ffix.o)
    0x08002d5e   0x08002d5e   0x00000002   PAD
    0x08002d60   0x08002d60   0x00000030   Code   RO         5271    x$fpl$fflt          fz_ws.l(fflt_clz.o)
    0x08002d90   0x08002d90   0x00000026   Code   RO         5270    x$fpl$ffltu         fz_ws.l(fflt_clz.o)
    0x08002db6   0x08002db6   0x00000002   PAD
    0x08002db8   0x08002db8   0x00000102   Code   RO         5278    x$fpl$fmul          fz_ws.l(fmul.o)
    0x08002eba   0x08002eba   0x0000008c   Code   RO         5553    x$fpl$fnaninf       fz_ws.l(fnaninf.o)
    0x08002f46   0x08002f46   0x0000000a   Code   RO         5555    x$fpl$fretinf       fz_ws.l(fretinf.o)
    0x08002f50   0x08002f50   0x00000060   Code   RO         5557    x$fpl$frnd          fz_ws.l(frnd.o)
    0x08002fb0   0x08002fb0   0x000000ea   Code   RO         5252    x$fpl$fsub          fz_ws.l(faddsub_clz.o)
    0x0800309a   0x0800309a   0x00000000   Code   RO         5571    x$fpl$usenofp       fz_ws.l(usenofp.o)
    0x0800309a   0x0800309a   0x00000002   PAD
    0x0800309c   0x0800309c   0x00000014   Data   RO         2796    .constdata          ssd1306.o
    0x080030b0   0x080030b0   0x00000024   Data   RO         2890    .constdata          rh_gui.o
    0x080030d4   0x080030d4   0x00000540   Data   RO         4007    .constdata          rh_font_arialroundedbold.o
    0x08003614   0x08003614   0x00000024   Data   RO         4321    .constdata          rh_graphic.o
    0x08003638   0x08003638   0x00000011   Data   RO         5167    .constdata          c_w.l(__printf_flags_ss_wp.o)
    0x08003649   0x08003649   0x00000003   PAD
    0x0800364c   0x0800364c   0x00000020   Data   RO         5849    Region$$Table       anon$$obj.o


    Execution Region RW_IRAM1 (Exec base: 0x20000000, Load base: 0x0800366c, Size: 0x00001a88, Max: 0x00005000, ABSOLUTE)

    Exec Addr    Load Addr    Size         Type   Attr      Idx    E Section Name        Object

    0x20000000   0x0800366c   0x00000004   Data   RW          193    .data               delay.o
    0x20000004   0x08003670   0x00000014   Data   RW          626    .data               stm32f10x_rcc.o
    0x20000018   0x08003684   0x0000001c   Data   RW         2891    .data               rh_gui.o
    0x20000034   0x080036a0   0x0000001d   Data   RW         3289    .data               rh_font.o
    0x20000051   0x080036bd   0x00000003   PAD
    0x20000054   0x080036c0   0x0000002d   Data   RW         4322    .data               rh_graphic.o
    0x20000081   0x080036ed   0x00000003   PAD
    0x20000084        -       0x00000415   Zero   RW         2889    .bss                rh_gui.o
    0x20000499   0x080036ed   0x00000003   PAD
    0x2000049c        -       0x00000160   Zero   RW         3287    .bss                rh_font.o
    0x200005fc        -       0x0000002c   Zero   RW         4320    .bss                rh_graphic.o
    0x20000628        -       0x00000060   Zero   RW         5608    .bss                c_w.l(libspace.o)
    0x20000688        -       0x00001000   Zero   RW         2780    HEAP                startup_stm32f10x_hd.o
    0x20001688        -       0x00000400   Zero   RW         2779    STACK               startup_stm32f10x_hd.o


==============================================================================

Image component sizes


      Code (inc. data)   RO Data    RW Data    ZI Data      Debug   Object Name

         0          0          0          0          0         32   core_cm3.o
       136         12          0          4          0       1176   delay.o
       484         48          0          0          0     242504   main.o
        40          0          0          0          0        550   misc.o
       128          0          0          0          0       2954   rh_data.o
      1568         74          0         29        352      17548   rh_font.o
         0          0       1344          0          0       4635   rh_font_arialroundedbold.o
      1514         60         36         45         44      13442   rh_graphic.o
      2008         84         36         28       1045      23357   rh_gui.o
        16          8          0          0          0       2422   rh_gui_api.o
       104          0          0          0          0       2233   rh_lib.o
       634         28         20          0          0       4742   ssd1306.o
        64         26        304          0       5120        872   startup_stm32f10x_hd.o
       278          0          0          0          0       2160   stm32f10x_gpio.o
       486         20          0          0          0       7563   stm32f10x_i2c.o
        26          0          0          0          0       3798   stm32f10x_it.o
       308         38          0         20          0       5291   stm32f10x_rcc.o
       328         28          0          0          0       1997   system_stm32f10x.o

    ----------------------------------------------------------------------
      8132        426       1772        132       6564     337276   Object Totals
         0          0         32          0          0          0   (incl. Generated)
        10          0          0          6          3          0   (incl. Padding)

    ----------------------------------------------------------------------

      Code (inc. data)   RO Data    RW Data    ZI Data      Debug   Library Member Name

        56          6          0          0          0         88   __2snprintf.o
         8          0          0          0          0         68   __main.o
       392          4         17          0          0         92   __printf_flags_ss_wp.o
        14          0          0          0          0         68   __printf_wp.o
         0          0          0          0          0          0   __rtentry.o
        12          0          0          0          0          0   __rtentry2.o
         6          0          0          0          0          0   __rtentry4.o
        52          8          0          0          0          0   __scatter.o
        26          0          0          0          0          0   __scatter_copy.o
        28          0          0          0          0          0   __scatter_zi.o
        48          6          0          0          0         96   _printf_char_common.o
         6          0          0          0          0          0   _printf_d.o
       120         16          0          0          0         92   _printf_dec.o
       178          0          0          0          0         88   _printf_intcommon.o
         0          0          0          0          0          0   _printf_percent.o
         4          0          0          0          0          0   _printf_percent_end.o
        16          0          0          0          0         68   _snputc.o
        10          0          0          0          0         68   _sputc.o
        40          0          0          0          0         80   calloc.o
        10          0          0          0          0         68   defsig_exit.o
        50          0          0          0          0         88   defsig_general.o
        80         58          0          0          0         76   defsig_rtmem_inner.o
        14          0          0          0          0         80   defsig_rtmem_outer.o
        18          0          0          0          0         80   exit.o
        94          0          0          0          0         80   h1_alloc.o
        52          0          0          0          0         68   h1_extend.o
        78          0          0          0          0         80   h1_free.o
        14          0          0          0          0         84   h1_init.o
         6          0          0          0          0        152   heapauxi.o
         4          0          0          0          0        136   hguard.o
         0          0          0          0          0          0   indicate_semi.o
       138          0          0          0          0        168   init_alloc.o
         2          0          0          0          0          0   libinit.o
        10          0          0          0          0          0   libinit2.o
         2          0          0          0          0          0   libshutdown.o
         2          0          0          0          0          0   libshutdown2.o
         8          4          0          0         96         68   libspace.o
         0          0          0          0          0          0   maybetermalloc1.o
         8          4          0          0          0         68   rt_heap_descriptor_intlibspace.o
        68          0          0          0          0         68   rt_memclr.o
        78          0          0          0          0         80   rt_memclr_w.o
       138          0          0          0          0         68   rt_memcpy_v6.o
       100          0          0          0          0         80   rt_memcpy_w.o
       132          0          0          0          0         68   rt_memmove_v6.o
       122          0          0          0          0         80   rt_memmove_w.o
         2          0          0          0          0          0   rtexit.o
        10          0          0          0          0          0   rtexit2.o
        62          0          0          0          0         76   strlen.o
        86          0          0          0          0         76   strncpy.o
        12          4          0          0          0         68   sys_exit.o
        74          0          0          0          0         80   sys_stackheap_outer.o
        14          0          0          0          0         76   sys_wrch.o
         2          0          0          0          0         68   use_no_semi.o
        94          4          0          0          0         92   dfix.o
        46          0          0          0          0         68   dflt_clz.o
       156          4          0          0          0         92   dnaninf.o
       430          8          0          0          0        168   faddsub_clz.o
        54          4          0          0          0         84   ffix.o
        86          0          0          0          0        136   fflt_clz.o
       258          4          0          0          0         84   fmul.o
       140          4          0          0          0         84   fnaninf.o
        10          0          0          0          0         68   fretinf.o
        96          4          0          0          0         76   frnd.o
         0          0          0          0          0          0   usenofp.o
       114          0          0          0          0         80   roundf.o

    ----------------------------------------------------------------------
      4008        142         20          0         96       4024   Library Totals
        18          0          3          0          0          0   (incl. Padding)

    ----------------------------------------------------------------------

      Code (inc. data)   RO Data    RW Data    ZI Data      Debug   Library Name

      2506        110         17          0         96       2992   c_w.l
      1370         32          0          0          0        952   fz_ws.l
       114          0          0          0          0         80   m_ws.l

    ----------------------------------------------------------------------
      4008        142         20          0         96       4024   Library Totals

    ----------------------------------------------------------------------

==============================================================================


      Code (inc. data)   RO Data    RW Data    ZI Data      Debug   

     12140        568       1792        132       6660     334536   Grand Totals
     12140        568       1792        132       6660     334536   ELF Image Totals
     12140        568       1792        132          0          0   ROM Totals

==============================================================================

    Total RO  Size (Code + RO Data)                13932 (  13.61kB)
    Total RW  Size (RW Data + ZI Data)              6792 (   6.63kB)
    Total ROM Size (Code + RO Data + RW Data)      14064 (  13.73kB)

==============================================================================

