Component: ARM Compiler 5.06 update 6 (build 750) Tool: armlink [4d35ed]

==============================================================================

Section Cross References

    system_mimxrt1052.o(i.SystemCoreClockUpdate) refers to uldiv.o(.text) for __aeabi_uldivmod
    system_mimxrt1052.o(i.SystemCoreClockUpdate) refers to system_mimxrt1052.o(.data) for SystemCoreClock
    system_mimxrt1052.o(i.SystemInit) refers to system_mimxrt1052.o(i.SCB_EnableICache) for SCB_EnableICache
    system_mimxrt1052.o(i.SystemInit) refers to system_mimxrt1052.o(i.SCB_EnableDCache) for SCB_EnableDCache
    system_mimxrt1052.o(i.SystemInit) refers to system_mimxrt1052.o(i.SystemInitHook) for SystemInitHook
    startup_mimxrt1052.o(RESET) refers to startup_mimxrt1052.o(.text) for Reset_Handler
    startup_mimxrt1052.o(RESET) refers to bsp_systick.o(i.SysTick_Handler) for SysTick_Handler
    startup_mimxrt1052.o(RESET) refers to bsp_lcd.o(i.LCDIF_IRQHandler) for LCDIF_IRQHandler
    startup_mimxrt1052.o(RESET) refers to bsp_i2c_touch.o(i.GPIO1_Combined_0_15_IRQHandler) for GPIO1_Combined_0_15_IRQHandler
    startup_mimxrt1052.o(.text) refers to startup_mimxrt1052.o(RESET) for __Vectors
    startup_mimxrt1052.o(.text) refers to system_mimxrt1052.o(i.SystemInit) for SystemInit
    startup_mimxrt1052.o(.text) refers to entry.o(.ARM.Collect$$$$00000000) for __main
    startup_mimxrt1052.o(.text) refers to fsl_lpuart.o(i.LPUART1_DriverIRQHandler) for LPUART1_DriverIRQHandler
    startup_mimxrt1052.o(.text) refers to fsl_lpuart.o(i.LPUART2_DriverIRQHandler) for LPUART2_DriverIRQHandler
    startup_mimxrt1052.o(.text) refers to fsl_lpuart.o(i.LPUART3_DriverIRQHandler) for LPUART3_DriverIRQHandler
    startup_mimxrt1052.o(.text) refers to fsl_lpuart.o(i.LPUART4_DriverIRQHandler) for LPUART4_DriverIRQHandler
    startup_mimxrt1052.o(.text) refers to fsl_lpuart.o(i.LPUART5_DriverIRQHandler) for LPUART5_DriverIRQHandler
    startup_mimxrt1052.o(.text) refers to fsl_lpuart.o(i.LPUART6_DriverIRQHandler) for LPUART6_DriverIRQHandler
    startup_mimxrt1052.o(.text) refers to fsl_lpuart.o(i.LPUART7_DriverIRQHandler) for LPUART7_DriverIRQHandler
    startup_mimxrt1052.o(.text) refers to fsl_lpuart.o(i.LPUART8_DriverIRQHandler) for LPUART8_DriverIRQHandler
    startup_mimxrt1052.o(.text) refers to fsl_lpi2c.o(i.LPI2C1_DriverIRQHandler) for LPI2C1_DriverIRQHandler
    startup_mimxrt1052.o(.text) refers to fsl_lpi2c.o(i.LPI2C2_DriverIRQHandler) for LPI2C2_DriverIRQHandler
    startup_mimxrt1052.o(.text) refers to fsl_lpi2c.o(i.LPI2C3_DriverIRQHandler) for LPI2C3_DriverIRQHandler
    fsl_clock.o(i.CLOCK_DisableUsbhs0PhyPllClock) refers to fsl_clock.o(i.CLOCK_DeinitUsb1Pll) for CLOCK_DeinitUsb1Pll
    fsl_clock.o(i.CLOCK_DisableUsbhs1PhyPllClock) refers to fsl_clock.o(i.CLOCK_DeinitUsb2Pll) for CLOCK_DeinitUsb2Pll
    fsl_clock.o(i.CLOCK_EnableUsbhs0PhyPllClock) refers to fsl_clock.o(i.CLOCK_InitUsb1Pll) for CLOCK_InitUsb1Pll
    fsl_clock.o(i.CLOCK_EnableUsbhs1PhyPllClock) refers to fsl_clock.o(i.CLOCK_InitUsb2Pll) for CLOCK_InitUsb2Pll
    fsl_clock.o(i.CLOCK_GetFreq) refers to fsl_clock.o(i.CLOCK_GetPeriphClkFreq) for CLOCK_GetPeriphClkFreq
    fsl_clock.o(i.CLOCK_GetFreq) refers to fsl_clock.o(i.CLOCK_GetUsb1PfdFreq) for CLOCK_GetUsb1PfdFreq
    fsl_clock.o(i.CLOCK_GetFreq) refers to fsl_clock.o(i.CLOCK_GetSysPfdFreq) for CLOCK_GetSysPfdFreq
    fsl_clock.o(i.CLOCK_GetFreq) refers to fsl_clock.o(i.CLOCK_GetOscFreq) for CLOCK_GetOscFreq
    fsl_clock.o(i.CLOCK_GetFreq) refers to fsl_clock.o(i.CLOCK_GetPllFreq) for CLOCK_GetPllFreq
    fsl_clock.o(i.CLOCK_GetOscFreq) refers to fsl_clock.o(.data) for g_xtalFreq
    fsl_clock.o(i.CLOCK_GetPeriphClkFreq) refers to fsl_clock.o(i.CLOCK_GetPllFreq) for CLOCK_GetPllFreq
    fsl_clock.o(i.CLOCK_GetPeriphClkFreq) refers to fsl_clock.o(i.CLOCK_GetOscFreq) for CLOCK_GetOscFreq
    fsl_clock.o(i.CLOCK_GetPeriphClkFreq) refers to fsl_clock.o(i.CLOCK_GetSysPfdFreq) for CLOCK_GetSysPfdFreq
    fsl_clock.o(i.CLOCK_GetPllFreq) refers to fsl_clock.o(i.CLOCK_GetOscFreq) for CLOCK_GetOscFreq
    fsl_clock.o(i.CLOCK_GetPllFreq) refers to uldiv.o(.text) for __aeabi_uldivmod
    fsl_clock.o(i.CLOCK_GetPllFreq) refers to fsl_clock.o(.constdata) for .constdata
    fsl_clock.o(i.CLOCK_GetSysPfdFreq) refers to fsl_clock.o(i.CLOCK_GetPllFreq) for CLOCK_GetPllFreq
    fsl_clock.o(i.CLOCK_GetUsb1PfdFreq) refers to fsl_clock.o(i.CLOCK_GetPllFreq) for CLOCK_GetPllFreq
    fsl_clock.o(i.CLOCK_InitExternalClk) refers to fsl_assert.o(i.__aeabi_assert) for __aeabi_assert
    fsl_gpio.o(i.CLOCK_EnableClock) refers to fsl_assert.o(i.__aeabi_assert) for __aeabi_assert
    fsl_gpio.o(i.GPIO_GetInstance) refers to fsl_assert.o(i.__aeabi_assert) for __aeabi_assert
    fsl_gpio.o(i.GPIO_GetInstance) refers to fsl_gpio.o(.constdata) for s_gpioBases
    fsl_gpio.o(i.GPIO_PinInit) refers to fsl_gpio.o(i.GPIO_GetInstance) for GPIO_GetInstance
    fsl_gpio.o(i.GPIO_PinInit) refers to fsl_gpio.o(i.CLOCK_EnableClock) for CLOCK_EnableClock
[...]
    __rt_final_exit                          0x80000411   Thumb Code     0  entry11a.o(.ARM.Collect$$$$0000000F)
    Reset_Handler                            0x80000415   Thumb Code    24  startup_mimxrt1052.o(.text)
    NMI_Handler                              0x8000042d   Thumb Code     2  startup_mimxrt1052.o(.text)
    HardFault_Handler                        0x8000042f   Thumb Code     2  startup_mimxrt1052.o(.text)
    MemManage_Handler                        0x80000431   Thumb Code     2  startup_mimxrt1052.o(.text)
    BusFault_Handler                         0x80000433   Thumb Code     2  startup_mimxrt1052.o(.text)
    UsageFault_Handler                       0x80000435   Thumb Code     2  startup_mimxrt1052.o(.text)
    SVC_Handler                              0x80000437   Thumb Code     2  startup_mimxrt1052.o(.text)
    DebugMon_Handler                         0x80000439   Thumb Code     2  startup_mimxrt1052.o(.text)
    PendSV_Handler                           0x8000043b   Thumb Code     2  startup_mimxrt1052.o(.text)
    DMA0_DMA16_IRQHandler                    0x8000043f   Thumb Code     4  startup_mimxrt1052.o(.text)
    DMA1_DMA17_IRQHandler                    0x80000443   Thumb Code     4  startup_mimxrt1052.o(.text)
    DMA2_DMA18_IRQHandler                    0x80000447   Thumb Code     4  startup_mimxrt1052.o(.text)
    DMA3_DMA19_IRQHandler                    0x8000044b   Thumb Code     4  startup_mimxrt1052.o(.text)
    DMA4_DMA20_IRQHandler                    0x8000044f   Thumb Code     4  startup_mimxrt1052.o(.text)
    DMA5_DMA21_IRQHandler                    0x80000453   Thumb Code     4  startup_mimxrt1052.o(.text)
    DMA6_DMA22_IRQHandler                    0x80000457   Thumb Code     4  startup_mimxrt1052.o(.text)
    DMA7_DMA23_IRQHandler                    0x8000045b   Thumb Code     4  startup_mimxrt1052.o(.text)
    DMA8_DMA24_IRQHandler                    0x8000045f   Thumb Code     4  startup_mimxrt1052.o(.text)
    DMA9_DMA25_IRQHandler                    0x80000463   Thumb Code     4  startup_mimxrt1052.o(.text)
    DMA10_DMA26_IRQHandler                   0x80000467   Thumb Code     4  startup_mimxrt1052.o(.text)
    DMA11_DMA27_IRQHandler                   0x8000046b   Thumb Code     4  startup_mimxrt1052.o(.text)
    DMA12_DMA28_IRQHandler                   0x8000046f   Thumb Code     4  startup_mimxrt1052.o(.text)
    DMA13_DMA29_IRQHandler                   0x80000473   Thumb Code     4  startup_mimxrt1052.o(.text)
    DMA14_DMA30_IRQHandler                   0x80000477   Thumb Code     4  startup_mimxrt1052.o(.text)
    DMA15_DMA31_IRQHandler                   0x8000047b   Thumb Code     4  startup_mimxrt1052.o(.text)
    DMA_ERROR_IRQHandler                     0x8000047f   Thumb Code     4  startup_mimxrt1052.o(.text)
    LPUART1_IRQHandler                       0x80000483   Thumb Code     4  startup_mimxrt1052.o(.text)
    LPUART2_IRQHandler                       0x80000487   Thumb Code     4  startup_mimxrt1052.o(.text)
    LPUART3_IRQHandler                       0x8000048b   Thumb Code     4  startup_mimxrt1052.o(.text)
    LPUART4_IRQHandler                       0x8000048f   Thumb Code     4  startup_mimxrt1052.o(.text)
    LPUART5_IRQHandler                       0x80000493   Thumb Code     4  startup_mimxrt1052.o(.text)
    LPUART6_IRQHandler                       0x80000497   Thumb Code     4  startup_mimxrt1052.o(.text)
    LPUART7_IRQHandler                       0x8000049b   Thumb Code     4  startup_mimxrt1052.o(.text)
    LPUART8_IRQHandler                       0x8000049f   Thumb Code     4  startup_mimxrt1052.o(.text)
    LPI2C1_IRQHandler                        0x800004a3   Thumb Code     4  startup_mimxrt1052.o(.text)
    LPI2C2_IRQHandler                        0x800004a7   Thumb Code     4  startup_mimxrt1052.o(.text)
    LPI2C3_IRQHandler                        0x800004ab   Thumb Code     4  startup_mimxrt1052.o(.text)
    LPI2C4_IRQHandler                        0x800004af   Thumb Code     4  startup_mimxrt1052.o(.text)
    LPSPI1_IRQHandler                        0x800004b3   Thumb Code     4  startup_mimxrt1052.o(.text)
    LPSPI2_IRQHandler                        0x800004b7   Thumb Code     4  startup_mimxrt1052.o(.text)
    LPSPI3_IRQHandler                        0x800004bb   Thumb Code     4  startup_mimxrt1052.o(.text)
    LPSPI4_IRQHandler                        0x800004bf   Thumb Code     4  startup_mimxrt1052.o(.text)
    CAN1_IRQHandler                          0x800004c3   Thumb Code     4  startup_mimxrt1052.o(.text)
    CAN2_IRQHandler                          0x800004c7   Thumb Code     4  startup_mimxrt1052.o(.text)
    SAI1_IRQHandler                          0x800004cb   Thumb Code     4  startup_mimxrt1052.o(.text)
    SAI2_IRQHandler                          0x800004cf   Thumb Code     4  startup_mimxrt1052.o(.text)
    SAI3_RX_IRQHandler                       0x800004d3   Thumb Code     4  startup_mimxrt1052.o(.text)
    SAI3_TX_IRQHandler                       0x800004d7   Thumb Code     4  startup_mimxrt1052.o(.text)
    SPDIF_IRQHandler                         0x800004db   Thumb Code     4  startup_mimxrt1052.o(.text)
    FLEXIO1_IRQHandler                       0x800004df   Thumb Code     4  startup_mimxrt1052.o(.text)
    FLEXIO2_IRQHandler                       0x800004e3   Thumb Code     4  startup_mimxrt1052.o(.text)
    FLEXSPI_IRQHandler                       0x800004e7   Thumb Code     4  startup_mimxrt1052.o(.text)
    USDHC1_IRQHandler                        0x800004eb   Thumb Code     4  startup_mimxrt1052.o(.text)
    USDHC2_IRQHandler                        0x800004ef   Thumb Code     4  startup_mimxrt1052.o(.text)
    ENET_IRQHandler                          0x800004f3   Thumb Code     4  startup_mimxrt1052.o(.text)
    ENET_1588_Timer_IRQHandler               0x800004f7   Thumb Code     4  startup_mimxrt1052.o(.text)
    ACMP1_IRQHandler                         0x800004fb   Thumb Code     0  startup_mimxrt1052.o(.text)
    ACMP2_IRQHandler                         0x800004fb   Thumb Code     0  startup_mimxrt1052.o(.text)
    ACMP3_IRQHandler                         0x800004fb   Thumb Code     0  startup_mimxrt1052.o(.text)
    ACMP4_IRQHandler                         0x800004fb   Thumb Code     0  startup_mimxrt1052.o(.text)
    ADC1_IRQHandler                          0x800004fb   Thumb Code     0  startup_mimxrt1052.o(.text)
    ADC2_IRQHandler                          0x800004fb   Thumb Code     0  startup_mimxrt1052.o(.text)
    ADC_ETC_ERROR_IRQ_IRQHandler             0x800004fb   Thumb Code     0  startup_mimxrt1052.o(.text)
    ADC_ETC_IRQ0_IRQHandler                  0x800004fb   Thumb Code     0  startup_mimxrt1052.o(.text)
    ADC_ETC_IRQ1_IRQHandler                  0x800004fb   Thumb Code     0  startup_mimxrt1052.o(.text)
    ADC_ETC_IRQ2_IRQHandler                  0x800004fb   Thumb Code     0  startup_mimxrt1052.o(.text)
    ANATOP_EVENT0_IRQHandler                 0x800004fb   Thumb Code     0  startup_mimxrt1052.o(.text)
    ANATOP_EVENT1_IRQHandler                 0x800004fb   Thumb Code     0  startup_mimxrt1052.o(.text)
    ANATOP_TAMP_LOW_HIGH_IRQHandler          0x800004fb   Thumb Code     0  startup_mimxrt1052.o(.text)
    ANATOP_TEMP_PANIC_IRQHandler             0x800004fb   Thumb Code     0  startup_mimxrt1052.o(.text)
    BEE_IRQHandler                           0x800004fb   Thumb Code     0  startup_mimxrt1052.o(.text)
    CAN1_DriverIRQHandler                    0x800004fb   Thumb Code     0  startup_mimxrt1052.o(.text)
    CAN2_DriverIRQHandler                    0x800004fb   Thumb Code     0  startup_mimxrt1052.o(.text)
    CCM_1_IRQHandler                         0x800004fb   Thumb Code     0  startup_mimxrt1052.o(.text)
    CCM_2_IRQHandler                         0x800004fb   Thumb Code     0  startup_mimxrt1052.o(.text)
    CORE_IRQHandler                          0x800004fb   Thumb Code     0  startup_mimxrt1052.o(.text)
    CSI_IRQHandler                           0x800004fb   Thumb Code     0  startup_mimxrt1052.o(.text)
    CSU_IRQHandler                           0x800004fb   Thumb Code     0  startup_mimxrt1052.o(.text)
    CTI0_ERROR_IRQHandler                    0x800004fb   Thumb Code     0  startup_mimxrt1052.o(.text)
    CTI1_ERROR_IRQHandler                    0x800004fb   Thumb Code     0  startup_mimxrt1052.o(.text)
    DCDC_IRQHandler                          0x800004fb   Thumb Code     0  startup_mimxrt1052.o(.text)
    DCP_IRQHandler                           0x800004fb   Thumb Code     0  startup_mimxrt1052.o(.text)
    DCP_VMI_IRQHandler                       0x800004fb   Thumb Code     0  startup_mimxrt1052.o(.text)
    DMA0_DMA16_DriverIRQHandler              0x800004fb   Thumb Code     0  startup_mimxrt1052.o(.text)
    DMA10_DMA26_DriverIRQHandler             0x800004fb   Thumb Code     0  startup_mimxrt1052.o(.text)
    DMA11_DMA27_DriverIRQHandler             0x800004fb   Thumb Code     0  startup_mimxrt1052.o(.text)
    DMA12_DMA28_DriverIRQHandler             0x800004fb   Thumb Code     0  startup_mimxrt1052.o(.text)
    DMA13_DMA29_DriverIRQHandler             0x800004fb   Thumb Code     0  startup_mimxrt1052.o(.text)
    DMA14_DMA30_DriverIRQHandler             0x800004fb   Thumb Code     0  startup_mimxrt1052.o(.text)
    DMA15_DMA31_DriverIRQHandler             0x800004fb   Thumb Code     0  startup_mimxrt1052.o(.text)
    DMA1_DMA17_DriverIRQHandler              0x800004fb   Thumb Code     0  startup_mimxrt1052.o(.text)
    DMA2_DMA18_DriverIRQHandler              0x800004fb   Thumb Code     0  startup_mimxrt1052.o(.text)
    DMA3_DMA19_DriverIRQHandler              0x800004fb   Thumb Code     0  startup_mimxrt1052.o(.text)
    DMA4_DMA20_DriverIRQHandler              0x800004fb   Thumb Code     0  startup_mimxrt1052.o(.text)
    DMA5_DMA21_DriverIRQHandler              0x800004fb   Thumb Code     0  startup_mimxrt1052.o(.text)
    DMA6_DMA22_DriverIRQHandler              0x800004fb   Thumb Code     0  startup_mimxrt1052.o(.text)
    DMA7_DMA23_DriverIRQHandler              0x800004fb   Thumb Code     0  startup_mimxrt1052.o(.text)
    DMA8_DMA24_DriverIRQHandler              0x800004fb   Thumb Code     0  startup_mimxrt1052.o(.text)
    DMA9_DMA25_DriverIRQHandler              0x800004fb   Thumb Code     0  startup_mimxrt1052.o(.text)
    DMA_ERROR_DriverIRQHandler               0x800004fb   Thumb Code     0  startup_mimxrt1052.o(.text)
    DefaultISR                               0x800004fb   Thumb Code     0  startup_mimxrt1052.o(.text)
    ENC1_IRQHandler                          0x800004fb   Thumb Code     0  startup_mimxrt1052.o(.text)
    ENC2_IRQHandler                          0x800004fb   Thumb Code     0  startup_mimxrt1052.o(.text)
    ENC3_IRQHandler                          0x800004fb   Thumb Code     0  startup_mimxrt1052.o(.text)
    ENC4_IRQHandler                          0x800004fb   Thumb Code     0  startup_mimxrt1052.o(.text)
    ENET_1588_Timer_DriverIRQHandler         0x800004fb   Thumb Code     0  startup_mimxrt1052.o(.text)
    ENET_DriverIRQHandler                    0x800004fb   Thumb Code     0  startup_mimxrt1052.o(.text)
    EWM_IRQHandler                           0x800004fb   Thumb Code     0  startup_mimxrt1052.o(.text)
    FLEXIO1_DriverIRQHandler                 0x800004fb   Thumb Code     0  startup_mimxrt1052.o(.text)
    FLEXIO2_DriverIRQHandler                 0x800004fb   Thumb Code     0  startup_mimxrt1052.o(.text)
    FLEXRAM_IRQHandler                       0x800004fb   Thumb Code     0  startup_mimxrt1052.o(.text)
    FLEXSPI_DriverIRQHandler                 0x800004fb   Thumb Code     0  startup_mimxrt1052.o(.text)
    GPC_IRQHandler                           0x800004fb   Thumb Code     0  startup_mimxrt1052.o(.text)
    GPIO1_Combined_16_31_IRQHandler          0x800004fb   Thumb Code     0  startup_mimxrt1052.o(.text)
    GPIO1_INT0_IRQHandler                    0x800004fb   Thumb Code     0  startup_mimxrt1052.o(.text)
    GPIO1_INT1_IRQHandler                    0x800004fb   Thumb Code     0  startup_mimxrt1052.o(.text)
    GPIO1_INT2_IRQHandler                    0x800004fb   Thumb Code     0  startup_mimxrt1052.o(.text)
    GPIO1_INT3_IRQHandler                    0x800004fb   Thumb Code     0  startup_mimxrt1052.o(.text)
    GPIO1_INT4_IRQHandler                    0x800004fb   Thumb Code     0  startup_mimxrt1052.o(.text)
    GPIO1_INT5_IRQHandler                    0x800004fb   Thumb Code     0  startup_mimxrt1052.o(.text)
    GPIO1_INT6_IRQHandler                    0x800004fb   Thumb Code     0  startup_mimxrt1052.o(.text)
    GPIO1_INT7_IRQHandler                    0x800004fb   Thumb Code     0  startup_mimxrt1052.o(.text)
    GPIO2_Combined_0_15_IRQHandler           0x800004fb   Thumb Code     0  startup_mimxrt1052.o(.text)
    GPIO2_Combined_16_31_IRQHandler          0x800004fb   Thumb Code     0  startup_mimxrt1052.o(.text)
    GPIO3_Combined_0_15_IRQHandler           0x800004fb   Thumb Code     0  startup_mimxrt1052.o(.text)
    GPIO3_Combined_16_31_IRQHandler          0x800004fb   Thumb Code     0  startup_mimxrt1052.o(.text)
    GPIO4_Combined_0_15_IRQHandler           0x800004fb   Thumb Code     0  startup_mimxrt1052.o(.text)
    GPIO4_Combined_16_31_IRQHandler          0x800004fb   Thumb Code     0  startup_mimxrt1052.o(.text)
    GPIO5_Combined_0_15_IRQHandler           0x800004fb   Thumb Code     0  startup_mimxrt1052.o(.text)
    GPIO5_Combined_16_31_IRQHandler          0x800004fb   Thumb Code     0  startup_mimxrt1052.o(.text)
    GPR_IRQ_IRQHandler                       0x800004fb   Thumb Code     0  startup_mimxrt1052.o(.text)
    GPT1_IRQHandler                          0x800004fb   Thumb Code     0  startup_mimxrt1052.o(.text)
    GPT2_IRQHandler                          0x800004fb   Thumb Code     0  startup_mimxrt1052.o(.text)
    KPP_IRQHandler                           0x800004fb   Thumb Code     0  startup_mimxrt1052.o(.text)
    LPI2C4_DriverIRQHandler                  0x800004fb   Thumb Code     0  startup_mimxrt1052.o(.text)
    LPSPI1_DriverIRQHandler                  0x800004fb   Thumb Code     0  startup_mimxrt1052.o(.text)
    LPSPI2_DriverIRQHandler                  0x800004fb   Thumb Code     0  startup_mimxrt1052.o(.text)
    LPSPI3_DriverIRQHandler                  0x800004fb   Thumb Code     0  startup_mimxrt1052.o(.text)
    LPSPI4_DriverIRQHandler                  0x800004fb   Thumb Code     0  startup_mimxrt1052.o(.text)
    NMI_WAKEUP_IRQHandler                    0x800004fb   Thumb Code     0  startup_mimxrt1052.o(.text)
    PIT_IRQHandler                           0x800004fb   Thumb Code     0  startup_mimxrt1052.o(.text)
    PWM1_0_IRQHandler                        0x800004fb   Thumb Code     0  startup_mimxrt1052.o(.text)
    PWM1_1_IRQHandler                        0x800004fb   Thumb Code     0  startup_mimxrt1052.o(.text)
    PWM1_2_IRQHandler                        0x800004fb   Thumb Code     0  startup_mimxrt1052.o(.text)
    PWM1_3_IRQHandler                        0x800004fb   Thumb Code     0  startup_mimxrt1052.o(.text)
    PWM1_FAULT_IRQHandler                    0x800004fb   Thumb Code     0  startup_mimxrt1052.o(.text)
    PWM2_0_IRQHandler                        0x800004fb   Thumb Code     0  startup_mimxrt1052.o(.text)
    PWM2_1_IRQHandler                        0x800004fb   Thumb Code     0  startup_mimxrt1052.o(.text)
    PWM2_2_IRQHandler                        0x800004fb   Thumb Code     0  startup_mimxrt1052.o(.text)
    PWM2_3_IRQHandler                        0x800004fb   Thumb Code     0  startup_mimxrt1052.o(.text)
    PWM2_FAULT_IRQHandler                    0x800004fb   Thumb Code     0  startup_mimxrt1052.o(.text)
    PWM3_0_IRQHandler                        0x800004fb   Thumb Code     0  startup_mimxrt1052.o(.text)
    PWM3_1_IRQHandler                        0x800004fb   Thumb Code     0  startup_mimxrt1052.o(.text)
    PWM3_2_IRQHandler                        0x800004fb   Thumb Code     0  startup_mimxrt1052.o(.text)
    PWM3_3_IRQHandler                        0x800004fb   Thumb Code     0  startup_mimxrt1052.o(.text)
    PWM3_FAULT_IRQHandler                    0x800004fb   Thumb Code     0  startup_mimxrt1052.o(.text)
    PWM4_0_IRQHandler                        0x800004fb   Thumb Code     0  startup_mimxrt1052.o(.text)
    PWM4_1_IRQHandler                        0x800004fb   Thumb Code     0  startup_mimxrt1052.o(.text)
    PWM4_2_IRQHandler                        0x800004fb   Thumb Code     0  startup_mimxrt1052.o(.text)
    PWM4_3_IRQHandler                        0x800004fb   Thumb Code     0  startup_mimxrt1052.o(.text)
    PWM4_FAULT_IRQHandler                    0x800004fb   Thumb Code     0  startup_mimxrt1052.o(.text)
    PXP_IRQHandler                           0x800004fb   Thumb Code     0  startup_mimxrt1052.o(.text)
    RTWDOG_IRQHandler                        0x800004fb   Thumb Code     0  startup_mimxrt1052.o(.text)
    Reserved115_IRQHandler                   0x800004fb   Thumb Code     0  startup_mimxrt1052.o(.text)
    Reserved123_IRQHandler                   0x800004fb   Thumb Code     0  startup_mimxrt1052.o(.text)
    Reserved143_IRQHandler                   0x800004fb   Thumb Code     0  startup_mimxrt1052.o(.text)
    Reserved144_IRQHandler                   0x800004fb   Thumb Code     0  startup_mimxrt1052.o(.text)
    Reserved168_IRQHandler                   0x800004fb   Thumb Code     0  startup_mimxrt1052.o(.text)
    Reserved169_IRQHandler                   0x800004fb   Thumb Code     0  startup_mimxrt1052.o(.text)
    Reserved170_IRQHandler                   0x800004fb   Thumb Code     0  startup_mimxrt1052.o(.text)
    Reserved171_IRQHandler                   0x800004fb   Thumb Code     0  startup_mimxrt1052.o(.text)
    Reserved172_IRQHandler                   0x800004fb   Thumb Code     0  startup_mimxrt1052.o(.text)
    Reserved173_IRQHandler                   0x800004fb   Thumb Code     0  startup_mimxrt1052.o(.text)
    Reserved68_IRQHandler                    0x800004fb   Thumb Code     0  startup_mimxrt1052.o(.text)
    Reserved86_IRQHandler                    0x800004fb   Thumb Code     0  startup_mimxrt1052.o(.text)
    Reserved87_IRQHandler                    0x800004fb   Thumb Code     0  startup_mimxrt1052.o(.text)
    SAI1_DriverIRQHandler                    0x800004fb   Thumb Code     0  startup_mimxrt1052.o(.text)
    SAI2_DriverIRQHandler                    0x800004fb   Thumb Code     0  startup_mimxrt1052.o(.text)
    SAI3_RX_DriverIRQHandler                 0x800004fb   Thumb Code     0  startup_mimxrt1052.o(.text)
    SAI3_TX_DriverIRQHandler                 0x800004fb   Thumb Code     0  startup_mimxrt1052.o(.text)
    SEMC_IRQHandler                          0x800004fb   Thumb Code     0  startup_mimxrt1052.o(.text)
    SJC_ARM_DEBUG_IRQHandler                 0x800004fb   Thumb Code     0  startup_mimxrt1052.o(.text)
    SJC_IRQHandler                           0x800004fb   Thumb Code     0  startup_mimxrt1052.o(.text)
    SNVS_HP_WRAPPER_IRQHandler               0x800004fb   Thumb Code     0  startup_mimxrt1052.o(.text)
    SNVS_HP_WRAPPER_TZ_IRQHandler            0x800004fb   Thumb Code     0  startup_mimxrt1052.o(.text)
    SNVS_LP_WRAPPER_IRQHandler               0x800004fb   Thumb Code     0  startup_mimxrt1052.o(.text)
    SPDIF_DriverIRQHandler                   0x800004fb   Thumb Code     0  startup_mimxrt1052.o(.text)
    SRC_IRQHandler                           0x800004fb   Thumb Code     0  startup_mimxrt1052.o(.text)
    TMR1_IRQHandler                          0x800004fb   Thumb Code     0  startup_mimxrt1052.o(.text)
    TMR2_IRQHandler                          0x800004fb   Thumb Code     0  startup_mimxrt1052.o(.text)
    TMR3_IRQHandler                          0x800004fb   Thumb Code     0  startup_mimxrt1052.o(.text)
    TMR4_IRQHandler                          0x800004fb   Thumb Code     0  startup_mimxrt1052.o(.text)
    TRNG_IRQHandler                          0x800004fb   Thumb Code     0  startup_mimxrt1052.o(.text)
    TSC_DIG_IRQHandler                       0x800004fb   Thumb Code     0  startup_mimxrt1052.o(.text)
    USB_OTG1_IRQHandler                      0x800004fb   Thumb Code     0  startup_mimxrt1052.o(.text)
    USB_OTG2_IRQHandler                      0x800004fb   Thumb Code     0  startup_mimxrt1052.o(.text)
    USB_PHY1_IRQHandler                      0x800004fb   Thumb Code     0  startup_mimxrt1052.o(.text)
    USB_PHY2_IRQHandler                      0x800004fb   Thumb Code     0  startup_mimxrt1052.o(.text)
    USDHC1_DriverIRQHandler                  0x800004fb   Thumb Code     0  startup_mimxrt1052.o(.text)
    USDHC2_DriverIRQHandler                  0x800004fb   Thumb Code     0  startup_mimxrt1052.o(.text)
    WDOG1_IRQHandler                         0x800004fb   Thumb Code     0  startup_mimxrt1052.o(.text)
    WDOG2_IRQHandler                         0x800004fb   Thumb Code     0  startup_mimxrt1052.o(.text)
    XBAR1_IRQ_0_1_IRQHandler                 0x800004fb   Thumb Code     0  startup_mimxrt1052.o(.text)
    XBAR1_IRQ_2_3_IRQHandler                 0x800004fb   Thumb Code     0  startup_mimxrt1052.o(.text)
    __aeabi_uldivmod                         0x800005d1   Thumb Code    98  uldiv.o(.text)
    __aeabi_ldivmod                          0x80000633   Thumb Code    98  ldiv.o(.text)
    __rt_ctype_table                         0x80000695   Thumb Code     4  ctype_o.o(.text)
    ___aeabi_memcpy8$move                    0x8000069d   Thumb Code     0  memmovea.o(.text)
    __aeabi_memcpy                           0x8000069d   Thumb Code    64  memmovea.o(.text)
    __aeabi_memcpy4                          0x8000069d   Thumb Code     0  memmovea.o(.text)
    __aeabi_memmove                          0x8000069d   Thumb Code     0  memmovea.o(.text)
    __aeabi_memmove4                         0x8000069d   Thumb Code     0  memmovea.o(.text)
    __aeabi_memmove8                         0x8000069d   Thumb Code     0  memmovea.o(.text)
    __aeabi_memset                           0x800006dd   Thumb Code    14  memseta.o(.text)
    __aeabi_memset4                          0x800006dd   Thumb Code     0  memseta.o(.text)
    __aeabi_memset8                          0x800006dd   Thumb Code     0  memseta.o(.text)
    __aeabi_memclr                           0x800006eb   Thumb Code     4  memseta.o(.text)
    __aeabi_memclr4                          0x800006eb   Thumb Code     0  memseta.o(.text)
    __aeabi_memclr8                          0x800006eb   Thumb Code     0  memseta.o(.text)
    memset                                   0x800006ef   Thumb Code    18  memseta.o(.text)
    strlen                                   0x80000701   Thumb Code    14  strlen.o(.text)
    __aeabi_l2d                              0x8000070f   Thumb Code    40  dfltl.o(.text)
    __aeabi_d2lz                             0x80000737   Thumb Code    74  dfixl.o(.text)
    __aeabi_uidiv                            0x80000781   Thumb Code     0  uidiv.o(.text)
    __aeabi_uidivmod                         0x80000781   Thumb Code    44  uidiv.o(.text)
    __aeabi_llsl                             0x800007ad   Thumb Code    30  llshl.o(.text)
    _ll_shift_l                              0x800007ad   Thumb Code     0  llshl.o(.text)
    __aeabi_llsr                             0x800007cb   Thumb Code    32  llushr.o(.text)
    _ll_ushift_r                             0x800007cb   Thumb Code     0  llushr.o(.text)
    __I$use$fp                               0x800007eb   Thumb Code     0  iusefp.o(.text)
    _frnd                                    0x800007eb   Thumb Code    60  frnd.o(.text)
    _double_round                            0x80000827   Thumb Code    30  depilogue.o(.text)
    _double_epilogue                         0x80000845   Thumb Code   156  depilogue.o(.text)
    __aeabi_dadd                             0x800008e1   Thumb Code   322  dadd.o(.text)
    __aeabi_dsub                             0x80000a23   Thumb Code     6  dadd.o(.text)
    __aeabi_drsub                            0x80000a29   Thumb Code     6  dadd.o(.text)
    __aeabi_dmul                             0x80000a2f   Thumb Code   228  dmul.o(.text)
    __aeabi_ddiv                             0x80000b13   Thumb Code   222  ddiv.o(.text)
    __ARM_scalbn                             0x80000bf1   Thumb Code    46  dscalb.o(.text)
    scalbn                                   0x80000bf1   Thumb Code     0  dscalb.o(.text)
    __aeabi_d2ulz                            0x80000c1f   Thumb Code    48  dfixul.o(.text)
    __aeabi_cdrcmple                         0x80000c51   Thumb Code    48  cdrcmple.o(.text)
    __scatterload                            0x80000c81   Thumb Code    28  init.o(.text)
    __scatterload_rt2                        0x80000c81   Thumb Code     0  init.o(.text)
    __aeabi_lasr                             0x80000ca5   Thumb Code    36  llsshr.o(.text)
    __semihosting_library_function           0x80000ca5   Thumb Code     0  semi.o(.text)
    _ll_sshift_r                             0x80000ca5   Thumb Code     0  llsshr.o(.text)
    __I$use$semihosting$fputc                0x80000cc9   Thumb Code     0  iusesemip.o(.text)
    _float_round                             0x80000cc9   Thumb Code    18  fepilogue.o(.text)
    _float_epilogue                          0x80000cdb   Thumb Code    92  fepilogue.o(.text)
    __decompress                             0x80000d37   Thumb Code     0  __dclz77c.o(.text)
    __decompress2                            0x80000d37   Thumb Code    94  __dclz77c.o(.text)
    BOARD_BootClockRUN                       0x80000d95   Thumb Code   586  clock_config.o(i.BOARD_BootClockRUN)
    BOARD_ConfigMPU                          0x80001081   Thumb Code   386  board.o(i.BOARD_ConfigMPU)
    BOARD_DebugConsoleSrcFreq                0x80001231   Thumb Code    92  board.o(i.BOARD_DebugConsoleSrcFreq)
    BOARD_InitDebugConsole                   0x800012a9   Thumb Code    24  board.o(i.BOARD_InitDebugConsole)
    BOARD_InitPins                           0x800012c5   Thumb Code   104  pin_mux.o(i.BOARD_InitPins)
    CLOCK_GetFreq                            0x800015b1   Thumb Code   344  fsl_clock.o(i.CLOCK_GetFreq)
    CLOCK_GetPllFreq                         0x8000180d   Thumb Code   530  fsl_clock.o(i.CLOCK_GetPllFreq)
    CLOCK_GetSysPfdFreq                      0x80001a39   Thumb Code   100  fsl_clock.o(i.CLOCK_GetSysPfdFreq)
    CLOCK_GetUsb1PfdFreq                     0x80001aa5   Thumb Code   100  fsl_clock.o(i.CLOCK_GetUsb1PfdFreq)
    CLOCK_InitArmPll                         0x80001b11   Thumb Code    30  fsl_clock.o(i.CLOCK_InitArmPll)
    CLOCK_InitUsb1Pll                        0x80001b35   Thumb Code    32  fsl_clock.o(i.CLOCK_InitUsb1Pll)
    CLOCK_InitVideoPll                       0x80001b59   Thumb Code   140  fsl_clock.o(i.CLOCK_InitVideoPll)
    CPU_TS_TmrInit                           0x80001fb5   Thumb Code    30  core_delay.o(i.CPU_TS_TmrInit)
    CPU_TS_TmrRd                             0x80001fdd   Thumb Code     6  core_delay.o(i.CPU_TS_TmrRd)
    CPU_TS_Tmr_Delay_US                      0x80001fe9   Thumb Code    82  core_delay.o(i.CPU_TS_Tmr_Delay_US)
    DbgConsole_Init                          0x8000233d   Thumb Code    42  fsl_debug_console.o(i.DbgConsole_Init)
    DbgConsole_Printf                        0x800023c1   Thumb Code    60  fsl_debug_console.o(i.DbgConsole_Printf)
    ELCDIF_Reset                             0x800024c1   Thumb Code    66  fsl_elcdif.o(i.ELCDIF_Reset)
    ELCDIF_RgbModeInit                       0x80002505   Thumb Code   208  fsl_elcdif.o(i.ELCDIF_RgbModeInit)
    GPIO1_Combined_0_15_IRQHandler           0x80002671   Thumb Code    34  bsp_i2c_touch.o(i.GPIO1_Combined_0_15_IRQHandler)
    GPIO_PinInit                             0x80002715   Thumb Code    92  fsl_gpio.o(i.GPIO_PinInit)
    GPIO_PinSetInterruptConfig               0x80002775   Thumb Code   138  fsl_gpio.o(i.GPIO_PinSetInterruptConfig)
    GPIO_PinWrite                            0x80002801   Thumb Code    50  fsl_gpio.o(i.GPIO_PinWrite)
    GTP_IRQDisable                           0x80002b71   Thumb Code    72  bsp_i2c_touch.o(i.GTP_IRQDisable)
    GTP_IRQEnable                            0x80002bbd   Thumb Code    80  bsp_i2c_touch.o(i.GTP_IRQEnable)
    GTP_IRQ_Enable                           0x80002c11   Thumb Code     8  bsp_touch_gtxx.o(i.GTP_IRQ_Enable)
    GTP_Init_Panel                           0x80002c19   Thumb Code   554  bsp_touch_gtxx.o(i.GTP_Init_Panel)
    GTP_Read_Version                         0x80002eb1   Thumb Code   490  bsp_touch_gtxx.o(i.GTP_Read_Version)
    GTP_ResetChip                            0x8000319d   Thumb Code   110  bsp_i2c_touch.o(i.GTP_ResetChip)
    GTP_TouchProcess                         0x80003215   Thumb Code    12  bsp_touch_gtxx.o(i.GTP_TouchProcess)
    GUI_AddScreenArea                        0x80003221   Thumb Code     2  rh_gui.o(i.GUI_AddScreenArea)
    GUI_AsserParam                           0x80003223   Thumb Code     2  rh_gui.o(i.GUI_AsserParam)
    GUI_Delay                                0x80003225   Thumb Code    18  rh_gui.o(i.GUI_Delay)
    GUI_DrawArea                             0x80003237   Thumb Code     6  rh_gui.o(i.GUI_DrawArea)
    GUI_DummyDrawPixel                       0x8000323d   Thumb Code     2  rh_gui.o(i.GUI_DummyDrawPixel)
    GUI_Init                                 0x80003241   Thumb Code    68  rh_gui.o(i.GUI_Init)
    GUI_RefreashScreenArea                   0x80003295   Thumb Code   124  rh_gui.o(i.GUI_RefreashScreenArea)
    GUI_rect_fill                            0x8000333d   Thumb Code    68  rh_gui.o(i.GUI_rect_fill)
    GUI_rect_round                           0x80003389   Thumb Code    68  rh_gui.o(i.GUI_rect_round)
    GUI_set_penColor                         0x800033d5   Thumb Code    12  rh_gui.o(i.GUI_set_penColor)
    GUI_set_penSize                          0x800033e1   Thumb Code    12  rh_gui.o(i.GUI_set_penSize)
    I2C_ReadBytes                            0x800035a9   Thumb Code   120  bsp_i2c_touch.o(i.I2C_ReadBytes)
    I2C_Touch_Init                           0x8000366d   Thumb Code    32  bsp_i2c_touch.o(i.I2C_Touch_Init)
    I2C_WriteBytes                           0x80003709   Thumb Code   120  bsp_i2c_touch.o(i.I2C_WriteBytes)
    IO_Init                                  0x80003825   Thumb Code   130  fsl_io.o(i.IO_Init)
    IO_Transfer                              0x800038dd   Thumb Code    64  fsl_io.o(i.IO_Transfer)
    LCDIF_IRQHandler                         0x80003921   Thumb Code    52  bsp_lcd.o(i.LCDIF_IRQHandler)
    LCD_BackLight_ON                         0x80003965   Thumb Code    20  bsp_lcd.o(i.LCD_BackLight_ON)
    LCD_Clear                                0x80003981   Thumb Code    40  bsp_lcd.o(i.LCD_Clear)
    LCD_Init                                 0x80003e09   Thumb Code    32  bsp_lcd.o(i.LCD_Init)
    LCD_InitClock                            0x80003e29   Thumb Code    42  bsp_lcd.o(i.LCD_InitClock)
    LCD_InterruptConfig                      0x80003e65   Thumb Code    56  bsp_lcd.o(i.LCD_InterruptConfig)
    LED_GPIO_Config                          0x80003ea5   Thumb Code    16  bsp_led.o(i.LED_GPIO_Config)
    LOG_Init                                 0x80003fc5   Thumb Code    36  fsl_log.o(i.LOG_Init)
    LOG_Pop                                  0x80003fe9   Thumb Code    34  fsl_log.o(i.LOG_Pop)
    LOG_Push                                 0x8000400d   Thumb Code    32  fsl_log.o(i.LOG_Push)
    LPI2C1_DriverIRQHandler                  0x80004061   Thumb Code    12  fsl_lpi2c.o(i.LPI2C1_DriverIRQHandler)
    LPI2C2_DriverIRQHandler                  0x80004071   Thumb Code    12  fsl_lpi2c.o(i.LPI2C2_DriverIRQHandler)
    LPI2C3_DriverIRQHandler                  0x80004081   Thumb Code    12  fsl_lpi2c.o(i.LPI2C3_DriverIRQHandler)
    LPI2C_CheckForBusyBus                    0x80004091   Thumb Code    34  fsl_lpi2c.o(i.LPI2C_CheckForBusyBus)
    LPI2C_GetInstance                        0x80004149   Thumb Code    38  fsl_lpi2c.o(i.LPI2C_GetInstance)
    LPI2C_MasterCheckAndClearError           0x80004265   Thumb Code    98  fsl_lpi2c.o(i.LPI2C_MasterCheckAndClearError)
    LPI2C_MasterGetDefaultConfig             0x80004315   Thumb Code    44  fsl_lpi2c.o(i.LPI2C_MasterGetDefaultConfig)
    LPI2C_MasterInit                         0x80004361   Thumb Code   302  fsl_lpi2c.o(i.LPI2C_MasterInit)
    LPI2C_MasterSetBaudRate                  0x800044a5   Thumb Code   286  fsl_lpi2c.o(i.LPI2C_MasterSetBaudRate)
    LPI2C_MasterTransferCreateHandle         0x800045c9   Thumb Code    84  fsl_lpi2c.o(i.LPI2C_MasterTransferCreateHandle)
    LPI2C_MasterTransferHandleIRQ            0x80004659   Thumb Code    70  fsl_lpi2c.o(i.LPI2C_MasterTransferHandleIRQ)
    LPI2C_MasterTransferNonBlocking          0x800046a1   Thumb Code   148  fsl_lpi2c.o(i.LPI2C_MasterTransferNonBlocking)
    LPUART1_DriverIRQHandler                 0x8000494d   Thumb Code    16  fsl_lpuart.o(i.LPUART1_DriverIRQHandler)
    LPUART2_DriverIRQHandler                 0x80004969   Thumb Code    16  fsl_lpuart.o(i.LPUART2_DriverIRQHandler)
    LPUART3_DriverIRQHandler                 0x80004985   Thumb Code    16  fsl_lpuart.o(i.LPUART3_DriverIRQHandler)
    LPUART4_DriverIRQHandler                 0x800049a1   Thumb Code    16  fsl_lpuart.o(i.LPUART4_DriverIRQHandler)
    LPUART5_DriverIRQHandler                 0x800049bd   Thumb Code    16  fsl_lpuart.o(i.LPUART5_DriverIRQHandler)
    LPUART6_DriverIRQHandler                 0x800049d9   Thumb Code    16  fsl_lpuart.o(i.LPUART6_DriverIRQHandler)
    LPUART7_DriverIRQHandler                 0x800049f5   Thumb Code    16  fsl_lpuart.o(i.LPUART7_DriverIRQHandler)
    LPUART8_DriverIRQHandler                 0x80004a11   Thumb Code    16  fsl_lpuart.o(i.LPUART8_DriverIRQHandler)
    LPUART_ClearStatusFlags                  0x80004a2d   Thumb Code    82  fsl_lpuart.o(i.LPUART_ClearStatusFlags)
    LPUART_GetDefaultConfig                  0x80004a85   Thumb Code    58  fsl_lpuart.o(i.LPUART_GetDefaultConfig)
    LPUART_GetInstance                       0x80004aed   Thumb Code    48  fsl_lpuart.o(i.LPUART_GetInstance)
    LPUART_GetStatusFlags                    0x80004b6d   Thumb Code    16  fsl_lpuart.o(i.LPUART_GetStatusFlags)
    LPUART_Init                              0x80004b7d   Thumb Code   548  fsl_lpuart.o(i.LPUART_Init)
    LPUART_ReadBlocking                      0x80004e6d   Thumb Code   210  fsl_lpuart.o(i.LPUART_ReadBlocking)
    LPUART_WriteBlocking                     0x80004f6d   Thumb Code    54  fsl_lpuart.o(i.LPUART_WriteBlocking)
    StrFormatPrintf                          0x800052a1   Thumb Code  1576  fsl_str.o(i.StrFormatPrintf)
    SysTick_Handler                          0x8000591d   Thumb Code    58  bsp_systick.o(i.SysTick_Handler)
    SysTick_Init                             0x80005969   Thumb Code    28  bsp_systick.o(i.SysTick_Init)
    SystemInit                               0x80005989   Thumb Code   158  system_mimxrt1052.o(i.SystemInit)
    SystemInitHook                           0x80005a3d   Thumb Code     2  system_mimxrt1052.o(i.SystemInitHook)
    __0printf                                0x80005a41   Thumb Code    22  printfa.o(i.__0printf)
    __1printf                                0x80005a41   Thumb Code     0  printfa.o(i.__0printf)
    __2printf                                0x80005a41   Thumb Code     0  printfa.o(i.__0printf)
    __c89printf                              0x80005a41   Thumb Code     0  printfa.o(i.__0printf)
    printf                                   0x80005a41   Thumb Code     0  printfa.o(i.__0printf)
    __0snprintf                              0x80005a61   Thumb Code    44  printfa.o(i.__0snprintf)
    __1snprintf                              0x80005a61   Thumb Code     0  printfa.o(i.__0snprintf)
    __2snprintf                              0x80005a61   Thumb Code     0  printfa.o(i.__0snprintf)
    __c89snprintf                            0x80005a61   Thumb Code     0  printfa.o(i.__0snprintf)
    snprintf                                 0x80005a61   Thumb Code     0  printfa.o(i.__0snprintf)
    __ARM_fpclassify                         0x80005a91   Thumb Code    48  fpclassify.o(i.__ARM_fpclassify)
    __Font_init                              0x8000608d   Thumb Code   222  rh_font.o(i.__Font_init)
    __Graph_circle_qrt1_fill                 0x80006185   Thumb Code   418  rh_graphic.o(i.__Graph_circle_qrt1_fill)
    __Graph_circle_qrt2_fill                 0x80006361   Thumb Code   418  rh_graphic.o(i.__Graph_circle_qrt2_fill)
    __Graph_circle_qrt3_fill                 0x8000653d   Thumb Code   418  rh_graphic.o(i.__Graph_circle_qrt3_fill)
    __Graph_circle_qrt4_fill                 0x80006719   Thumb Code   426  rh_graphic.o(i.__Graph_circle_qrt4_fill)
    __Graph_init                             0x800068fd   Thumb Code    38  rh_graphic.o(i.__Graph_init)
    __Graph_rect_fill                        0x80006929   Thumb Code   466  rh_graphic.o(i.__Graph_rect_fill)
    __Graph_rect_round                       0x80006b39   Thumb Code   468  rh_graphic.o(i.__Graph_rect_round)
    __Graph_set_penColor                     0x80006d41   Thumb Code     6  rh_graphic.o(i.__Graph_set_penColor)
    __Graph_set_penSize                      0x80006d4d   Thumb Code    12  rh_graphic.o(i.__Graph_set_penSize)
    __Hash_createMap                         0x80006d65   Thumb Code    68  rh_data.o(i.__Hash_createMap)
    __Hash_get                               0x80006de1   Thumb Code    80  rh_data.o(i.__Hash_get)
    __Hash_pair                              0x80006e69   Thumb Code   132  rh_data.o(i.__Hash_pair)
    __RH_Debug_free                          0x80006f25   Thumb Code    36  rh_lib.o(i.__RH_Debug_free)
    __RH_Debug_malloc                        0x80006f51   Thumb Code   112  rh_lib.o(i.__RH_Debug_malloc)
    __RH_Debug_print_memory_info             0x80006ff5   Thumb Code   118  rh_lib.o(i.__RH_Debug_print_memory_info)
    __Stack_createBase                       0x800070d9   Thumb Code    38  rh_data.o(i.__Stack_createBase)
    __aeabi_assert                           0x80007125   Thumb Code    24  fsl_assert.o(i.__aeabi_assert)
    free                                     0x80007169   Thumb Code    76  malloc2.o(i.__free$2region)
    __hardfp_ceil                            0x800071b9   Thumb Code   214  ceil.o(i.__hardfp_ceil)
    __hardfp_floor                           0x800072a9   Thumb Code   214  floor.o(i.__hardfp_floor)
    __hardfp_modf                            0x80007399   Thumb Code   186  modf.o(i.__hardfp_modf)
    __hardfp_pow                             0x80007459   Thumb Code  2140  pow.o(i.__hardfp_pow)
    __hardfp_roundf                          0x80007d51   Thumb Code   154  roundf.o(i.__hardfp_roundf)
    __hardfp_sqrt                            0x80007df1   Thumb Code   102  sqrt.o(i.__hardfp_sqrt)
    __kernel_poly                            0x80007e57   Thumb Code   112  poly.o(i.__kernel_poly)
    malloc                                   0x80007ec9   Thumb Code    92  malloc2.o(i.__malloc$2region)
    __mathlib_dbl_divzero                    0x80007f39   Thumb Code    14  dunder.o(i.__mathlib_dbl_divzero)
    __mathlib_dbl_infnan2                    0x80007f59   Thumb Code     6  dunder.o(i.__mathlib_dbl_infnan2)
    __mathlib_dbl_invalid                    0x80007f61   Thumb Code    10  dunder.o(i.__mathlib_dbl_invalid)
    __mathlib_dbl_overflow                   0x80007f79   Thumb Code    10  dunder.o(i.__mathlib_dbl_overflow)
    __mathlib_dbl_underflow                  0x80007f91   Thumb Code    10  dunder.o(i.__mathlib_dbl_underflow)
    __memgrab_Area                           0x80007fa9   Thumb Code   104  rh_lib.o(i.__memgrab_Area)
    __scatterload_copy                       0x80008011   Thumb Code    14  handlers.o(i.__scatterload_copy)
    __scatterload_null                       0x8000801f   Thumb Code     2  handlers.o(i.__scatterload_null)
    __scatterload_zeroinit                   0x80008021   Thumb Code    14  handlers.o(i.__scatterload_zeroinit)
    __set_errno                              0x80008031   Thumb Code     6  errno.o(i.__set_errno)
    fabs                                     0x80008905   Thumb Code    24  fabs.o(i.fabs)
    fputc                                    0x8000891d   Thumb Code    18  fputc.o(i.fputc)
    main                                     0x80008931   Thumb Code   194  main.o(i.main)
    rhtt_GetCodepointBitmapBox               0x80008a01   Thumb Code    70  rh_font.o(i.rhtt_GetCodepointBitmapBox)
    rhtt_GetCodepointHMetrics                0x80008a75   Thumb Code    68  rh_font.o(i.rhtt_GetCodepointHMetrics)
    rhtt_GetFontVMetrics                     0x80008af5   Thumb Code    56  rh_font.o(i.rhtt_GetFontVMetrics)
    rhtt_InitFont                            0x80008b61   Thumb Code    38  rh_font.o(i.rhtt_InitFont)
    rhtt_MakeCodepointBitmap                 0x80008bb5   Thumb Code   198  rh_font.o(i.rhtt_MakeCodepointBitmap)
    rhtt_ScaleForPixelHeight                 0x80008ce5   Thumb Code    56  rh_font.o(i.rhtt_ScaleForPixelHeight)
    sqrt                                     0x80008d51   Thumb Code   106  sqrt.o(i.sqrt)
    stbtt_FindGlyphIndex                     0x80008dbd   Thumb Code   620  rh_font.o(i.stbtt_FindGlyphIndex)
    stbtt_GetCodepointBitmapBox              0x80009395   Thumb Code    68  rh_font.o(i.stbtt_GetCodepointBitmapBox)
    stbtt_GetCodepointBitmapBoxSubpixel      0x800093dd   Thumb Code    82  rh_font.o(i.stbtt_GetCodepointBitmapBoxSubpixel)
    stbtt_GetCodepointHMetrics               0x8000942f   Thumb Code    38  rh_font.o(i.stbtt_GetCodepointHMetrics)
    stbtt_GetFontVMetrics                    0x80009455   Thumb Code    66  rh_font.o(i.stbtt_GetFontVMetrics)
    stbtt_GetGlyphBitmapBoxSubpixel          0x80009497   Thumb Code   258  rh_font.o(i.stbtt_GetGlyphBitmapBoxSubpixel)
    stbtt_GetGlyphBox                        0x80009599   Thumb Code   134  rh_font.o(i.stbtt_GetGlyphBox)
    stbtt_GetGlyphHMetrics                   0x8000961f   Thumb Code   134  rh_font.o(i.stbtt_GetGlyphHMetrics)
    stbtt_GetGlyphShape                      0x800096a5   Thumb Code    36  rh_font.o(i.stbtt_GetGlyphShape)
    stbtt_InitFont                           0x800096c9   Thumb Code    20  rh_font.o(i.stbtt_InitFont)
    stbtt_MakeCodepointBitmap                0x80009a11   Thumb Code    68  rh_font.o(i.stbtt_MakeCodepointBitmap)
    stbtt_MakeCodepointBitmapSubpixel        0x80009a59   Thumb Code    82  rh_font.o(i.stbtt_MakeCodepointBitmapSubpixel)
    stbtt_MakeGlyphBitmapSubpixel            0x80009aad   Thumb Code   154  rh_font.o(i.stbtt_MakeGlyphBitmapSubpixel)
    stbtt_Rasterize                          0x80009b4d   Thumb Code   148  rh_font.o(i.stbtt_Rasterize)
    stbtt_ScaleForPixelHeight                0x80009be1   Thumb Code    58  rh_font.o(i.stbtt_ScaleForPixelHeight)
    armPllConfig_BOARD_BootClockRUN          0x8000d024   Data           4  clock_config.o(.constdata)
    sysPllConfig_BOARD_BootClockRUN          0x8000d028   Data          12  clock_config.o(.constdata)
    usb1PllConfig_BOARD_BootClockRUN         0x8000d034   Data           1  clock_config.o(.constdata)
    CTP_CFG_GT9157                           0x8000d06c   Data         186  bsp_touch_gtxx.o(.constdata)
    CTP_CFG_GT911                            0x8000d126   Data         186  bsp_touch_gtxx.o(.constdata)
    CTP_CFG_GT5688                           0x8000d1e0   Data         239  bsp_touch_gtxx.o(.constdata)
    CTP_CFG_GT917S                           0x8000d2cf   Data         239  bsp_touch_gtxx.o(.constdata)
    touch_param                              0x8000d3be   Data          24  bsp_touch_gtxx.o(.constdata)
    Font_BIT_ArialRoundedBold_size_8         0x8000d798   Data         768  rh_font_arialroundedbold.o(.constdata)
    __ctype_table                            0x8000db48   Data         129  ctype_o.o(.constdata)
    __mathlib_zero                           0x8000dbd0   Data           8  qnan.o(.constdata)
    Region$$Table$$Base                      0x8000dc7c   Number         0  anon$$obj.o(Region$$Table)
    Region$$Table$$Limit                     0x8000dcac   Number         0  anon$$obj.o(Region$$Table)
    s_psBufferLcd                            0x81c00000   Data       1536000  bsp_lcd.o(NonCacheable)



==============================================================================

Memory Map of the image

  Image Entry point : 0x80000401

  Load Region LR_m_text (Base: 0x80000000, Size: 0x00019e74, Max: 0x803ffc00, ABSOLUTE, COMPRESSED[0x00016848])

    Execution Region RW_m_data (Exec base: 0x20200000, Load base: 0x8000dcac, Size: 0x0000c3e8, Max: 0x0003f800, ABSOLUTE, COMPRESSED[0x00008b9c])

    Exec Addr    Load Addr    Size         Type   Attr      Idx    E Section Name        Object

    0x20200000   COMPRESSED   0x00000004   Data   RW           11    .data               system_mimxrt1052.o
    0x20200004   COMPRESSED   0x00000008   Data   RW          130    .data               fsl_clock.o
    0x2020000c   COMPRESSED   0x00000004   Data   RW          452    .data               fsl_lpuart.o
    0x20200010   COMPRESSED   0x00000028   Data   RW          707    .data               fsl_elcdif.o
    0x20200038   COMPRESSED   0x00000008   Data   RW          831    .data               fsl_lpi2c.o
    0x20200040   COMPRESSED   0x00000008   Data   RW         1497    .data               fsl_io.o
    0x20200048   COMPRESSED   0x00000010   Data   RW         1920    .data               bsp_lcd.o
    0x20200058   COMPRESSED   0x0000000c   Data   RW         2052    .data               bsp_systick.o
    0x20200064   COMPRESSED   0x00000002   Data   RW         2126    .data               bsp_i2c_touch.o
    0x20200066   COMPRESSED   0x0000001e   Data   RW         2270    .data               bsp_touch_gtxx.o
    0x20200084   COMPRESSED   0x0000001c   Data   RW         2556    .data               rh_gui.o
    0x202000a0   COMPRESSED   0x00000039   Data   RW         3101    .data               rh_font.o
    0x202000d9   COMPRESSED   0x0000c090   Data   RW         3819    .data               rh_font_arialroundedbold.o
    0x2020c169   COMPRESSED   0x00000003   PAD
    0x2020c16c   COMPRESSED   0x0000002d   Data   RW         4203    .data               rh_graphic.o
    0x2020c199   COMPRESSED   0x00000003   PAD
    0x2020c19c   COMPRESSED   0x0000001c   Data   RW         4635    .data               rh_lib.o
    0x2020c1b8   COMPRESSED   0x00000004   Data   RW         5662    .data               mc_w.l(stdout.o)
    0x2020c1bc   COMPRESSED   0x00000004   Data   RW         5669    .data               mc_w.l(mvars.o)
    0x2020c1c0   COMPRESSED   0x00000004   Data   RW         5670    .data               mc_w.l(mvars.o)
    0x2020c1c4   COMPRESSED   0x00000004   Data   RW         5674    .data               mc_w.l(errno.o)
    0x2020c1c8        -       0x00000024   Zero   RW          450    .bss                fsl_lpuart.o
    0x2020c1ec        -       0x00000020   Zero   RW          829    .bss                fsl_lpi2c.o
    0x2020c20c        -       0x00000038   Zero   RW         2124    .bss                bsp_i2c_touch.o
    0x2020c244        -       0x0000002a   Zero   RW         2267    .bss                bsp_touch_gtxx.o
    0x2020c26e        -       0x00000019   Zero   RW         2553    .bss                rh_gui.o
    0x2020c287   COMPRESSED   0x00000001   PAD
    0x2020c288        -       0x00000160   Zero   RW         3099    .bss                rh_font.o


    Execution Region ARM_LIB_HEAP (Exec base: 0x2020c3e8, Load base: 0x80016848, Size: 0x00000400, Max: 0x00000400, ABSOLUTE)

    Exec Addr    Load Addr    Size         Type   Attr      Idx    E Section Name        Object

    0x2020c3e8        -       0x00000400   Zero   RW            1    ARM_LIB_HEAP.bss    anon$$obj.o


    Execution Region ARM_LIB_STACK (Exec base: 0x2023fc00, Load base: 0x80016848, Size: 0x00000400, Max: 0x00000400, ABSOLUTE)

    Exec Addr    Load Addr    Size         Type   Attr      Idx    E Section Name        Object

    0x2023fc00        -       0x00000400   Zero   RW            2    ARM_LIB_STACK.bss   anon$$obj.o


    Execution Region VECTOR_ROM (Exec base: 0x80000000, Load base: 0x80000000, Size: 0x00000400, Max: 0x00000400, ABSOLUTE)

    Exec Addr    Load Addr    Size         Type   Attr      Idx    E Section Name        Object

    0x80000000   0x80000000   0x00000400   Data   RO           86    RESET               startup_mimxrt1052.o


    Execution Region ER_m_text (Exec base: 0x80000400, Load base: 0x80000400, Size: 0x0000d8ac, Max: 0x003ffc00, ABSOLUTE)

    Exec Addr    Load Addr    Size         Type   Attr      Idx    E Section Name        Object

    0x80000400   0x80000400   0x00000000   Code   RO         5209  * .ARM.Collect$$$$00000000  mc_w.l(entry.o)
    0x80000400   0x80000400   0x00000004   Code   RO         5635    .ARM.Collect$$$$00000003  mc_w.l(entry4.o)
    0x80000404   0x80000404   0x00000004   Code   RO         5638    .ARM.Collect$$$$00000004  mc_w.l(entry5.o)
    0x80000408   0x80000408   0x00000000   Code   RO         5640    .ARM.Collect$$$$00000008  mc_w.l(entry7b.o)
    0x80000408   0x80000408   0x00000000   Code   RO         5642    .ARM.Collect$$$$0000000A  mc_w.l(entry8b.o)
    0x80000408   0x80000408   0x00000008   Code   RO         5643    .ARM.Collect$$$$0000000B  mc_w.l(entry9a.o)
    0x80000410   0x80000410   0x00000000   Code   RO         5645    .ARM.Collect$$$$0000000D  mc_w.l(entry10a.o)
    0x80000410   0x80000410   0x00000000   Code   RO         5647    .ARM.Collect$$$$0000000F  mc_w.l(entry11a.o)
    0x80000410   0x80000410   0x00000004   Code   RO         5636    .ARM.Collect$$$$00002714  mc_w.l(entry4.o)
    0x80000414   0x80000414   0x000001bc   Code   RO           87    .text               startup_mimxrt1052.o
    0x800005d0   0x800005d0   0x00000062   Code   RO         5224    .text               mc_w.l(uldiv.o)
    0x80000632   0x80000632   0x00000062   Code   RO         5226    .text               mc_w.l(ldiv.o)
    0x80000694   0x80000694   0x00000008   Code   RO         5228    .text               mc_w.l(ctype_o.o)
    0x8000069c   0x8000069c   0x00000040   Code   RO         5258    .text               mc_w.l(memmovea.o)
    0x800006dc   0x800006dc   0x00000024   Code   RO         5262    .text               mc_w.l(memseta.o)
    0x80000700   0x80000700   0x0000000e   Code   RO         5266    .text               mc_w.l(strlen.o)
    0x8000070e   0x8000070e   0x00000028   Code   RO         5573    .text               mf_w.l(dfltl.o)
    0x80000736   0x80000736   0x0000004a   Code   RO         5575    .text               mf_w.l(dfixl.o)
    0x80000780   0x80000780   0x0000002c   Code   RO         5663    .text               mc_w.l(uidiv.o)
    0x800007ac   0x800007ac   0x0000001e   Code   RO         5665    .text               mc_w.l(llshl.o)
    0x800007ca   0x800007ca   0x00000020   Code   RO         5667    .text               mc_w.l(llushr.o)
    0x800007ea   0x800007ea   0x00000000   Code   RO         5680    .text               mc_w.l(iusefp.o)
    0x800007ea   0x800007ea   0x0000003c   Code   RO         5681    .text               mf_w.l(frnd.o)
    0x80000826   0x80000826   0x000000ba   Code   RO         5683    .text               mf_w.l(depilogue.o)
    0x800008e0   0x800008e0   0x0000014e   Code   RO         5685    .text               mf_w.l(dadd.o)
    0x80000a2e   0x80000a2e   0x000000e4   Code   RO         5687    .text               mf_w.l(dmul.o)
    0x80000b12   0x80000b12   0x000000de   Code   RO         5689    .text               mf_w.l(ddiv.o)
    0x80000bf0   0x80000bf0   0x0000002e   Code   RO         5691    .text               mf_w.l(dscalb.o)
    0x80000c1e   0x80000c1e   0x00000030   Code   RO         5697    .text               mf_w.l(dfixul.o)
    0x80000c4e   0x80000c4e   0x00000002   PAD
    0x80000c50   0x80000c50   0x00000030   Code   RO         5701    .text               mf_w.l(cdrcmple.o)
    0x80000c80   0x80000c80   0x00000024   Code   RO         5705    .text               mc_w.l(init.o)
    0x80000ca4   0x80000ca4   0x00000000   Code   RO         5707    .text               mc_w.l(semi.o)
    0x80000ca4   0x80000ca4   0x00000024   Code   RO         5708    .text               mc_w.l(llsshr.o)
    0x80000cc8   0x80000cc8   0x00000000   Code   RO         5719    .text               mc_w.l(iusesemip.o)
    0x80000cc8   0x80000cc8   0x0000006e   Code   RO         5720    .text               mf_w.l(fepilogue.o)
    0x80000d36   0x80000d36   0x0000005e   Code   RO         5737    .text               mc_w.l(__dclz77c.o)
    0x80000d94   0x80000d94   0x000002ec   Code   RO         1620    i.BOARD_BootClockRUN  clock_config.o
    0x80001080   0x80001080   0x000001b0   Code   RO         1543    i.BOARD_ConfigMPU   board.o
    0x80001230   0x80001230   0x00000078   Code   RO         1544    i.BOARD_DebugConsoleSrcFreq  board.o
    0x800012a8   0x800012a8   0x0000001c   Code   RO         1545    i.BOARD_InitDebugConsole  board.o
    0x800012c4   0x800012c4   0x00000070   Code   RO         1672    i.BOARD_InitPins    pin_mux.o
    0x80001334   0x80001334   0x00000070   Code   RO          414    i.CLOCK_ControlGate  fsl_lpuart.o
    0x800013a4   0x800013a4   0x00000070   Code   RO          696    i.CLOCK_ControlGate  fsl_elcdif.o
    0x80001414   0x80001414   0x00000070   Code   RO          777    i.CLOCK_ControlGate  fsl_lpi2c.o
    0x80001484   0x80001484   0x00000078   Code   RO          359    i.CLOCK_EnableClock  fsl_gpio.o
    0x800014fc   0x800014fc   0x0000000e   Code   RO          698    i.CLOCK_EnableClock  fsl_elcdif.o
    0x8000150a   0x8000150a   0x0000000e   Code   RO          779    i.CLOCK_EnableClock  fsl_lpi2c.o
    0x80001518   0x80001518   0x00000078   Code   RO         1673    i.CLOCK_EnableClock  pin_mux.o
    0x80001590   0x80001590   0x00000020   Code   RO         1546    i.CLOCK_GetDiv      board.o
    0x800015b0   0x800015b0   0x00000174   Code   RO          111    i.CLOCK_GetFreq     fsl_clock.o
    0x80001724   0x80001724   0x00000020   Code   RO          112    i.CLOCK_GetOscFreq  fsl_clock.o
    0x80001744   0x80001744   0x000000c8   Code   RO          113    i.CLOCK_GetPeriphClkFreq  fsl_clock.o
    0x8000180c   0x8000180c   0x0000022c   Code   RO          114    i.CLOCK_GetPllFreq  fsl_clock.o
    0x80001a38   0x80001a38   0x0000006c   Code   RO          115    i.CLOCK_GetSysPfdFreq  fsl_clock.o
    0x80001aa4   0x80001aa4   0x0000006c   Code   RO          116    i.CLOCK_GetUsb1PfdFreq  fsl_clock.o
    0x80001b10   0x80001b10   0x00000024   Code   RO          117    i.CLOCK_InitArmPll  fsl_clock.o
    0x80001b34   0x80001b34   0x00000024   Code   RO          125    i.CLOCK_InitUsb1Pll  fsl_clock.o
    0x80001b58   0x80001b58   0x00000090   Code   RO          127    i.CLOCK_InitVideoPll  fsl_clock.o
    0x80001be8   0x80001be8   0x000000ac   Code   RO         1622    i.CLOCK_SetDiv      clock_config.o
    0x80001c94   0x80001c94   0x000000ac   Code   RO         1902    i.CLOCK_SetDiv      bsp_lcd.o
    0x80001d40   0x80001d40   0x00000070   Code   RO         2107    i.CLOCK_SetDiv      bsp_i2c_touch.o
    0x80001db0   0x80001db0   0x000000ac   Code   RO         1623    i.CLOCK_SetMux      clock_config.o
    0x80001e5c   0x80001e5c   0x000000ac   Code   RO         1903    i.CLOCK_SetMux      bsp_lcd.o
    0x80001f08   0x80001f08   0x000000ac   Code   RO         2108    i.CLOCK_SetMux      bsp_i2c_touch.o
    0x80001fb4   0x80001fb4   0x00000028   Code   RO         2391    i.CPU_TS_TmrInit    core_delay.o
    0x80001fdc   0x80001fdc   0x0000000c   Code   RO         2392    i.CPU_TS_TmrRd      core_delay.o
    0x80001fe8   0x80001fe8   0x00000058   Code   RO         2393    i.CPU_TS_Tmr_Delay_US  core_delay.o
    0x80002040   0x80002040   0x000001ae   Code   RO         1371    i.ConvertFloatRadixNumToString  fsl_str.o
    0x800021ee   0x800021ee   0x0000014c   Code   RO         1372    i.ConvertRadixNumToString  fsl_str.o
    0x8000233a   0x8000233a   0x00000002   PAD
    0x8000233c   0x8000233c   0x00000084   Code   RO         1275    i.DbgConsole_Init   fsl_debug_console.o
    0x800023c0   0x800023c0   0x00000040   Code   RO         1276    i.DbgConsole_Printf  fsl_debug_console.o
    0x80002400   0x80002400   0x0000003e   Code   RO         1278    i.DbgConsole_RelocateLog  fsl_debug_console.o
    0x8000243e   0x8000243e   0x00000002   PAD
    0x80002440   0x80002440   0x00000080   Code   RO          700    i.ELCDIF_GetInstance  fsl_elcdif.o
    0x800024c0   0x800024c0   0x00000042   Code   RO          701    i.ELCDIF_Reset      fsl_elcdif.o
    0x80002502   0x80002502   0x00000002   PAD
    0x80002504   0x80002504   0x00000140   Code   RO          703    i.ELCDIF_RgbModeInit  fsl_elcdif.o
    0x80002644   0x80002644   0x0000002c   Code   RO          780    i.EnableIRQ         fsl_lpi2c.o
    0x80002670   0x80002670   0x0000002c   Code   RO         2109    i.GPIO1_Combined_0_15_IRQHandler  bsp_i2c_touch.o
    0x8000269c   0x8000269c   0x00000078   Code   RO          360    i.GPIO_GetInstance  fsl_gpio.o
    0x80002714   0x80002714   0x00000060   Code   RO          361    i.GPIO_PinInit      fsl_gpio.o
    0x80002774   0x80002774   0x0000008a   Code   RO          362    i.GPIO_PinSetInterruptConfig  fsl_gpio.o
    0x800027fe   0x800027fe   0x00000002   PAD
    0x80002800   0x80002800   0x00000060   Code   RO          363    i.GPIO_PinWrite     fsl_gpio.o
    0x80002860   0x80002860   0x00000008   Code   RO         2110    i.GPIO_PortEnableInterrupts  bsp_i2c_touch.o
    0x80002868   0x80002868   0x00000130   Code   RO         2249    i.GTP_Get_Info      bsp_touch_gtxx.o
    0x80002998   0x80002998   0x00000060   Code   RO         2111    i.GTP_I2C_ModeInit  bsp_i2c_touch.o
    0x800029f8   0x800029f8   0x0000007c   Code   RO         2250    i.GTP_I2C_Read      bsp_touch_gtxx.o
    0x80002a74   0x80002a74   0x00000098   Code   RO         2252    i.GTP_I2C_Test      bsp_touch_gtxx.o
    0x80002b0c   0x80002b0c   0x00000064   Code   RO         2253    i.GTP_I2C_Write     bsp_touch_gtxx.o
    0x80002b70   0x80002b70   0x0000004c   Code   RO         2112    i.GTP_IRQDisable    bsp_i2c_touch.o
    0x80002bbc   0x80002bbc   0x00000054   Code   RO         2113    i.GTP_IRQEnable     bsp_i2c_touch.o
    0x80002c10   0x80002c10   0x00000008   Code   RO         2255    i.GTP_IRQ_Enable    bsp_touch_gtxx.o
    0x80002c18   0x80002c18   0x00000298   Code   RO         2256    i.GTP_Init_Panel    bsp_touch_gtxx.o
    0x80002eb0   0x80002eb0   0x000002ec   Code   RO         2257    i.GTP_Read_Version  bsp_touch_gtxx.o
    0x8000319c   0x8000319c   0x00000078   Code   RO         2114    i.GTP_ResetChip     bsp_i2c_touch.o
    0x80003214   0x80003214   0x0000000c   Code   RO         2260    i.GTP_TouchProcess  bsp_touch_gtxx.o
    0x80003220   0x80003220   0x00000002   Code   RO         2482    i.GUI_AddScreenArea  rh_gui.o
    0x80003222   0x80003222   0x00000002   Code   RO         2483    i.GUI_AsserParam    rh_gui.o
    0x80003224   0x80003224   0x00000012   Code   RO         2484    i.GUI_Delay         rh_gui.o
    0x80003236   0x80003236   0x00000006   Code   RO         2485    i.GUI_DrawArea      rh_gui.o
    0x8000323c   0x8000323c   0x00000002   Code   RO         2486    i.GUI_DummyDrawPixel  rh_gui.o
    0x8000323e   0x8000323e   0x00000002   PAD
    0x80003240   0x80003240   0x00000054   Code   RO         2487    i.GUI_Init          rh_gui.o
    0x80003294   0x80003294   0x000000a8   Code   RO         2490    i.GUI_RefreashScreenArea  rh_gui.o
    0x8000333c   0x8000333c   0x0000004c   Code   RO         2515    i.GUI_rect_fill     rh_gui.o
    0x80003388   0x80003388   0x0000004c   Code   RO         2517    i.GUI_rect_round    rh_gui.o
    0x800033d4   0x800033d4   0x0000000c   Code   RO         2519    i.GUI_set_penColor  rh_gui.o
    0x800033e0   0x800033e0   0x0000000c   Code   RO         2520    i.GUI_set_penSize   rh_gui.o
    0x800033ec   0x800033ec   0x000000c4   Code   RO         2265    i.Goodix_TS_Work_Func1  bsp_touch_gtxx.o
    0x800034b0   0x800034b0   0x00000070   Code   RO         2115    i.I2C_GTP_IOMUXC_MUX_Config  bsp_i2c_touch.o
    0x80003520   0x80003520   0x00000078   Code   RO         2116    i.I2C_GTP_IOMUXC_PAD_Config  bsp_i2c_touch.o
    0x80003598   0x80003598   0x00000010   Code   RO         2117    i.I2C_Master_Callback  bsp_i2c_touch.o
    0x800035a8   0x800035a8   0x00000084   Code   RO         2118    i.I2C_ReadBytes     bsp_i2c_touch.o
    0x8000362c   0x8000362c   0x00000040   Code   RO         2119    i.I2C_Timeout_Callback  bsp_i2c_touch.o
    0x8000366c   0x8000366c   0x00000020   Code   RO         2120    i.I2C_Touch_Init    bsp_i2c_touch.o
    0x8000368c   0x8000368c   0x0000007c   Code   RO         2266    i.I2C_Transfer      bsp_touch_gtxx.o
    0x80003708   0x80003708   0x00000084   Code   RO         2121    i.I2C_WriteBytes    bsp_i2c_touch.o
    0x8000378c   0x8000378c   0x0000000c   Code   RO         1674    i.IOMUXC_SetPinConfig  pin_mux.o
    0x80003798   0x80003798   0x0000000c   Code   RO         1850    i.IOMUXC_SetPinConfig  bsp_led.o
    0x800037a4   0x800037a4   0x0000000c   Code   RO         1904    i.IOMUXC_SetPinConfig  bsp_lcd.o
    0x800037b0   0x800037b0   0x0000000c   Code   RO         2122    i.IOMUXC_SetPinConfig  bsp_i2c_touch.o
    0x800037bc   0x800037bc   0x0000001a   Code   RO         1675    i.IOMUXC_SetPinMux  pin_mux.o
    0x800037d6   0x800037d6   0x0000001a   Code   RO         1851    i.IOMUXC_SetPinMux  bsp_led.o
    0x800037f0   0x800037f0   0x0000001a   Code   RO         1905    i.IOMUXC_SetPinMux  bsp_lcd.o
    0x8000380a   0x8000380a   0x0000001a   Code   RO         2123    i.IOMUXC_SetPinMux  bsp_i2c_touch.o
    0x80003824   0x80003824   0x000000b8   Code   RO         1494    i.IO_Init           fsl_io.o
    0x800038dc   0x800038dc   0x00000044   Code   RO         1495    i.IO_Transfer       fsl_io.o
    0x80003920   0x80003920   0x00000044   Code   RO         1906    i.LCDIF_IRQHandler  bsp_lcd.o
    0x80003964   0x80003964   0x0000001c   Code   RO         1907    i.LCD_BackLight_ON  bsp_lcd.o
    0x80003980   0x80003980   0x0000002c   Code   RO         1908    i.LCD_Clear         bsp_lcd.o
    0x800039ac   0x800039ac   0x00000030   Code   RO         1910    i.LCD_ELCDIF_Config  bsp_lcd.o
    0x800039dc   0x800039dc   0x00000200   Code   RO         1911    i.LCD_IOMUXC_MUX_Config  bsp_lcd.o
    0x80003bdc   0x80003bdc   0x0000022c   Code   RO         1912    i.LCD_IOMUXC_PAD_Config  bsp_lcd.o
    0x80003e08   0x80003e08   0x00000020   Code   RO         1913    i.LCD_Init          bsp_lcd.o
    0x80003e28   0x80003e28   0x0000003c   Code   RO         1914    i.LCD_InitClock     bsp_lcd.o
    0x80003e64   0x80003e64   0x00000040   Code   RO         1915    i.LCD_InterruptConfig  bsp_lcd.o
    0x80003ea4   0x80003ea4   0x00000010   Code   RO         1852    i.LED_GPIO_Config   bsp_led.o
    0x80003eb4   0x80003eb4   0x00000040   Code   RO         1853    i.LED_GPIO_Mode_Config  bsp_led.o
    0x80003ef4   0x80003ef4   0x00000068   Code   RO         1854    i.LED_IOMUXC_MUX_Config  bsp_led.o
    0x80003f5c   0x80003f5c   0x00000068   Code   RO         1855    i.LED_IOMUXC_PAD_Config  bsp_led.o
    0x80003fc4   0x80003fc4   0x00000024   Code   RO         1426    i.LOG_Init          fsl_log.o
    0x80003fe8   0x80003fe8   0x00000022   Code   RO         1427    i.LOG_Pop           fsl_log.o
    0x8000400a   0x8000400a   0x00000002   PAD
    0x8000400c   0x8000400c   0x00000054   Code   RO         1428    i.LOG_Push          fsl_log.o
    0x80004060   0x80004060   0x00000010   Code   RO          781    i.LPI2C1_DriverIRQHandler  fsl_lpi2c.o
    0x80004070   0x80004070   0x00000010   Code   RO          782    i.LPI2C2_DriverIRQHandler  fsl_lpi2c.o
    0x80004080   0x80004080   0x00000010   Code   RO          783    i.LPI2C3_DriverIRQHandler  fsl_lpi2c.o
    0x80004090   0x80004090   0x00000022   Code   RO          784    i.LPI2C_CheckForBusyBus  fsl_lpi2c.o
    0x800040b2   0x800040b2   0x00000002   PAD
    0x800040b4   0x800040b4   0x00000054   Code   RO          785    i.LPI2C_CommonIRQHandler  fsl_lpi2c.o
    0x80004108   0x80004108   0x00000040   Code   RO          786    i.LPI2C_GetCyclesForWidth  fsl_lpi2c.o
    0x80004148   0x80004148   0x00000058   Code   RO          787    i.LPI2C_GetInstance  fsl_lpi2c.o
    0x800041a0   0x800041a0   0x000000c2   Code   RO          788    i.LPI2C_InitTransferStateMachine  fsl_lpi2c.o
    0x80004262   0x80004262   0x00000002   PAD
    0x80004264   0x80004264   0x00000090   Code   RO          789    i.LPI2C_MasterCheckAndClearError  fsl_lpi2c.o
    0x800042f4   0x800042f4   0x00000004   Code   RO          790    i.LPI2C_MasterClearStatusFlags  fsl_lpi2c.o
    0x800042f8   0x800042f8   0x00000008   Code   RO          793    i.LPI2C_MasterDisableInterrupts  fsl_lpi2c.o
    0x80004300   0x80004300   0x0000000a   Code   RO          794    i.LPI2C_MasterEnable  fsl_lpi2c.o
    0x8000430a   0x8000430a   0x00000008   Code   RO          795    i.LPI2C_MasterEnableInterrupts  fsl_lpi2c.o
    0x80004312   0x80004312   0x00000002   PAD
    0x80004314   0x80004314   0x00000030   Code   RO          796    i.LPI2C_MasterGetDefaultConfig  fsl_lpi2c.o
    0x80004344   0x80004344   0x00000016   Code   RO          797    i.LPI2C_MasterGetFifoCounts  fsl_lpi2c.o
    0x8000435a   0x8000435a   0x00000006   Code   RO          798    i.LPI2C_MasterGetStatusFlags  fsl_lpi2c.o
    0x80004360   0x80004360   0x00000138   Code   RO          799    i.LPI2C_MasterInit  fsl_lpi2c.o
    0x80004498   0x80004498   0x0000000a   Code   RO          801    i.LPI2C_MasterReset  fsl_lpi2c.o
    0x800044a2   0x800044a2   0x00000002   PAD
    0x800044a4   0x800044a4   0x00000124   Code   RO          803    i.LPI2C_MasterSetBaudRate  fsl_lpi2c.o
    0x800045c8   0x800045c8   0x00000090   Code   RO          808    i.LPI2C_MasterTransferCreateHandle  fsl_lpi2c.o
    0x80004658   0x80004658   0x00000046   Code   RO          810    i.LPI2C_MasterTransferHandleIRQ  fsl_lpi2c.o
    0x8000469e   0x8000469e   0x00000002   PAD
    0x800046a0   0x800046a0   0x00000108   Code   RO          811    i.LPI2C_MasterTransferNonBlocking  fsl_lpi2c.o
    0x800047a8   0x800047a8   0x000001a4   Code   RO          813    i.LPI2C_RunTransferStateMachine  fsl_lpi2c.o
    0x8000494c   0x8000494c   0x0000001c   Code   RO          415    i.LPUART1_DriverIRQHandler  fsl_lpuart.o
    0x80004968   0x80004968   0x0000001c   Code   RO          416    i.LPUART2_DriverIRQHandler  fsl_lpuart.o
    0x80004984   0x80004984   0x0000001c   Code   RO          417    i.LPUART3_DriverIRQHandler  fsl_lpuart.o
    0x800049a0   0x800049a0   0x0000001c   Code   RO          418    i.LPUART4_DriverIRQHandler  fsl_lpuart.o
    0x800049bc   0x800049bc   0x0000001c   Code   RO          419    i.LPUART5_DriverIRQHandler  fsl_lpuart.o
    0x800049d8   0x800049d8   0x0000001c   Code   RO          420    i.LPUART6_DriverIRQHandler  fsl_lpuart.o
    0x800049f4   0x800049f4   0x0000001c   Code   RO          421    i.LPUART7_DriverIRQHandler  fsl_lpuart.o
    0x80004a10   0x80004a10   0x0000001c   Code   RO          422    i.LPUART8_DriverIRQHandler  fsl_lpuart.o
    0x80004a2c   0x80004a2c   0x00000058   Code   RO          423    i.LPUART_ClearStatusFlags  fsl_lpuart.o
    0x80004a84   0x80004a84   0x00000068   Code   RO          427    i.LPUART_GetDefaultConfig  fsl_lpuart.o
    0x80004aec   0x80004aec   0x00000080   Code   RO          429    i.LPUART_GetInstance  fsl_lpuart.o
    0x80004b6c   0x80004b6c   0x00000010   Code   RO          430    i.LPUART_GetStatusFlags  fsl_lpuart.o
    0x80004b7c   0x80004b7c   0x000002f0   Code   RO          431    i.LPUART_Init       fsl_lpuart.o
    0x80004e6c   0x80004e6c   0x00000100   Code   RO          432    i.LPUART_ReadBlocking  fsl_lpuart.o
    0x80004f6c   0x80004f6c   0x00000064   Code   RO          448    i.LPUART_WriteBlocking  fsl_lpuart.o
    0x80004fd0   0x80004fd0   0x000000a0   Code   RO         1547    i.SCB_DisableDCache  board.o
    0x80005070   0x80005070   0x0000009c   Code   RO            6    i.SCB_EnableDCache  system_mimxrt1052.o
    0x8000510c   0x8000510c   0x0000009c   Code   RO         1548    i.SCB_EnableDCache  board.o
    0x800051a8   0x800051a8   0x0000007c   Code   RO            7    i.SCB_EnableICache  system_mimxrt1052.o
    0x80005224   0x80005224   0x0000007c   Code   RO         1549    i.SCB_EnableICache  board.o
    0x800052a0   0x800052a0   0x00000628   Code   RO         1374    i.StrFormatPrintf   fsl_str.o
    0x800058c8   0x800058c8   0x00000054   Code   RO         2047    i.SysTick_Config    bsp_systick.o
    0x8000591c   0x8000591c   0x0000004c   Code   RO         2050    i.SysTick_Handler   bsp_systick.o
    0x80005968   0x80005968   0x00000020   Code   RO         2051    i.SysTick_Init      bsp_systick.o
    0x80005988   0x80005988   0x000000b4   Code   RO            9    i.SystemInit        system_mimxrt1052.o
    0x80005a3c   0x80005a3c   0x00000002   Code   RO           10    i.SystemInitHook    system_mimxrt1052.o
    0x80005a3e   0x80005a3e   0x00000002   PAD
    0x80005a40   0x80005a40   0x00000020   Code   RO         5515    i.__0printf         mc_w.l(printfa.o)
    0x80005a60   0x80005a60   0x00000030   Code   RO         5516    i.__0snprintf       mc_w.l(printfa.o)
    0x80005a90   0x80005a90   0x00000030   Code   RO         5600    i.__ARM_fpclassify  m_wv.l(fpclassify.o)
    0x80005ac0   0x80005ac0   0x0000005c   Code   RO         4159    i.__ApplyPixel_cpblur  rh_graphic.o
    0x80005b1c   0x80005b1c   0x000000a0   Code   RO         4160    i.__ApplyPixel_eor  rh_graphic.o
    0x80005bbc   0x80005bbc   0x00000090   Code   RO         4161    i.__ApplyPixel_fill  rh_graphic.o
    0x80005c4c   0x80005c4c   0x00000184   Code   RO         4162    i.__ApplyPixel_lightness  rh_graphic.o
    0x80005dd0   0x80005dd0   0x00000098   Code   RO         4163    i.__ApplyPixel_mark  rh_graphic.o
    0x80005e68   0x80005e68   0x000000e8   Code   RO         4164    i.__ApplyPixel_reverse  rh_graphic.o
    0x80005f50   0x80005f50   0x00000098   Code   RO         4165    i.__ApplyPixel_unmark  rh_graphic.o
    0x80005fe8   0x80005fe8   0x000000a4   Code   RO         4166    i.__ApplyPixel_unzero  rh_graphic.o
    0x8000608c   0x8000608c   0x000000f8   Code   RO         2955    i.__Font_init       rh_font.o
    0x80006184   0x80006184   0x000001dc   Code   RO         4170    i.__Graph_circle_qrt1_fill  rh_graphic.o
    0x80006360   0x80006360   0x000001dc   Code   RO         4172    i.__Graph_circle_qrt2_fill  rh_graphic.o
    0x8000653c   0x8000653c   0x000001dc   Code   RO         4174    i.__Graph_circle_qrt3_fill  rh_graphic.o
    0x80006718   0x80006718   0x000001e4   Code   RO         4176    i.__Graph_circle_qrt4_fill  rh_graphic.o
    0x800068fc   0x800068fc   0x0000002c   Code   RO         4183    i.__Graph_init      rh_graphic.o
    0x80006928   0x80006928   0x00000210   Code   RO         4191    i.__Graph_rect_fill  rh_graphic.o
    0x80006b38   0x80006b38   0x00000208   Code   RO         4193    i.__Graph_rect_round  rh_graphic.o
    0x80006d40   0x80006d40   0x0000000c   Code   RO         4199    i.__Graph_set_penColor  rh_graphic.o
    0x80006d4c   0x80006d4c   0x00000010   Code   RO         4200    i.__Graph_set_penSize  rh_graphic.o
    0x80006d5c   0x80006d5c   0x00000008   Code   RO         3879    i.__HashFunc        rh_data.o
    0x80006d64   0x80006d64   0x0000007c   Code   RO         3880    i.__Hash_createMap  rh_data.o
    0x80006de0   0x80006de0   0x00000088   Code   RO         3882    i.__Hash_get        rh_data.o
    0x80006e68   0x80006e68   0x000000bc   Code   RO         3883    i.__Hash_pair       rh_data.o
    0x80006f24   0x80006f24   0x0000002c   Code   RO         4617    i.__RH_Debug_free   rh_lib.o
    0x80006f50   0x80006f50   0x000000a4   Code   RO         4618    i.__RH_Debug_malloc  rh_lib.o
    0x80006ff4   0x80006ff4   0x000000e4   Code   RO         4619    i.__RH_Debug_print_memory_info  rh_lib.o
    0x800070d8   0x800070d8   0x0000004c   Code   RO         3904    i.__Stack_createBase  rh_data.o
    0x80007124   0x80007124   0x00000044   Code   RO         1109    i.__aeabi_assert    fsl_assert.o
    0x80007168   0x80007168   0x00000050   Code   RO         5543    i.__free$2region    mc_w.l(malloc2.o)
    0x800071b8   0x800071b8   0x000000f0   Code   RO         5065    i.__hardfp_ceil     m_wv.l(ceil.o)
    0x800072a8   0x800072a8   0x000000f0   Code   RO         5109    i.__hardfp_floor    m_wv.l(floor.o)
    0x80007398   0x80007398   0x000000c0   Code   RO         5127    i.__hardfp_modf     m_wv.l(modf.o)
    0x80007458   0x80007458   0x000008f8   Code   RO         5133    i.__hardfp_pow      m_wv.l(pow.o)
    0x80007d50   0x80007d50   0x000000a0   Code   RO         5197    i.__hardfp_roundf   m_wv.l(roundf.o)
    0x80007df0   0x80007df0   0x00000066   Code   RO         5171    i.__hardfp_sqrt     m_wv.l(sqrt.o)
    0x80007e56   0x80007e56   0x00000070   Code   RO         5618    i.__kernel_poly     m_wv.l(poly.o)
    0x80007ec6   0x80007ec6   0x00000002   PAD
    0x80007ec8   0x80007ec8   0x0000006c   Code   RO         5544    i.__malloc$2region  mc_w.l(malloc2.o)
    0x80007f34   0x80007f34   0x00000004   PAD
    0x80007f38   0x80007f38   0x00000020   Code   RO         5580    i.__mathlib_dbl_divzero  m_wv.l(dunder.o)
    0x80007f58   0x80007f58   0x00000006   Code   RO         5582    i.__mathlib_dbl_infnan2  m_wv.l(dunder.o)
    0x80007f5e   0x80007f5e   0x00000002   PAD
    0x80007f60   0x80007f60   0x00000018   Code   RO         5583    i.__mathlib_dbl_invalid  m_wv.l(dunder.o)
    0x80007f78   0x80007f78   0x00000018   Code   RO         5584    i.__mathlib_dbl_overflow  m_wv.l(dunder.o)
    0x80007f90   0x80007f90   0x00000018   Code   RO         5586    i.__mathlib_dbl_underflow  m_wv.l(dunder.o)
    0x80007fa8   0x80007fa8   0x00000068   Code   RO         4629    i.__memgrab_Area    rh_lib.o
    0x80008010   0x80008010   0x0000000e   Code   RO         5731    i.__scatterload_copy  mc_w.l(handlers.o)
    0x8000801e   0x8000801e   0x00000002   Code   RO         5732    i.__scatterload_null  mc_w.l(handlers.o)
    0x80008020   0x80008020   0x0000000e   Code   RO         5733    i.__scatterload_zeroinit  mc_w.l(handlers.o)
    0x8000802e   0x8000802e   0x00000002   PAD
    0x80008030   0x80008030   0x0000000c   Code   RO         5673    i.__set_errno       mc_w.l(errno.o)
    0x8000803c   0x8000803c   0x00000184   Code   RO         5522    i._fp_digits        mc_w.l(printfa.o)
    0x800081c0   0x800081c0   0x000006dc   Code   RO         5523    i._printf_core      mc_w.l(printfa.o)
    0x8000889c   0x8000889c   0x00000024   Code   RO         5524    i._printf_post_padding  mc_w.l(printfa.o)
    0x800088c0   0x800088c0   0x0000002e   Code   RO         5525    i._printf_pre_padding  mc_w.l(printfa.o)
    0x800088ee   0x800088ee   0x00000016   Code   RO         5526    i._snputc           mc_w.l(printfa.o)
    0x80008904   0x80008904   0x00000018   Code   RO         5596    i.fabs              m_wv.l(fabs.o)
    0x8000891c   0x8000891c   0x00000012   Code   RO         5660    i.fputc             mc_w.l(fputc.o)
    0x8000892e   0x8000892e   0x00000002   PAD
    0x80008930   0x80008930   0x000000d0   Code   RO         1722    i.main              main.o
    0x80008a00   0x80008a00   0x00000074   Code   RO         2960    i.rhtt_GetCodepointBitmapBox  rh_font.o
    0x80008a74   0x80008a74   0x00000080   Code   RO         2961    i.rhtt_GetCodepointHMetrics  rh_font.o
    0x80008af4   0x80008af4   0x0000006c   Code   RO         2962    i.rhtt_GetFontVMetrics  rh_font.o
    0x80008b60   0x80008b60   0x00000054   Code   RO         2963    i.rhtt_InitFont     rh_font.o
    0x80008bb4   0x80008bb4   0x00000130   Code   RO         2964    i.rhtt_MakeCodepointBitmap  rh_font.o
    0x80008ce4   0x80008ce4   0x0000006c   Code   RO         2965    i.rhtt_ScaleForPixelHeight  rh_font.o
    0x80008d50   0x80008d50   0x0000006a   Code   RO         5173    i.sqrt              m_wv.l(sqrt.o)
    0x80008dba   0x80008dba   0x00000002   PAD
    0x80008dbc   0x80008dbc   0x000002c8   Code   RO         2972    i.stbtt_FindGlyphIndex  rh_font.o
    0x80009084   0x80009084   0x00000310   Code   RO         2976    i.stbtt_FlattenCurves  rh_font.o
    0x80009394   0x80009394   0x00000048   Code   RO         2982    i.stbtt_GetCodepointBitmapBox  rh_font.o
    0x800093dc   0x800093dc   0x00000052   Code   RO         2983    i.stbtt_GetCodepointBitmapBoxSubpixel  rh_font.o
    0x8000942e   0x8000942e   0x00000026   Code   RO         2986    i.stbtt_GetCodepointHMetrics  rh_font.o
    0x80009454   0x80009454   0x00000042   Code   RO         2995    i.stbtt_GetFontVMetrics  rh_font.o
    0x80009496   0x80009496   0x00000102   Code   RO         2999    i.stbtt_GetGlyphBitmapBoxSubpixel  rh_font.o
    0x80009598   0x80009598   0x00000086   Code   RO         3001    i.stbtt_GetGlyphBox  rh_font.o
    0x8000961e   0x8000961e   0x00000086   Code   RO         3002    i.stbtt_GetGlyphHMetrics  rh_font.o
    0x800096a4   0x800096a4   0x00000024   Code   RO         3006    i.stbtt_GetGlyphShape  rh_font.o
    0x800096c8   0x800096c8   0x00000014   Code   RO         3013    i.stbtt_InitFont    rh_font.o
    0x800096dc   0x800096dc   0x00000334   Code   RO         3014    i.stbtt_InitFont_internal  rh_font.o
    0x80009a10   0x80009a10   0x00000048   Code   RO         3016    i.stbtt_MakeCodepointBitmap  rh_font.o
    0x80009a58   0x80009a58   0x00000052   Code   RO         3017    i.stbtt_MakeCodepointBitmapSubpixel  rh_font.o
    0x80009aaa   0x80009aaa   0x00000002   PAD
    0x80009aac   0x80009aac   0x000000a0   Code   RO         3020    i.stbtt_MakeGlyphBitmapSubpixel  rh_font.o
    0x80009b4c   0x80009b4c   0x00000094   Code   RO         3031    i.stbtt_Rasterize   rh_font.o
    0x80009be0   0x80009be0   0x0000003a   Code   RO         3033    i.stbtt_ScaleForPixelHeight  rh_font.o
    0x80009c1a   0x80009c1a   0x00000002   PAD
    0x80009c1c   0x80009c1c   0x000000c8   Code   RO         3036    i.stbtt__GetGlyfOffset  rh_font.o
    0x80009ce4   0x80009ce4   0x00000070   Code   RO         3039    i.stbtt__GetGlyphInfoT2  rh_font.o
    0x80009d54   0x80009d54   0x000000c4   Code   RO         3041    i.stbtt__GetGlyphShapeT2  rh_font.o
    0x80009e18   0x80009e18   0x00000744   Code   RO         3042    i.stbtt__GetGlyphShapeTT  rh_font.o
    0x8000a55c   0x8000a55c   0x00000018   Code   RO         3043    i.stbtt__add_point  rh_font.o
    0x8000a574   0x8000a574   0x00000070   Code   RO         3044    i.stbtt__buf_get    rh_font.o
    0x8000a5e4   0x8000a5e4   0x0000001a   Code   RO         3045    i.stbtt__buf_get8   rh_font.o
    0x8000a5fe   0x8000a5fe   0x00000016   Code   RO         3046    i.stbtt__buf_peek8  rh_font.o
    0x8000a614   0x8000a614   0x00000048   Code   RO         3047    i.stbtt__buf_range  rh_font.o
    0x8000a65c   0x8000a65c   0x0000006c   Code   RO         3048    i.stbtt__buf_seek   rh_font.o
    0x8000a6c8   0x8000a6c8   0x00000012   Code   RO         3049    i.stbtt__buf_skip   rh_font.o
    0x8000a6da   0x8000a6da   0x00000002   PAD
    0x8000a6dc   0x8000a6dc   0x000000a8   Code   RO         3050    i.stbtt__cff_get_index  rh_font.o
    0x8000a784   0x8000a784   0x00000016   Code   RO         3051    i.stbtt__cff_index_count  rh_font.o
    0x8000a79a   0x8000a79a   0x00000002   PAD
    0x8000a79c   0x8000a79c   0x000000d8   Code   RO         3052    i.stbtt__cff_index_get  rh_font.o
    0x8000a874   0x8000a874   0x0000009c   Code   RO         3053    i.stbtt__cff_int    rh_font.o
    0x8000a910   0x8000a910   0x00000084   Code   RO         3054    i.stbtt__cff_skip_operand  rh_font.o
    0x8000a994   0x8000a994   0x000000c8   Code   RO         3055    i.stbtt__cid_get_glyph_subrs  rh_font.o
    0x8000aa5c   0x8000aa5c   0x0000009a   Code   RO         3056    i.stbtt__close_shape  rh_font.o
    0x8000aaf6   0x8000aaf6   0x00000054   Code   RO         3058    i.stbtt__csctx_close_shape  rh_font.o
    0x8000ab4a   0x8000ab4a   0x00000096   Code   RO         3059    i.stbtt__csctx_rccurve_to  rh_font.o
    0x8000abe0   0x8000abe0   0x00000058   Code   RO         3060    i.stbtt__csctx_rline_to  rh_font.o
    0x8000ac38   0x8000ac38   0x00000066   Code   RO         3061    i.stbtt__csctx_rmove_to  rh_font.o
    0x8000ac9e   0x8000ac9e   0x00000084   Code   RO         3062    i.stbtt__csctx_v    rh_font.o
    0x8000ad22   0x8000ad22   0x00000072   Code   RO         3064    i.stbtt__dict_get   rh_font.o
    0x8000ad94   0x8000ad94   0x00000036   Code   RO         3065    i.stbtt__dict_get_ints  rh_font.o
    0x8000adca   0x8000adca   0x00000002   PAD
    0x8000adcc   0x8000adcc   0x000006fe   Code   RO         3066    i.stbtt__fill_active_edges_new  rh_font.o
    0x8000b4ca   0x8000b4ca   0x00000064   Code   RO         3067    i.stbtt__find_table  rh_font.o
    0x8000b52e   0x8000b52e   0x00000052   Code   RO         3068    i.stbtt__get_subr   rh_font.o
    0x8000b580   0x8000b580   0x00000078   Code   RO         3069    i.stbtt__get_subrs  rh_font.o
    0x8000b5f8   0x8000b5f8   0x000003b4   Code   RO         3072    i.stbtt__handle_clipped_edge  rh_font.o
    0x8000b9ac   0x8000b9ac   0x00000062   Code   RO         3073    i.stbtt__hheap_alloc  rh_font.o
    0x8000ba0e   0x8000ba0e   0x00000020   Code   RO         3074    i.stbtt__hheap_cleanup  rh_font.o
    0x8000ba2e   0x8000ba2e   0x00000008   Code   RO         3075    i.stbtt__hheap_free  rh_font.o
    0x8000ba36   0x8000ba36   0x00000002   PAD
    0x8000ba38   0x8000ba38   0x00000100   Code   RO         3079    i.stbtt__new_active  rh_font.o
    0x8000bb38   0x8000bb38   0x00000064   Code   RO         3080    i.stbtt__new_buf    rh_font.o
    0x8000bb9c   0x8000bb9c   0x000001da   Code   RO         3082    i.stbtt__rasterize  rh_font.o
    0x8000bd76   0x8000bd76   0x00000002   PAD
    0x8000bd78   0x8000bd78   0x0000029c   Code   RO         3083    i.stbtt__rasterize_sorted_edges  rh_font.o
    0x8000c014   0x8000c014   0x000008d4   Code   RO         3085    i.stbtt__run_charstring  rh_font.o
    0x8000c8e8   0x8000c8e8   0x00000018   Code   RO         3087    i.stbtt__sort_edges  rh_font.o
    0x8000c900   0x8000c900   0x00000094   Code   RO         3088    i.stbtt__sort_edges_ins_sort  rh_font.o
    0x8000c994   0x8000c994   0x000001c0   Code   RO         3089    i.stbtt__sort_edges_quicksort  rh_font.o
    0x8000cb54   0x8000cb54   0x00000266   Code   RO         3090    i.stbtt__tesselate_cubic  rh_font.o
    0x8000cdba   0x8000cdba   0x0000013a   Code   RO         3091    i.stbtt__tesselate_curve  rh_font.o
    0x8000cef4   0x8000cef4   0x00000036   Code   RO         3092    i.stbtt__track_vertex  rh_font.o
    0x8000cf2a   0x8000cf2a   0x0000001a   Code   RO         3094    i.stbtt_setvertex   rh_font.o
    0x8000cf44   0x8000cf44   0x0000000e   Code   RO         3096    i.ttSHORT           rh_font.o
    0x8000cf52   0x8000cf52   0x00000018   Code   RO         3097    i.ttULONG           rh_font.o
    0x8000cf6a   0x8000cf6a   0x0000000e   Code   RO         3098    i.ttUSHORT          rh_font.o
    0x8000cf78   0x8000cf78   0x00000010   Data   RO          129    .constdata          fsl_clock.o
    0x8000cf88   0x8000cf88   0x00000024   Data   RO          364    .constdata          fsl_gpio.o
    0x8000cfac   0x8000cfac   0x00000048   Data   RO          451    .constdata          fsl_lpuart.o
    0x8000cff4   0x8000cff4   0x00000008   Data   RO          706    .constdata          fsl_elcdif.o
    0x8000cffc   0x8000cffc   0x00000028   Data   RO          830    .constdata          fsl_lpi2c.o
    0x8000d024   0x8000d024   0x00000011   Data   RO         1624    .constdata          clock_config.o
    0x8000d035   0x8000d035   0x00000003   PAD
    0x8000d038   0x8000d038   0x00000006   Data   RO         1723    .constdata          main.o
    0x8000d03e   0x8000d03e   0x00000002   PAD
    0x8000d040   0x8000d040   0x00000027   Data   RO         1919    .constdata          bsp_lcd.o
    0x8000d067   0x8000d067   0x00000001   PAD
    0x8000d068   0x8000d068   0x00000003   Data   RO         2125    .constdata          bsp_i2c_touch.o
    0x8000d06b   0x8000d06b   0x00000001   PAD
    0x8000d06c   0x8000d06c   0x0000046c   Data   RO         2268    .constdata          bsp_touch_gtxx.o
    0x8000d4d8   0x8000d4d8   0x00000080   Data   RO         3100    .constdata          rh_font.o
    0x8000d558   0x8000d558   0x00000540   Data   RO         3818    .constdata          rh_font_arialroundedbold.o
    0x8000da98   0x8000da98   0x00000024   Data   RO         4202    .constdata          rh_graphic.o
    0x8000dabc   0x8000dabc   0x00000004   PAD
    0x8000dac0   0x8000dac0   0x00000088   Data   RO         5136    .constdata          m_wv.l(pow.o)
    0x8000db48   0x8000db48   0x00000081   Data   RO         5229    .constdata          mc_w.l(ctype_o.o)
    0x8000dbc9   0x8000dbc9   0x00000003   PAD
    0x8000dbcc   0x8000dbcc   0x00000004   Data   RO         5230    .constdata          mc_w.l(ctype_o.o)
    0x8000dbd0   0x8000dbd0   0x00000008   Data   RO         5620    .constdata          m_wv.l(qnan.o)
    0x8000dbd8   0x8000dbd8   0x000000a1   Data   RO         2269    .conststring        bsp_touch_gtxx.o
    0x8000dc79   0x8000dc79   0x00000003   PAD
    0x8000dc7c   0x8000dc7c   0x00000030   Data   RO         5729    Region$$Table       anon$$obj.o


    Execution Region RW_m_ncache (Exec base: 0x81c00000, Load base: 0x80016848, Size: 0x00177000, Max: 0x00400000, ABSOLUTE)

    Exec Addr    Load Addr    Size         Type   Attr      Idx    E Section Name        Object

    0x81c00000        -       0x00177000   Zero   RW         1921    NonCacheable        bsp_lcd.o


==============================================================================

Image component sizes


      Code (inc. data)   RO Data    RW Data    ZI Data      Debug   Object Name

      1052        108          0          0          0      53945   board.o
      1358        240          3          2         56      69804   bsp_i2c_touch.o
      1794        228         39         16    1536000      25252   bsp_lcd.o
       326         20          0          0          0       3318   bsp_led.o
       192         32          0         12          0      37158   bsp_systick.o
      2432        516       1293         30         42      17941   bsp_touch_gtxx.o
      1092        306         17          0          0      13263   clock_config.o
       140         22          0          0          0       1670   core_delay.o
        68         44          0          0          0        661   fsl_assert.o
      1592        132         16          8          0    1369687   fsl_clock.o
       258         94          0          0          0       3558   fsl_debug_console.o
       640        246          8         40          0       7979   fsl_elcdif.o
       570        180         36          0          0      16447   fsl_gpio.o
       252         58          0          8          0       7276   fsl_io.o
       154         52          0          0          0       3388   fsl_log.o
      2444        432         40          8         32      40919   fsl_lpi2c.o
      1780        576         72          4         36      65126   fsl_lpuart.o
      2338          0          0          0          0       5690   fsl_str.o
       208         14          6          0          0       4519   main.o
       270         60          0          0          0      71253   pin_mux.o
       532        206          0          0          0       4939   rh_data.o
     17910       1630        128         57        352      79123   rh_font.o
         0          0       1344      49296          0       5485   rh_font_arialroundedbold.o
      4516        792         36         45          0      19261   rh_graphic.o
       458         76          0         28         25      19576   rh_gui.o
       540        170          0         28          0       5267   rh_lib.o
       444        210       1024          0          0       3108   startup_mimxrt1052.o
       462         38          0          4          0    1391195   system_mimxrt1052.o

    ----------------------------------------------------------------------
     43860       6482       4124      49592    1538592    3346808   Object Totals
         0          0         48          0       2048          0   (incl. Generated)
        38          0         14          6          1          0   (incl. Padding)

    ----------------------------------------------------------------------

      Code (inc. data)   RO Data    RW Data    ZI Data      Debug   Library Member Name

       240         26          0          0          0        132   ceil.o
       110         60          0          0          0        580   dunder.o
        24          0          0          0          0        124   fabs.o
       240         26          0          0          0        132   floor.o
        48          0          0          0          0        124   fpclassify.o
       192          6          0          0          0        176   modf.o
       112          0          0          0          0        116   poly.o
      2296        304        136          0          0        320   pow.o
         0          0          8          0          0          0   qnan.o
       160          6          0          0          0        140   roundf.o
       208          0          0          0          0        280   sqrt.o
        94          0          0          0          0          0   __dclz77c.o
         8          4        133          0          0         68   ctype_o.o
         0          0          0          0          0          0   entry.o
         0          0          0          0          0          0   entry10a.o
         0          0          0          0          0          0   entry11a.o
         8          4          0          0          0          0   entry4.o
         4          0          0          0          0          0   entry5.o
         0          0          0          0          0          0   entry7b.o
         0          0          0          0          0          0   entry8b.o
         8          4          0          0          0          0   entry9a.o
        12          6          0          4          0         68   errno.o
        18          0          0          0          0         80   fputc.o
        30          0          0          0          0          0   handlers.o
        36          8          0          0          0         68   init.o
         0          0          0          0          0          0   iusefp.o
         0          0          0          0          0          0   iusesemip.o
        98          0          0          0          0         84   ldiv.o
        30          0          0          0          0         68   llshl.o
        36          0          0          0          0         68   llsshr.o
        32          0          0          0          0         68   llushr.o
       188         20          0          0          0        160   malloc2.o
        64          0          0          0          0         76   memmovea.o
        36          0          0          0          0        108   memseta.o
         0          0          0          8          0          0   mvars.o
      2328         94          0          0          0        604   printfa.o
         0          0          0          0          0          0   semi.o
         0          0          0          4          0          0   stdout.o
        14          0          0          0          0         68   strlen.o
        44          0          0          0          0         80   uidiv.o
        98          0          0          0          0         92   uldiv.o
        48          0          0          0          0         68   cdrcmple.o
       334          0          0          0          0        148   dadd.o
       222          0          0          0          0        100   ddiv.o
       186          0          0          0          0        176   depilogue.o
        74          0          0          0          0         80   dfixl.o
        48          0          0          0          0         68   dfixul.o
        40          0          0          0          0         80   dfltl.o
       228          0          0          0          0         96   dmul.o
        46          0          0          0          0         80   dscalb.o
       110          0          0          0          0        168   fepilogue.o
        60          0          0          0          0         76   frnd.o

    ----------------------------------------------------------------------
      8228        572        280         16          0       5024   Library Totals
        16          4          3          0          0          0   (incl. Padding)

    ----------------------------------------------------------------------

      Code (inc. data)   RO Data    RW Data    ZI Data      Debug   Library Name

      3630        428        144          0          0       2124   m_wv.l
      3186        140        133         16          0       1760   mc_w.l
      1396          0          0          0          0       1140   mf_w.l

    ----------------------------------------------------------------------
      8228        572        280         16          0       5024   Library Totals

    ----------------------------------------------------------------------

==============================================================================


      Code (inc. data)   RO Data    RW Data    ZI Data      Debug   

     52088       7054       4404      49608    1538592    3324308   Grand Totals
     52088       7054       4404      35740    1538592    3324308   ELF Image Totals (compressed)
     52088       7054       4404      35740          0          0   ROM Totals

==============================================================================

    Total RO  Size (Code + RO Data)                56492 (  55.17kB)
    Total RW  Size (RW Data + ZI Data)           1588200 (1550.98kB)
    Total ROM Size (Code + RO Data + RW Data)      92232 (  90.07kB)

==============================================================================

