<html>
<body>
<pre>
<h1>µVision Build Log</h1>
<h2>Tool Versions:</h2>
IDE-Version: ¦ÌVision V5.25.3.0
Copyright (C) 2018 ARM Ltd and ARM Germany GmbH. All rights reserved.
License Information: QIU Randle_H, SUES, LIC=03C9U-SSP4G-63VMB-2PY3S-L02QY-12NVT
 
Tool Versions:
Toolchain:       MDK-ARM Plus  Version: 5.27.0.0
Toolchain Path:  C:\Keil_v5\ARM\ARMCC\Bin
C Compiler:      Armcc.exe V5.06 update 6 (build 750)
Assembler:       Armasm.exe V5.06 update 6 (build 750)
Linker/Locator:  ArmLink.exe V5.06 update 6 (build 750)
Library Manager: ArmAr.exe V5.06 update 6 (build 750)
Hex Converter:   FromElf.exe V5.06 update 6 (build 750)
CPU DLL:         SARMCM3.DLL V5.27.0.0
Dialog DLL:      DARMSTM.DLL V1.68.0.0
Target DLL:      STLink\ST-LINKIII-KEIL_SWO.dll V3.0.5.0
Dialog DLL:      TARMSTM.DLL V1.66.0.0
 
<h2>Project:</h2>
C:\Users\asus\Desktop\Glucoo\RUN_stm32f103c8t6\MDK\Project.uvprojx
Project File Date:  05/10/2021

<h2>Output:</h2>
*** Using Compiler 'V5.06 update 6 (build 750)', folder: 'C:\Keil_v5\ARM\ARMCC\Bin'
Build target 'Randle_H'
compiling isr.c...
..\User\src\isr.c(18): warning:  #144-D: a value of type "uint8_t *" cannot be used to initialize an entity of type "const char *"
  	const char* FILE = file;
..\User\src\isr.c(18): warning:  #177-D: variable "FILE"  was declared but never referenced
  	const char* FILE = file;
..\User\src\isr.c(19): warning:  #177-D: variable "LINE"  was declared but never referenced
  	uint32_t    LINE = line;
..\User\src\isr.c: 3 warnings, 0 errors
compiling misc.c...
compiling GLU_api.c...
compiling main.c...
compiling stm32f10x_rcc.c...
compiling stm32f10x_flash.c...
compiling stm32f10x_adc.c...
compiling stm32f10x_gpio.c...
compiling stm32f10x_bkp.c...
compiling stm32f10x_exti.c...
compiling stm32f10x_dma.c...
compiling stm32f10x_fsmc.c...
compiling stm32f10x_pwr.c...
compiling stm32f10x_rtc.c...
compiling stm32f10x_iwdg.c...
compiling stm32f10x_i2c.c...
compiling stm32f10x_sdio.c...
compiling stm32f10x_wwdg.c...
compiling stm32f10x_usart.c...
assembling startup_stm32f10x_hd.s...
compiling system_stm32f10x.c...
compiling core_cm3.c...
compiling stm32f10x_tim.c...
compiling led.c...
compiling ssd1306.c...
compiling joystick.c...
compiling beeper.c...
compiling GLU_draw.c...
compiling GLU_glucoo.c...
compiling GLU_window.c...
compiling GLU_object.c...
..\..\core\Glucoo\object\GLU_object.c(469): warning:  #177-D: variable "color_switch_off"  was declared but never referenced
      __PixelUnit_t color_switch_off = {.data = (config->bk_color==0x00)?0x00:0xff};
..\..\core\Glucoo\object\GLU_object.c: 1 warning, 0 errors
compiling GLU_menu.c...
compiling GLU_font_ArialRoundedBold.c...
compiling GLU_font_CourierNew.c...
compiling BLK_data.c...
compiling GLU_font_CourierNewBold.c...
compiling BLK_dsp.c...
compiling GLU_font.c...
compiling BLK_image.c...
compiling BLK_graphic.c...
compiling BLK_math.c...
compiling BLK_lib.c...
compiling BLK_time.c...
compiling BLK_utility.c...
linking...
Program Size: Code=23232 RO-data=2008 RW-data=136 ZI-data=6664  
FromELF: creating hex file...
".\Obj\Project.axf" - 0 Error(s), 4 Warning(s).

<h2>Software Packages used:</h2>

Package Vendor: Keil
                http://www.keil.com/pack/Keil.STM32F1xx_DFP.2.3.0.pack
                Keil.STM32F1xx_DFP.2.3.0
                STMicroelectronics STM32F1 Series Device Support, Drivers and Examples

<h2>Collection of Component include folders:</h2>
  .\RTE\_Randle_H
  C:\Keil_v5\ARM\PACK\Keil\STM32F1xx_DFP\2.3.0\Device\Include

<h2>Collection of Component Files used:</h2>
Build Time Elapsed:  00:00:12
</pre>
</body>
</html>
